Component: ARM Compiler 5.05 update 1 (build 106) Tool: armlink [4d0efa]

==============================================================================

Section Cross References

    system_stm32l0xx.o(i.SystemCoreClockUpdate) refers to uidiv.o(.text) for __aeabi_uidivmod
    system_stm32l0xx.o(i.SystemCoreClockUpdate) refers to system_stm32l0xx.o(.data) for .data
    system_stm32l0xx.o(i.SystemCoreClockUpdate) refers to system_stm32l0xx.o(.constdata) for .constdata
    stm32l0xx_hal_rcc_ex.o(i.HAL_RCCEx_GetPeriphCLKFreq) refers to stm32l0xx_hal_rcc.o(i.HAL_RCC_GetPCLK2Freq) for HAL_RCC_GetPCLK2Freq
    stm32l0xx_hal_rcc_ex.o(i.HAL_RCCEx_GetPeriphCLKFreq) refers to stm32l0xx_hal_rcc.o(i.HAL_RCC_GetSysClockFreq) for HAL_RCC_GetSysClockFreq
    stm32l0xx_hal_rcc_ex.o(i.HAL_RCCEx_GetPeriphCLKFreq) refers to stm32l0xx_hal_rcc.o(i.HAL_RCC_GetPCLK1Freq) for HAL_RCC_GetPCLK1Freq
    stm32l0xx_hal_rcc_ex.o(i.HAL_RCCEx_LSECSS_IRQHandler) refers to stm32l0xx_hal_rcc_ex.o(i.HAL_RCCEx_LSECSS_Callback) for HAL_RCCEx_LSECSS_Callback
    stm32l0xx_hal_rcc_ex.o(i.HAL_RCCEx_PeriphCLKConfig) refers to stm32l0xx_hal.o(i.HAL_GetTick) for HAL_GetTick
    stm32l0xx_hal_rtc_ex.o(i.HAL_RTCEx_DeactivateRefClock) refers to stm32l0xx_hal_rtc.o(i.RTC_EnterInitMode) for RTC_EnterInitMode
    stm32l0xx_hal_rtc_ex.o(i.HAL_RTCEx_DeactivateWakeUpTimer) refers to stm32l0xx_hal.o(i.HAL_GetTick) for HAL_GetTick
    stm32l0xx_hal_rtc_ex.o(i.HAL_RTCEx_GetTimeStamp) refers to stm32l0xx_hal_rtc.o(i.RTC_Bcd2ToByte) for RTC_Bcd2ToByte
    stm32l0xx_hal_rtc_ex.o(i.HAL_RTCEx_PollForAlarmBEvent) refers to stm32l0xx_hal.o(i.HAL_GetTick) for HAL_GetTick
    stm32l0xx_hal_rtc_ex.o(i.HAL_RTCEx_PollForTamper1Event) refers to stm32l0xx_hal.o(i.HAL_GetTick) for HAL_GetTick
    stm32l0xx_hal_rtc_ex.o(i.HAL_RTCEx_PollForTamper2Event) refers to stm32l0xx_hal.o(i.HAL_GetTick) for HAL_GetTick
    stm32l0xx_hal_rtc_ex.o(i.HAL_RTCEx_PollForTamper3Event) refers to stm32l0xx_hal.o(i.HAL_GetTick) for HAL_GetTick
    stm32l0xx_hal_rtc_ex.o(i.HAL_RTCEx_PollForTimeStampEvent) refers to stm32l0xx_hal.o(i.HAL_GetTick) for HAL_GetTick
    stm32l0xx_hal_rtc_ex.o(i.HAL_RTCEx_PollForWakeUpTimerEvent) refers to stm32l0xx_hal.o(i.HAL_GetTick) for HAL_GetTick
    stm32l0xx_hal_rtc_ex.o(i.HAL_RTCEx_SetRefClock) refers to stm32l0xx_hal_rtc.o(i.RTC_EnterInitMode) for RTC_EnterInitMode
    stm32l0xx_hal_rtc_ex.o(i.HAL_RTCEx_SetSmoothCalib) refers to stm32l0xx_hal.o(i.HAL_GetTick) for HAL_GetTick
    stm32l0xx_hal_rtc_ex.o(i.HAL_RTCEx_SetSynchroShift) refers to stm32l0xx_hal.o(i.HAL_GetTick) for HAL_GetTick
    stm32l0xx_hal_rtc_ex.o(i.HAL_RTCEx_SetSynchroShift) refers to stm32l0xx_hal_rtc.o(i.HAL_RTC_WaitForSynchro) for HAL_RTC_WaitForSynchro
    stm32l0xx_hal_rtc_ex.o(i.HAL_RTCEx_SetWakeUpTimer) refers to stm32l0xx_hal.o(i.HAL_GetTick) for HAL_GetTick
    stm32l0xx_hal_rtc_ex.o(i.HAL_RTCEx_SetWakeUpTimer_IT) refers to stm32l0xx_hal.o(i.HAL_GetTick) for HAL_GetTick
    stm32l0xx_hal_rtc_ex.o(i.HAL_RTCEx_TamperTimeStampIRQHandler) refers to stm32l0xx_hal_rtc_ex.o(i.HAL_RTCEx_TimeStampEventCallback) for HAL_RTCEx_TimeStampEventCallback
    stm32l0xx_hal_rtc_ex.o(i.HAL_RTCEx_TamperTimeStampIRQHandler) refers to stm32l0xx_hal_rtc_ex.o(i.HAL_RTCEx_Tamper1EventCallback) for HAL_RTCEx_Tamper1EventCallback
    stm32l0xx_hal_rtc_ex.o(i.HAL_RTCEx_TamperTimeStampIRQHandler) refers to stm32l0xx_hal_rtc_ex.o(i.HAL_RTCEx_Tamper2EventCallback) for HAL_RTCEx_Tamper2EventCallback
    stm32l0xx_hal_rtc_ex.o(i.HAL_RTCEx_TamperTimeStampIRQHandler) refers to stm32l0xx_hal_rtc_ex.o(i.HAL_RTCEx_Tamper3EventCallback) for HAL_RTCEx_Tamper3EventCallback
    stm32l0xx_hal_rtc_ex.o(i.HAL_RTCEx_WakeUpTimerIRQHandler) refers to stm32l0xx_hal_rtc_ex.o(i.HAL_RTCEx_WakeUpTimerEventCallback) for HAL_RTCEx_WakeUpTimerEventCallback
    stm32l0xx_hal_wwdg.o(i.HAL_WWDG_DeInit) refers to stm32l0xx_hal_msp.o(i.HAL_WWDG_MspDeInit) for HAL_WWDG_MspDeInit
    stm32l0xx_hal_wwdg.o(i.HAL_WWDG_IRQHandler) refers to stm32l0xx_hal_wwdg.o(i.HAL_WWDG_WakeupCallback) for HAL_WWDG_WakeupCallback
    stm32l0xx_hal_wwdg.o(i.HAL_WWDG_Init) refers to stm32l0xx_hal_msp.o(i.HAL_WWDG_MspInit) for HAL_WWDG_MspInit
    stm32l0xx_hal_gpio.o(i.HAL_GPIO_EXTI_IRQHandler) refers to stm32l0xx_hal_gpio.o(i.HAL_GPIO_EXTI_Callback) for HAL_GPIO_EXTI_Callback
    stm32l0xx_hal_dma.o(i.HAL_DMA_Abort) refers to stm32l0xx_hal.o(i.HAL_GetTick) for HAL_GetTick
    stm32l0xx_hal_dma.o(i.HAL_DMA_PollForTransfer) refers to stm32l0xx_hal.o(i.HAL_GetTick) for HAL_GetTick
    stm32l0xx_hal_dma.o(i.HAL_DMA_Start) refers to stm32l0xx_hal_dma.o(i.DMA_SetConfig) for DMA_SetConfig
    stm32l0xx_hal_dma.o(i.HAL_DMA_Start_IT) refers to stm32l0xx_hal_dma.o(i.DMA_SetConfig) for DMA_SetConfig
    stm32l0xx_hal_adc_ex.o(i.HAL_ADCEx_Calibration_Start) refers to stm32l0xx_hal.o(i.HAL_GetTick) for HAL_GetTick
    stm32l0xx_hal_adc_ex.o(i.HAL_ADCEx_EnableVREFINT) refers to stm32l0xx_hal.o(i.HAL_GetTick) for HAL_GetTick
[...]
    Removing stm32l0xx_hal_spi.o(i.SPI_WaitOnFlagUntilTimeout), (178 bytes).
    Removing stm32l0xx_hal.o(.rev16_text), (4 bytes).
    Removing stm32l0xx_hal.o(.revsh_text), (4 bytes).
    Removing stm32l0xx_hal.o(i.HAL_DBGMCU_DBG_DisableLowPowerConfig), (16 bytes).
    Removing stm32l0xx_hal.o(i.HAL_DBGMCU_DBG_EnableLowPowerConfig), (16 bytes).
    Removing stm32l0xx_hal.o(i.HAL_DBGMCU_DisableDBGSleepMode), (16 bytes).
    Removing stm32l0xx_hal.o(i.HAL_DBGMCU_DisableDBGStandbyMode), (16 bytes).
    Removing stm32l0xx_hal.o(i.HAL_DBGMCU_DisableDBGStopMode), (16 bytes).
    Removing stm32l0xx_hal.o(i.HAL_DBGMCU_EnableDBGSleepMode), (16 bytes).
    Removing stm32l0xx_hal.o(i.HAL_DBGMCU_EnableDBGStandbyMode), (16 bytes).
    Removing stm32l0xx_hal.o(i.HAL_DBGMCU_EnableDBGStopMode), (16 bytes).
    Removing stm32l0xx_hal.o(i.HAL_DeInit), (40 bytes).
    Removing stm32l0xx_hal.o(i.HAL_Delay), (22 bytes).
    Removing stm32l0xx_hal.o(i.HAL_GetDEVID), (16 bytes).
    Removing stm32l0xx_hal.o(i.HAL_GetHalVersion), (8 bytes).
    Removing stm32l0xx_hal.o(i.HAL_GetREVID), (12 bytes).
    Removing stm32l0xx_hal.o(i.HAL_MspDeInit), (2 bytes).
    Removing stm32l0xx_hal.o(i.HAL_MspInit), (2 bytes).
    Removing stm32l0xx_hal.o(i.HAL_ResumeTick), (16 bytes).
    Removing stm32l0xx_hal.o(i.HAL_SYSCFG_Disable_Lock_VREFINT), (16 bytes).
    Removing stm32l0xx_hal.o(i.HAL_SYSCFG_Enable_Lock_VREFINT), (16 bytes).
    Removing stm32l0xx_hal.o(i.HAL_SYSCFG_GetBootMode), (16 bytes).
    Removing stm32l0xx_hal.o(i.HAL_SYSCFG_VREFINT_OutputSelect), (24 bytes).
    Removing stm32l0xx_hal.o(i.HAL_SuspendTick), (16 bytes).
    Removing stm32l0xx_hal_tim_ex.o(.rev16_text), (4 bytes).
    Removing stm32l0xx_hal_tim_ex.o(.revsh_text), (4 bytes).
    Removing stm32l0xx_hal_tim_ex.o(i.HAL_TIMEx_RemapConfig), (30 bytes).
    Removing stm32l0xx_hal_pwr_ex.o(.rev16_text), (4 bytes).
    Removing stm32l0xx_hal_pwr_ex.o(.revsh_text), (4 bytes).
    Removing stm32l0xx_hal_pwr_ex.o(i.HAL_PWREx_DisableFastWakeUp), (16 bytes).
    Removing stm32l0xx_hal_pwr_ex.o(i.HAL_PWREx_DisableLowPowerRunMode), (76 bytes).
    Removing stm32l0xx_hal_pwr_ex.o(i.HAL_PWREx_DisableUltraLowPower), (16 bytes).
    Removing stm32l0xx_hal_pwr_ex.o(i.HAL_PWREx_EnableFastWakeUp), (16 bytes).
    Removing stm32l0xx_hal_pwr_ex.o(i.HAL_PWREx_EnableLowPowerRunMode), (24 bytes).
    Removing stm32l0xx_hal_pwr_ex.o(i.HAL_PWREx_EnableUltraLowPower), (16 bytes).
    Removing stm32l0xx_hal_flash_ex.o(.rev16_text), (4 bytes).
    Removing stm32l0xx_hal_flash_ex.o(.revsh_text), (4 bytes).
    Removing stm32l0xx_hal_flash_ex.o(i.FLASH_OB_PCROPSelectionConfig), (56 bytes).
    Removing stm32l0xx_hal_flash_ex.o(i.FLASH_OB_ProtectedSectorsConfig), (144 bytes).
    Removing stm32l0xx_hal_flash_ex.o(i.HAL_FLASHEx_AdvOBGetConfig), (40 bytes).
    Removing stm32l0xx_hal_flash_ex.o(i.HAL_FLASHEx_AdvOBProgram), (92 bytes).
    Removing stm32l0xx_hal_flash_ex.o(i.HAL_FLASHEx_DATAEEPROM_DisableFixedTimeProgram), (16 bytes).
    Removing stm32l0xx_hal_flash_ex.o(i.HAL_FLASHEx_DATAEEPROM_EnableFixedTimeProgram), (16 bytes).
    Removing stm32l0xx_hal_flash_ex.o(i.HAL_FLASHEx_DATAEEPROM_Erase), (40 bytes).
    Removing stm32l0xx_hal_flash_ex.o(i.HAL_FLASHEx_DATAEEPROM_Lock), (20 bytes).
    Removing stm32l0xx_hal_flash_ex.o(i.HAL_FLASHEx_DATAEEPROM_Program), (84 bytes).
    Removing stm32l0xx_hal_flash_ex.o(i.HAL_FLASHEx_DATAEEPROM_Unlock), (36 bytes).
    Removing stm32l0xx_hal_flash_ex.o(i.HAL_FLASHEx_Erase), (120 bytes).
    Removing stm32l0xx_hal_flash_ex.o(i.HAL_FLASHEx_Erase_IT), (88 bytes).
    Removing stm32l0xx_hal_flash_ex.o(i.HAL_FLASHEx_OBGetConfig), (52 bytes).
    Removing stm32l0xx_hal_flash_ex.o(i.HAL_FLASHEx_OBProgram), (284 bytes).
    Removing stm32l0xx_hal_flash_ex.o(i.HAL_FLASHEx_OB_DeSelectPCROP), (10 bytes).
    Removing stm32l0xx_hal_flash_ex.o(i.HAL_FLASHEx_OB_SelectPCROP), (10 bytes).
    Removing stm32l0xx_hal_adc.o(.rev16_text), (4 bytes).
    Removing stm32l0xx_hal_adc.o(.revsh_text), (4 bytes).
    Removing stm32l0xx_hal_adc.o(i.ADC_DMAConvCplt), (108 bytes).
    Removing stm32l0xx_hal_adc.o(i.ADC_DMAError), (26 bytes).
    Removing stm32l0xx_hal_adc.o(i.ADC_DMAHalfConvCplt), (10 bytes).
    Removing stm32l0xx_hal_adc.o(i.HAL_ADC_AnalogWDGConfig), (156 bytes).
    Removing stm32l0xx_hal_adc.o(i.HAL_ADC_ConvCpltCallback), (2 bytes).
    Removing stm32l0xx_hal_adc.o(i.HAL_ADC_ConvHalfCpltCallback), (2 bytes).
    Removing stm32l0xx_hal_adc.o(i.HAL_ADC_DeInit), (180 bytes).
    Removing stm32l0xx_hal_adc.o(i.HAL_ADC_ErrorCallback), (2 bytes).
    Removing stm32l0xx_hal_adc.o(i.HAL_ADC_GetError), (4 bytes).
    Removing stm32l0xx_hal_adc.o(i.HAL_ADC_GetState), (4 bytes).
    Removing stm32l0xx_hal_adc.o(i.HAL_ADC_IRQHandler), (208 bytes).
    Removing stm32l0xx_hal_adc.o(i.HAL_ADC_LevelOutOfWindowCallback), (2 bytes).
    Removing stm32l0xx_hal_adc.o(i.HAL_ADC_MspDeInit), (2 bytes).
    Removing stm32l0xx_hal_adc.o(i.HAL_ADC_MspInit), (2 bytes).
    Removing stm32l0xx_hal_adc.o(i.HAL_ADC_PollForEvent), (116 bytes).
    Removing stm32l0xx_hal_adc.o(i.HAL_ADC_Start_DMA), (160 bytes).
    Removing stm32l0xx_hal_adc.o(i.HAL_ADC_Start_IT), (124 bytes).
    Removing stm32l0xx_hal_adc.o(i.HAL_ADC_Stop_DMA), (112 bytes).
    Removing stm32l0xx_hal_adc.o(i.HAL_ADC_Stop_IT), (72 bytes).
    Removing stm32l0xx_hal_rcc.o(.rev16_text), (4 bytes).
    Removing stm32l0xx_hal_rcc.o(.revsh_text), (4 bytes).
    Removing stm32l0xx_hal_rcc.o(i.HAL_RCC_CSSCallback), (2 bytes).
    Removing stm32l0xx_hal_rcc.o(i.HAL_RCC_DeInit), (68 bytes).
    Removing stm32l0xx_hal_rcc.o(i.HAL_RCC_EnableCSS), (20 bytes).
    Removing stm32l0xx_hal_rcc.o(i.HAL_RCC_GetClockConfig), (64 bytes).
    Removing stm32l0xx_hal_rcc.o(i.HAL_RCC_GetOscConfig), (180 bytes).
    Removing stm32l0xx_hal_rcc.o(i.HAL_RCC_MCOConfig), (136 bytes).
    Removing stm32l0xx_hal_rcc.o(i.HAL_RCC_NMI_IRQHandler), (24 bytes).
    Removing stm32l0xx_hal_flash.o(.rev16_text), (4 bytes).
    Removing stm32l0xx_hal_flash.o(.revsh_text), (4 bytes).
    Removing stm32l0xx_hal_flash.o(i.FLASH_ErasePage), (40 bytes).
    Removing stm32l0xx_hal_flash.o(i.FLASH_SetErrorCode), (120 bytes).
    Removing stm32l0xx_hal_flash.o(i.FLASH_WaitForLastOperation), (128 bytes).
    Removing stm32l0xx_hal_flash.o(i.HAL_FLASH_EndOfOperationCallback), (2 bytes).
    Removing stm32l0xx_hal_flash.o(i.HAL_FLASH_GetError), (12 bytes).
    Removing stm32l0xx_hal_flash.o(i.HAL_FLASH_IRQHandler), (204 bytes).
    Removing stm32l0xx_hal_flash.o(i.HAL_FLASH_Lock), (20 bytes).
    Removing stm32l0xx_hal_flash.o(i.HAL_FLASH_OB_Launch), (40 bytes).
    Removing stm32l0xx_hal_flash.o(i.HAL_FLASH_OB_Lock), (20 bytes).
    Removing stm32l0xx_hal_flash.o(i.HAL_FLASH_OB_Unlock), (60 bytes).
    Removing stm32l0xx_hal_flash.o(i.HAL_FLASH_OperationErrorCallback), (2 bytes).
    Removing stm32l0xx_hal_flash.o(i.HAL_FLASH_Program), (60 bytes).
    Removing stm32l0xx_hal_flash.o(i.HAL_FLASH_Program_IT), (88 bytes).
    Removing stm32l0xx_hal_flash.o(i.HAL_FLASH_Unlock), (60 bytes).
    Removing stm32l0xx_hal_flash.o(.bss), (24 bytes).
    Removing startup_stm32l071xx.o(HEAP), (512 bytes).
    Removing main.o(.rev16_text), (4 bytes).
    Removing main.o(.revsh_text), (4 bytes).
    Removing main.o(i.Error_Handler), (2 bytes).
    Removing main.o(i.TestSpiFlashID), (8 bytes).
    Removing main.o(.bss), (88 bytes).
    Removing stm32l0xx_hal_msp.o(.rev16_text), (4 bytes).
    Removing stm32l0xx_hal_msp.o(.revsh_text), (4 bytes).
    Removing stm32l0xx_hal_msp.o(i.HAL_ADC_MspDeInit), (40 bytes).
    Removing stm32l0xx_hal_msp.o(i.HAL_RTC_MspDeInit), (32 bytes).
    Removing stm32l0xx_hal_msp.o(i.HAL_RTC_MspInit), (32 bytes).
    Removing stm32l0xx_hal_msp.o(i.HAL_SPI_MspDeInit), (48 bytes).
    Removing stm32l0xx_hal_msp.o(i.HAL_SPI_MspInit), (68 bytes).
    Removing stm32l0xx_hal_msp.o(i.HAL_TIM_Base_MspDeInit), (28 bytes).
    Removing stm32l0xx_hal_msp.o(i.HAL_TIM_PWM_MspDeInit), (28 bytes).
    Removing stm32l0xx_hal_msp.o(i.HAL_UART_MspDeInit), (68 bytes).
    Removing stm32l0xx_hal_msp.o(i.HAL_WWDG_MspDeInit), (28 bytes).
    Removing stm32l0xx_it.o(.rev16_text), (4 bytes).
    Removing stm32l0xx_it.o(.revsh_text), (4 bytes).
    Removing spiflash.o(.rev16_text), (4 bytes).
    Removing spiflash.o(.revsh_text), (4 bytes).
    Removing spiflash.o(i.FLASH_CS_0), (20 bytes).
    Removing spiflash.o(i.FLASH_CS_1), (20 bytes).
    Removing spiflash.o(i.SPI_Read_Byte), (16 bytes).
    Removing spiflash.o(i.SPI_Write_Byte), (16 bytes).
    Removing spiflash.o(i.SPIx_ReadWriteByte), (48 bytes).
    Removing spiflash.o(i.W25X_Erase_Block), (54 bytes).
    Removing spiflash.o(i.W25X_Erase_Chip), (38 bytes).
    Removing spiflash.o(i.W25X_Erase_Sector), (54 bytes).
    Removing spiflash.o(i.W25X_GetChipID), (42 bytes).
    Removing spiflash.o(i.W25X_Read_Bytes), (68 bytes).
    Removing spiflash.o(i.W25X_Read_Sector), (64 bytes).
    Removing spiflash.o(i.W25X_Read_StatusReg), (26 bytes).
    Removing spiflash.o(i.W25X_Wait_Busy), (18 bytes).
    Removing spiflash.o(i.W25X_Write_Bytes), (64 bytes).
    Removing spiflash.o(i.W25X_Write_Disable), (18 bytes).
    Removing spiflash.o(i.W25X_Write_Enable), (18 bytes).
    Removing spiflash.o(i.W25X_Write_Sector), (76 bytes).
    Removing spiflash.o(i.W25X_Write_StatusReg), (26 bytes).
    Removing delay.o(.rev16_text), (4 bytes).
    Removing delay.o(.revsh_text), (4 bytes).
    Removing delay.o(i.delay_us), (36 bytes).
    Removing pwm_tim2.o(.rev16_text), (4 bytes).
    Removing pwm_tim2.o(.revsh_text), (4 bytes).
    Removing key.o(.rev16_text), (4 bytes).
    Removing key.o(.revsh_text), (4 bytes).
    Removing gpio_i2c.o(.rev16_text), (4 bytes).
    Removing gpio_i2c.o(.revsh_text), (4 bytes).
    Removing gpio_i2c.o(i.SCL_0), (16 bytes).
    Removing gpio_i2c.o(i.SCL_1), (16 bytes).
    Removing gpio_i2c.o(i.SDA_0), (16 bytes).
    Removing gpio_i2c.o(i.SDA_1), (16 bytes).
    Removing adc.o(.rev16_text), (4 bytes).
    Removing adc.o(.revsh_text), (4 bytes).
    Removing adc.o(i.ComputeTemperature), (44 bytes).
    Removing battery.o(.rev16_text), (4 bytes).
    Removing battery.o(.revsh_text), (4 bytes).
    Removing battery.o(i.BatDisplayLevel), (76 bytes).
    Removing battery.o(i.GetBatLevel), (40 bytes).
    Removing battery.o(i.GetBatVoltage), (36 bytes).
    Removing battery.o(i.GetDCVoltage), (36 bytes).
    Removing battery.o(.constdata), (268 bytes).
    Removing elec_sw.o(.rev16_text), (4 bytes).
    Removing elec_sw.o(.revsh_text), (4 bytes).
    Removing usart.o(.rev16_text), (4 bytes).
    Removing usart.o(.revsh_text), (4 bytes).
    Removing e_ink.o(.rev16_text), (4 bytes).
    Removing e_ink.o(.revsh_text), (4 bytes).
    Removing e_ink.o(i.E_INK_DeInit), (110 bytes).
    Removing e_ink.o(i.E_INK_Partial_Window), (88 bytes).
    Removing e_ink.o(i.E_INK_lut), (128 bytes).
    Removing e_ink.o(.constdata), (212 bytes).
    Removing test_seq.o(.rev16_text), (4 bytes).
    Removing test_seq.o(.revsh_text), (4 bytes).

561 unused section(s) (total 39000 bytes) removed from the image.

==============================================================================

Image Symbol Table

    Local Symbols

    Symbol Name                              Value     Ov Type        Size  Object(Section)

    ../Drivers/CMSIS/Device/ST/STM32L0xx/Source/Templates/system_stm32l0xx.c 0x00000000   Number         0  system_stm32l0xx.o ABSOLUTE
    ../Drivers/STM32L0xx_HAL_Driver/Src/stm32l0xx_hal.c 0x00000000   Number         0  stm32l0xx_hal.o ABSOLUTE
    ../Drivers/STM32L0xx_HAL_Driver/Src/stm32l0xx_hal_adc.c 0x00000000   Number         0  stm32l0xx_hal_adc.o ABSOLUTE
    ../Drivers/STM32L0xx_HAL_Driver/Src/stm32l0xx_hal_adc_ex.c 0x00000000   Number         0  stm32l0xx_hal_adc_ex.o ABSOLUTE
    ../Drivers/STM32L0xx_HAL_Driver/Src/stm32l0xx_hal_cortex.c 0x00000000   Number         0  stm32l0xx_hal_cortex.o ABSOLUTE
    ../Drivers/STM32L0xx_HAL_Driver/Src/stm32l0xx_hal_dma.c 0x00000000   Number         0  stm32l0xx_hal_dma.o ABSOLUTE
    ../Drivers/STM32L0xx_HAL_Driver/Src/stm32l0xx_hal_flash.c 0x00000000   Number         0  stm32l0xx_hal_flash.o ABSOLUTE
    ../Drivers/STM32L0xx_HAL_Driver/Src/stm32l0xx_hal_flash_ex.c 0x00000000   Number         0  stm32l0xx_hal_flash_ex.o ABSOLUTE
    ../Drivers/STM32L0xx_HAL_Driver/Src/stm32l0xx_hal_flash_ramfunc.c 0x00000000   Number         0  stm32l0xx_hal_flash_ramfunc.o ABSOLUTE
    ../Drivers/STM32L0xx_HAL_Driver/Src/stm32l0xx_hal_gpio.c 0x00000000   Number         0  stm32l0xx_hal_gpio.o ABSOLUTE
    ../Drivers/STM32L0xx_HAL_Driver/Src/stm32l0xx_hal_i2c.c 0x00000000   Number         0  stm32l0xx_hal_i2c.o ABSOLUTE
    ../Drivers/STM32L0xx_HAL_Driver/Src/stm32l0xx_hal_i2c_ex.c 0x00000000   Number         0  stm32l0xx_hal_i2c_ex.o ABSOLUTE
    ../Drivers/STM32L0xx_HAL_Driver/Src/stm32l0xx_hal_pwr.c 0x00000000   Number         0  stm32l0xx_hal_pwr.o ABSOLUTE
    ../Drivers/STM32L0xx_HAL_Driver/Src/stm32l0xx_hal_pwr_ex.c 0x00000000   Number         0  stm32l0xx_hal_pwr_ex.o ABSOLUTE
    ../Drivers/STM32L0xx_HAL_Driver/Src/stm32l0xx_hal_rcc.c 0x00000000   Number         0  stm32l0xx_hal_rcc.o ABSOLUTE
    ../Drivers/STM32L0xx_HAL_Driver/Src/stm32l0xx_hal_rcc_ex.c 0x00000000   Number         0  stm32l0xx_hal_rcc_ex.o ABSOLUTE
    ../Drivers/STM32L0xx_HAL_Driver/Src/stm32l0xx_hal_rtc.c 0x00000000   Number         0  stm32l0xx_hal_rtc.o ABSOLUTE
    ../Drivers/STM32L0xx_HAL_Driver/Src/stm32l0xx_hal_rtc_ex.c 0x00000000   Number         0  stm32l0xx_hal_rtc_ex.o ABSOLUTE
    ../Drivers/STM32L0xx_HAL_Driver/Src/stm32l0xx_hal_spi.c 0x00000000   Number         0  stm32l0xx_hal_spi.o ABSOLUTE
    ../Drivers/STM32L0xx_HAL_Driver/Src/stm32l0xx_hal_tim.c 0x00000000   Number         0  stm32l0xx_hal_tim.o ABSOLUTE
    ../Drivers/STM32L0xx_HAL_Driver/Src/stm32l0xx_hal_tim_ex.c 0x00000000   Number         0  stm32l0xx_hal_tim_ex.o ABSOLUTE
    ../Drivers/STM32L0xx_HAL_Driver/Src/stm32l0xx_hal_uart.c 0x00000000   Number         0  stm32l0xx_hal_uart.o ABSOLUTE
    ../Drivers/STM32L0xx_HAL_Driver/Src/stm32l0xx_hal_uart_ex.c 0x00000000   Number         0  stm32l0xx_hal_uart_ex.o ABSOLUTE
    ../Drivers/STM32L0xx_HAL_Driver/Src/stm32l0xx_hal_wwdg.c 0x00000000   Number         0  stm32l0xx_hal_wwdg.o ABSOLUTE
    ../Src/main.c                            0x00000000   Number         0  main.o ABSOLUTE
    ../Src/stm32l0xx_hal_msp.c               0x00000000   Number         0  stm32l0xx_hal_msp.o ABSOLUTE
    ../Src/stm32l0xx_it.c                    0x00000000   Number         0  stm32l0xx_it.o ABSOLUTE
    ../clib/microlib/division.c              0x00000000   Number         0  uidiv.o ABSOLUTE
    ../clib/microlib/division.c              0x00000000   Number         0  idiv.o ABSOLUTE
    ../clib/microlib/init/entry.s            0x00000000   Number         0  entry5.o ABSOLUTE
    ../clib/microlib/init/entry.s            0x00000000   Number         0  entry7a.o ABSOLUTE
    ../clib/microlib/init/entry.s            0x00000000   Number         0  entry8a.o ABSOLUTE
    ../clib/microlib/init/entry.s            0x00000000   Number         0  entry10a.o ABSOLUTE
    ../clib/microlib/init/entry.s            0x00000000   Number         0  entry7b.o ABSOLUTE
    ../clib/microlib/init/entry.s            0x00000000   Number         0  entry11b.o ABSOLUTE
    ../clib/microlib/init/entry.s            0x00000000   Number         0  entry11a.o ABSOLUTE
    ../clib/microlib/init/entry.s            0x00000000   Number         0  entry2.o ABSOLUTE
    ../clib/microlib/init/entry.s            0x00000000   Number         0  entry10b.o ABSOLUTE
    ../clib/microlib/init/entry.s            0x00000000   Number         0  entry9b.o ABSOLUTE
    ../clib/microlib/init/entry.s            0x00000000   Number         0  entry.o ABSOLUTE
    ../clib/microlib/init/entry.s            0x00000000   Number         0  entry9a.o ABSOLUTE
    ../clib/microlib/init/entry.s            0x00000000   Number         0  entry8b.o ABSOLUTE
    ../clib/microlib/longlong.c              0x00000000   Number         0  llshl.o ABSOLUTE
    ../clib/microlib/longlong.c              0x00000000   Number         0  llushr.o ABSOLUTE
    ../clib/microlib/longlong.c              0x00000000   Number         0  llsshr.o ABSOLUTE
    ../clib/microlib/stubs.s                 0x00000000   Number         0  iusefp.o ABSOLUTE
    ../fplib/microlib/fpadd.c                0x00000000   Number         0  dadd.o ABSOLUTE
    ../fplib/microlib/fpdiv.c                0x00000000   Number         0  ddiv.o ABSOLUTE
    ../fplib/microlib/fpepilogue.c           0x00000000   Number         0  depilogue.o ABSOLUTE
    ../fplib/microlib/fpfix.c                0x00000000   Number         0  dfixui.o ABSOLUTE
    ../fplib/microlib/fpflt.c                0x00000000   Number         0  dfltui.o ABSOLUTE
    ../fplib/microlib/fpflt.c                0x00000000   Number         0  dfltul.o ABSOLUTE
    ../fplib/microlib/fpscalb.c              0x00000000   Number         0  dscalb.o ABSOLUTE
    ..\Drivers\CMSIS\Device\ST\STM32L0xx\Source\Templates\system_stm32l0xx.c 0x00000000   Number         0  system_stm32l0xx.o ABSOLUTE
    ..\Drivers\STM32L0xx_HAL_Driver\Src\stm32l0xx_hal.c 0x00000000   Number         0  stm32l0xx_hal.o ABSOLUTE
    ..\Drivers\STM32L0xx_HAL_Driver\Src\stm32l0xx_hal_adc.c 0x00000000   Number         0  stm32l0xx_hal_adc.o ABSOLUTE
    ..\Drivers\STM32L0xx_HAL_Driver\Src\stm32l0xx_hal_adc_ex.c 0x00000000   Number         0  stm32l0xx_hal_adc_ex.o ABSOLUTE
    ..\Drivers\STM32L0xx_HAL_Driver\Src\stm32l0xx_hal_cortex.c 0x00000000   Number         0  stm32l0xx_hal_cortex.o ABSOLUTE
    ..\Drivers\STM32L0xx_HAL_Driver\Src\stm32l0xx_hal_dma.c 0x00000000   Number         0  stm32l0xx_hal_dma.o ABSOLUTE
    ..\Drivers\STM32L0xx_HAL_Driver\Src\stm32l0xx_hal_flash.c 0x00000000   Number         0  stm32l0xx_hal_flash.o ABSOLUTE
    ..\Drivers\STM32L0xx_HAL_Driver\Src\stm32l0xx_hal_flash_ex.c 0x00000000   Number         0  stm32l0xx_hal_flash_ex.o ABSOLUTE
    ..\Drivers\STM32L0xx_HAL_Driver\Src\stm32l0xx_hal_flash_ramfunc.c 0x00000000   Number         0  stm32l0xx_hal_flash_ramfunc.o ABSOLUTE
    ..\Drivers\STM32L0xx_HAL_Driver\Src\stm32l0xx_hal_gpio.c 0x00000000   Number         0  stm32l0xx_hal_gpio.o ABSOLUTE
    ..\Drivers\STM32L0xx_HAL_Driver\Src\stm32l0xx_hal_i2c.c 0x00000000   Number         0  stm32l0xx_hal_i2c.o ABSOLUTE
    ..\Drivers\STM32L0xx_HAL_Driver\Src\stm32l0xx_hal_i2c_ex.c 0x00000000   Number         0  stm32l0xx_hal_i2c_ex.o ABSOLUTE
    ..\Drivers\STM32L0xx_HAL_Driver\Src\stm32l0xx_hal_pwr.c 0x00000000   Number         0  stm32l0xx_hal_pwr.o ABSOLUTE
    ..\Drivers\STM32L0xx_HAL_Driver\Src\stm32l0xx_hal_pwr_ex.c 0x00000000   Number         0  stm32l0xx_hal_pwr_ex.o ABSOLUTE
    ..\Drivers\STM32L0xx_HAL_Driver\Src\stm32l0xx_hal_rcc.c 0x00000000   Number         0  stm32l0xx_hal_rcc.o ABSOLUTE
    ..\Drivers\STM32L0xx_HAL_Driver\Src\stm32l0xx_hal_rcc_ex.c 0x00000000   Number         0  stm32l0xx_hal_rcc_ex.o ABSOLUTE
    ..\Drivers\STM32L0xx_HAL_Driver\Src\stm32l0xx_hal_rtc.c 0x00000000   Number         0  stm32l0xx_hal_rtc.o ABSOLUTE
    ..\Drivers\STM32L0xx_HAL_Driver\Src\stm32l0xx_hal_rtc_ex.c 0x00000000   Number         0  stm32l0xx_hal_rtc_ex.o ABSOLUTE
    ..\Drivers\STM32L0xx_HAL_Driver\Src\stm32l0xx_hal_spi.c 0x00000000   Number         0  stm32l0xx_hal_spi.o ABSOLUTE
    ..\Drivers\STM32L0xx_HAL_Driver\Src\stm32l0xx_hal_tim.c 0x00000000   Number         0  stm32l0xx_hal_tim.o ABSOLUTE
    ..\Drivers\STM32L0xx_HAL_Driver\Src\stm32l0xx_hal_tim_ex.c 0x00000000   Number         0  stm32l0xx_hal_tim_ex.o ABSOLUTE
    ..\Drivers\STM32L0xx_HAL_Driver\Src\stm32l0xx_hal_uart.c 0x00000000   Number         0  stm32l0xx_hal_uart.o ABSOLUTE
    ..\Drivers\STM32L0xx_HAL_Driver\Src\stm32l0xx_hal_uart_ex.c 0x00000000   Number         0  stm32l0xx_hal_uart_ex.o ABSOLUTE
    ..\Drivers\STM32L0xx_HAL_Driver\Src\stm32l0xx_hal_wwdg.c 0x00000000   Number         0  stm32l0xx_hal_wwdg.o ABSOLUTE
    ..\Src\adc.c                             0x00000000   Number         0  adc.o ABSOLUTE
    ..\Src\ads1115.c                         0x00000000   Number         0  ads1115.o ABSOLUTE
    ..\Src\battery.c                         0x00000000   Number         0  battery.o ABSOLUTE
    ..\Src\cat9555.c                         0x00000000   Number         0  cat9555.o ABSOLUTE
    ..\Src\delay.c                           0x00000000   Number         0  delay.o ABSOLUTE
    ..\Src\e_ink.c                           0x00000000   Number         0  e_ink.o ABSOLUTE
    ..\Src\elec_sw.c                         0x00000000   Number         0  elec_sw.o ABSOLUTE
    ..\Src\gpio_i2c.c                        0x00000000   Number         0  gpio_i2c.o ABSOLUTE
    ..\Src\key.c                             0x00000000   Number         0  key.o ABSOLUTE
    ..\Src\main.c                            0x00000000   Number         0  main.o ABSOLUTE
    ..\Src\pwm_tim2.c                        0x00000000   Number         0  pwm_tim2.o ABSOLUTE
    ..\Src\spiflash.c                        0x00000000   Number         0  spiflash.o ABSOLUTE
    ..\Src\stm32l0xx_hal_msp.c               0x00000000   Number         0  stm32l0xx_hal_msp.o ABSOLUTE
    ..\Src\stm32l0xx_it.c                    0x00000000   Number         0  stm32l0xx_it.o ABSOLUTE
    ..\Src\test_seq.c                        0x00000000   Number         0  test_seq.o ABSOLUTE
    ..\Src\usart.c                           0x00000000   Number         0  usart.o ABSOLUTE
    ..\\Src\\adc.c                           0x00000000   Number         0  adc.o ABSOLUTE
    ..\\Src\\battery.c                       0x00000000   Number         0  battery.o ABSOLUTE
    ..\\Src\\delay.c                         0x00000000   Number         0  delay.o ABSOLUTE
    ..\\Src\\e_ink.c                         0x00000000   Number         0  e_ink.o ABSOLUTE
    ..\\Src\\elec_sw.c                       0x00000000   Number         0  elec_sw.o ABSOLUTE
    ..\\Src\\gpio_i2c.c                      0x00000000   Number         0  gpio_i2c.o ABSOLUTE
    ..\\Src\\key.c                           0x00000000   Number         0  key.o ABSOLUTE
    ..\\Src\\pwm_tim2.c                      0x00000000   Number         0  pwm_tim2.o ABSOLUTE
    ..\\Src\\spiflash.c                      0x00000000   Number         0  spiflash.o ABSOLUTE
    ..\\Src\\test_seq.c                      0x00000000   Number         0  test_seq.o ABSOLUTE
    ..\\Src\\usart.c                         0x00000000   Number         0  usart.o ABSOLUTE
    dc.s                                     0x00000000   Number         0  dc.o ABSOLUTE
    handlers.s                               0x00000000   Number         0  handlers.o ABSOLUTE
    init.s                                   0x00000000   Number         0  init.o ABSOLUTE
    startup_stm32l071xx.s                    0x00000000   Number         0  startup_stm32l071xx.o ABSOLUTE
    RESET                                    0x08000000   Section      192  startup_stm32l071xx.o(RESET)
    .ARM.Collect$$$$00000000                 0x080000c0   Section        0  entry.o(.ARM.Collect$$$$00000000)
    .ARM.Collect$$$$00000001                 0x080000c0   Section        4  entry2.o(.ARM.Collect$$$$00000001)
    .ARM.Collect$$$$00000004                 0x080000c4   Section        4  entry5.o(.ARM.Collect$$$$00000004)
    .ARM.Collect$$$$00000008                 0x080000c8   Section        0  entry7b.o(.ARM.Collect$$$$00000008)
    .ARM.Collect$$$$0000000A                 0x080000c8   Section        0  entry8b.o(.ARM.Collect$$$$0000000A)
    .ARM.Collect$$$$0000000B                 0x080000c8   Section        8  entry9a.o(.ARM.Collect$$$$0000000B)
    .ARM.Collect$$$$0000000D                 0x080000d0   Section        0  entry10a.o(.ARM.Collect$$$$0000000D)
    .ARM.Collect$$$$0000000F                 0x080000d0   Section        0  entry11a.o(.ARM.Collect$$$$0000000F)
    .ARM.Collect$$$$00002712                 0x080000d0   Section        4  entry2.o(.ARM.Collect$$$$00002712)
    __lit__00000000                          0x080000d0   Data           4  entry2.o(.ARM.Collect$$$$00002712)
    .text                                    0x080000d4   Section       28  startup_stm32l071xx.o(.text)
    .text                                    0x080000f0   Section        0  uidiv.o(.text)
    .text                                    0x0800011c   Section        0  idiv.o(.text)
    .text                                    0x08000144   Section        0  dadd.o(.text)
    .text                                    0x080002a8   Section        0  ddiv.o(.text)
    .text                                    0x08000398   Section        0  dscalb.o(.text)
    .text                                    0x080003c4   Section        0  dfltui.o(.text)
    .text                                    0x080003e0   Section        0  dfltul.o(.text)
    .text                                    0x080003fc   Section        0  dfixui.o(.text)
    .text                                    0x08000438   Section        0  llshl.o(.text)
    .text                                    0x08000458   Section        0  llushr.o(.text)
    .text                                    0x0800047a   Section        0  llsshr.o(.text)
    .text                                    0x080004a0   Section        0  iusefp.o(.text)
    .text                                    0x080004a0   Section        0  depilogue.o(.text)
    .text                                    0x08000560   Section       36  init.o(.text)
    i.ADC_ConversionStop                     0x08000584   Section        0  stm32l0xx_hal_adc.o(i.ADC_ConversionStop)
    ADC_ConversionStop                       0x08000585   Thumb Code    82  stm32l0xx_hal_adc.o(i.ADC_ConversionStop)
    i.ADC_DelayMicroSecond                   0x080005d8   Section        0  stm32l0xx_hal_adc.o(i.ADC_DelayMicroSecond)
    ADC_DelayMicroSecond                     0x080005d9   Thumb Code    28  stm32l0xx_hal_adc.o(i.ADC_DelayMicroSecond)
    i.ADC_Disable                            0x080005fc   Section        0  stm32l0xx_hal_adc.o(i.ADC_Disable)
    ADC_Disable                              0x080005fd   Thumb Code    96  stm32l0xx_hal_adc.o(i.ADC_Disable)
    i.ADC_Enable                             0x0800065c   Section        0  stm32l0xx_hal_adc.o(i.ADC_Enable)
    ADC_Enable                               0x0800065d   Thumb Code    96  stm32l0xx_hal_adc.o(i.ADC_Enable)
    i.ADC_Init                               0x080006c0   Section        0  adc.o(i.ADC_Init)
    i.ADS1115_GetADC                         0x08000754   Section        0  ads1115.o(i.ADS1115_GetADC)
    i.AmuxDisableAll                         0x0800079a   Section        0  elec_sw.o(i.AmuxDisableAll)
    i.AmuxEnableAll                          0x080007a4   Section        0  elec_sw.o(i.AmuxEnableAll)
    i.CAT9555Init                            0x080007b0   Section        0  cat9555.o(i.CAT9555Init)
    i.DividerResVal                          0x080007dc   Section        0  test_seq.o(i.DividerResVal)
    i.EXTI4_15_IRQHandler                    0x080008c8   Section        0  stm32l0xx_it.o(i.EXTI4_15_IRQHandler)
    i.EXTI_Key_IRQHandle                     0x080008d0   Section        0  key.o(i.EXTI_Key_IRQHandle)
    i.E_INK_Init                             0x0800090c   Section        0  e_ink.o(i.E_INK_Init)
    i.E_INK_WaitBusy                         0x080009b8   Section        0  e_ink.o(i.E_INK_WaitBusy)
    i.E_INK_WriteByte                        0x080009f0   Section        0  e_ink.o(i.E_INK_WriteByte)
    i.E_INK_WriteCommand                     0x08000a1c   Section        0  e_ink.o(i.E_INK_WriteCommand)
    i.E_INK_WriteData                        0x08000a30   Section        0  e_ink.o(i.E_INK_WriteData)
    i.ExtAdcChannel1                         0x08000a44   Section        0  cat9555.o(i.ExtAdcChannel1)
    i.ExtAdcChannel2                         0x08000a74   Section        0  cat9555.o(i.ExtAdcChannel2)
    i.ExtPortOut                             0x08000aa4   Section        0  cat9555.o(i.ExtPortOut)
    i.GPIO_Init                              0x08000ac4   Section        0  main.o(i.GPIO_Init)
    GPIO_Init                                0x08000ac5   Thumb Code   264  main.o(i.GPIO_Init)
    i.GetADC16BitValue                       0x08000bec   Section        0  adc.o(i.GetADC16BitValue)
    i.HAL_ADCEx_Calibration_Start            0x08000c28   Section        0  stm32l0xx_hal_adc_ex.o(i.HAL_ADCEx_Calibration_Start)
    i.HAL_ADC_ConfigChannel                  0x08000cb8   Section        0  stm32l0xx_hal_adc.o(i.HAL_ADC_ConfigChannel)
    i.HAL_ADC_GetValue                       0x08000d4c   Section        0  stm32l0xx_hal_adc.o(i.HAL_ADC_GetValue)
    i.HAL_ADC_Init                           0x08000d54   Section        0  stm32l0xx_hal_adc.o(i.HAL_ADC_Init)
    i.HAL_ADC_MspInit                        0x08000f18   Section        0  stm32l0xx_hal_msp.o(i.HAL_ADC_MspInit)
    i.HAL_ADC_PollForConversion              0x08000f50   Section        0  stm32l0xx_hal_adc.o(i.HAL_ADC_PollForConversion)
    i.HAL_ADC_Start                          0x08001010   Section        0  stm32l0xx_hal_adc.o(i.HAL_ADC_Start)
    i.HAL_ADC_Stop                           0x0800106c   Section        0  stm32l0xx_hal_adc.o(i.HAL_ADC_Stop)
    i.HAL_GPIO_Init                          0x080010ac   Section        0  stm32l0xx_hal_gpio.o(i.HAL_GPIO_Init)
    i.HAL_GPIO_ReadPin                       0x08001230   Section        0  stm32l0xx_hal_gpio.o(i.HAL_GPIO_ReadPin)
    i.HAL_GPIO_WritePin                      0x0800123a   Section        0  stm32l0xx_hal_gpio.o(i.HAL_GPIO_WritePin)
    i.HAL_GetTick                            0x08001248   Section        0  stm32l0xx_hal.o(i.HAL_GetTick)
    i.HAL_IncTick                            0x08001254   Section        0  stm32l0xx_hal.o(i.HAL_IncTick)
    i.HAL_Init                               0x08001264   Section        0  stm32l0xx_hal.o(i.HAL_Init)
    i.HAL_InitTick                           0x08001284   Section        0  stm32l0xx_hal.o(i.HAL_InitTick)
    i.HAL_MspInit                            0x080012ac   Section        0  stm32l0xx_hal_msp.o(i.HAL_MspInit)
    i.HAL_NVIC_EnableIRQ                     0x080012e4   Section        0  stm32l0xx_hal_cortex.o(i.HAL_NVIC_EnableIRQ)
    i.HAL_NVIC_SetPriority                   0x080012f8   Section        0  stm32l0xx_hal_cortex.o(i.HAL_NVIC_SetPriority)
    i.HAL_RCCEx_PeriphCLKConfig              0x08001300   Section        0  stm32l0xx_hal_rcc_ex.o(i.HAL_RCCEx_PeriphCLKConfig)
    i.HAL_RCC_ClockConfig                    0x08001460   Section        0  stm32l0xx_hal_rcc.o(i.HAL_RCC_ClockConfig)
    i.HAL_RCC_GetHCLKFreq                    0x080015c8   Section        0  stm32l0xx_hal_rcc.o(i.HAL_RCC_GetHCLKFreq)
    i.HAL_RCC_GetPCLK1Freq                   0x080015d4   Section        0  stm32l0xx_hal_rcc.o(i.HAL_RCC_GetPCLK1Freq)
    i.HAL_RCC_GetPCLK2Freq                   0x080015f4   Section        0  stm32l0xx_hal_rcc.o(i.HAL_RCC_GetPCLK2Freq)
    i.HAL_RCC_GetSysClockFreq                0x08001614   Section        0  stm32l0xx_hal_rcc.o(i.HAL_RCC_GetSysClockFreq)
    i.HAL_RCC_OscConfig                      0x08001690   Section        0  stm32l0xx_hal_rcc.o(i.HAL_RCC_OscConfig)
    i.HAL_SYSTICK_CLKSourceConfig            0x08001a64   Section        0  stm32l0xx_hal_cortex.o(i.HAL_SYSTICK_CLKSourceConfig)
    i.HAL_SYSTICK_Callback                   0x08001a7c   Section        0  stm32l0xx_hal_cortex.o(i.HAL_SYSTICK_Callback)
    i.HAL_SYSTICK_Config                     0x08001a80   Section        0  stm32l0xx_hal_cortex.o(i.HAL_SYSTICK_Config)
    i.HAL_SYSTICK_IRQHandler                 0x08001ab0   Section        0  stm32l0xx_hal_cortex.o(i.HAL_SYSTICK_IRQHandler)
    i.HAL_TIMEx_MasterConfigSynchronization  0x08001ab8   Section        0  stm32l0xx_hal_tim_ex.o(i.HAL_TIMEx_MasterConfigSynchronization)
    i.HAL_TIM_Base_Init                      0x08001b00   Section        0  stm32l0xx_hal_tim.o(i.HAL_TIM_Base_Init)
    i.HAL_TIM_Base_MspInit                   0x08001b34   Section        0  stm32l0xx_hal_msp.o(i.HAL_TIM_Base_MspInit)
    i.HAL_TIM_Base_Start_IT                  0x08001b64   Section        0  stm32l0xx_hal_tim.o(i.HAL_TIM_Base_Start_IT)
    i.HAL_TIM_IC_CaptureCallback             0x08001b7a   Section        0  stm32l0xx_hal_tim.o(i.HAL_TIM_IC_CaptureCallback)
    i.HAL_TIM_IRQHandler                     0x08001b7c   Section        0  stm32l0xx_hal_tim.o(i.HAL_TIM_IRQHandler)
    i.HAL_TIM_OC_DelayElapsedCallback        0x08001ca2   Section        0  stm32l0xx_hal_tim.o(i.HAL_TIM_OC_DelayElapsedCallback)
    i.HAL_TIM_PWM_ConfigChannel              0x08001ca4   Section        0  stm32l0xx_hal_tim.o(i.HAL_TIM_PWM_ConfigChannel)
    i.HAL_TIM_PWM_Init                       0x08001d74   Section        0  stm32l0xx_hal_tim.o(i.HAL_TIM_PWM_Init)
    i.HAL_TIM_PWM_MspInit                    0x08001da8   Section        0  stm32l0xx_hal_msp.o(i.HAL_TIM_PWM_MspInit)
    i.HAL_TIM_PWM_PulseFinishedCallback      0x08001dc4   Section        0  stm32l0xx_hal_tim.o(i.HAL_TIM_PWM_PulseFinishedCallback)
    i.HAL_TIM_PWM_Start                      0x08001dc6   Section        0  stm32l0xx_hal_tim.o(i.HAL_TIM_PWM_Start)
    i.HAL_TIM_PeriodElapsedCallback          0x08001de0   Section        0  main.o(i.HAL_TIM_PeriodElapsedCallback)
    i.HAL_TIM_TriggerCallback                0x08001e24   Section        0  stm32l0xx_hal_tim.o(i.HAL_TIM_TriggerCallback)
    i.HAL_UART_Init                          0x08001e26   Section        0  stm32l0xx_hal_uart.o(i.HAL_UART_Init)
    i.HAL_UART_MspInit                       0x08001e90   Section        0  stm32l0xx_hal_msp.o(i.HAL_UART_MspInit)
    i.HAL_UART_Transmit                      0x08001ee4   Section        0  stm32l0xx_hal_uart.o(i.HAL_UART_Transmit)
    i.HAL_WWDG_Init                          0x08001f84   Section        0  stm32l0xx_hal_wwdg.o(i.HAL_WWDG_Init)
    i.HAL_WWDG_MspInit                       0x08001fdc   Section        0  stm32l0xx_hal_msp.o(i.HAL_WWDG_MspInit)
    i.HardFault_Handler                      0x08001ff8   Section        0  stm32l0xx_it.o(i.HardFault_Handler)
    i.I2C_Delay                              0x08001ffa   Section        0  gpio_i2c.o(i.I2C_Delay)
    i.I2C_Init                               0x08002008   Section        0  gpio_i2c.o(i.I2C_Init)
    i.I2C_RcvDat                             0x08002054   Section        0  gpio_i2c.o(i.I2C_RcvDat)
    i.I2C_ReadData                           0x080020a8   Section        0  gpio_i2c.o(i.I2C_ReadData)
    i.I2C_ReceiveBytes                       0x080020f2   Section        0  gpio_i2c.o(i.I2C_ReceiveBytes)
    i.I2C_SendAck                            0x0800211c   Section        0  gpio_i2c.o(i.I2C_SendAck)
    i.I2C_SendByte                           0x0800213c   Section        0  gpio_i2c.o(i.I2C_SendByte)
    i.I2C_SendNoAck                          0x08002178   Section        0  gpio_i2c.o(i.I2C_SendNoAck)
    i.I2C_Start                              0x08002198   Section        0  gpio_i2c.o(i.I2C_Start)
    i.I2C_Stop                               0x080021bc   Section        0  gpio_i2c.o(i.I2C_Stop)
    i.I2C_WaitAck                            0x080021e0   Section        0  gpio_i2c.o(i.I2C_WaitAck)
    i.I2C_WriteData                          0x08002224   Section        0  gpio_i2c.o(i.I2C_WriteData)
    i.KeyInit                                0x08002268   Section        0  key.o(i.KeyInit)
    i.KeyProcess                             0x080022a0   Section        0  key.o(i.KeyProcess)
    i.MeasuringSwitch                        0x08002318   Section        0  elec_sw.o(i.MeasuringSwitch)
    i.ModeSmooothProcess                     0x08002320   Section        0  key.o(i.ModeSmooothProcess)
    i.NMI_Handler                            0x08002394   Section        0  stm32l0xx_it.o(i.NMI_Handler)
    i.NVIC_SetPriority                       0x08002398   Section        0  stm32l0xx_hal_cortex.o(i.NVIC_SetPriority)
    NVIC_SetPriority                         0x08002399   Thumb Code    60  stm32l0xx_hal_cortex.o(i.NVIC_SetPriority)
    i.PWM_TIM2_Init                          0x080023dc   Section        0  pwm_tim2.o(i.PWM_TIM2_Init)
    i.PendSV_Handler                         0x08002480   Section        0  stm32l0xx_it.o(i.PendSV_Handler)
    i.PowerOff                               0x08002482   Section        0  main.o(i.PowerOff)
    i.PowerOn                                0x08002490   Section        0  main.o(i.PowerOn)
    i.ResCalc                                0x0800249e   Section        0  test_seq.o(i.ResCalc)
    i.ResistanceEnable                       0x080024e2   Section        0  elec_sw.o(i.ResistanceEnable)
    i.SDA_DATA                               0x0800250c   Section        0  gpio_i2c.o(i.SDA_DATA)
    i.SRCResVal                              0x08002520   Section        0  test_seq.o(i.SRCResVal)
    i.SVC_Handler                            0x0800258c   Section        0  stm32l0xx_it.o(i.SVC_Handler)
    i.SetB_Value                             0x08002590   Section        0  pwm_tim2.o(i.SetB_Value)
    i.SetG_Value                             0x080025a0   Section        0  pwm_tim2.o(i.SetG_Value)
    i.SetRGB                                 0x080025ac   Section        0  key.o(i.SetRGB)
    i.SetR_Value                             0x080025cc   Section        0  pwm_tim2.o(i.SetR_Value)
    i.ShortEnableSet                         0x080025d8   Section        0  test_seq.o(i.ShortEnableSet)
    i.ShortForceSet                          0x080025ea   Section        0  test_seq.o(i.ShortForceSet)
    i.ShortInit                              0x08002628   Section        0  test_seq.o(i.ShortInit)
    i.ShortSenseSet                          0x08002658   Section        0  test_seq.o(i.ShortSenseSet)
    i.SysTick_Handler                        0x080026a8   Section        0  stm32l0xx_it.o(i.SysTick_Handler)
    i.SystemClock_Config                     0x080026b4   Section        0  main.o(i.SystemClock_Config)
    i.SystemInit                             0x08002724   Section        0  system_stm32l0xx.o(i.SystemInit)
    i.TIM6_IRQHandler                        0x08002778   Section        0  stm32l0xx_it.o(i.TIM6_IRQHandler)
    i.TIM_Base_SetConfig                     0x08002788   Section        0  stm32l0xx_hal_tim.o(i.TIM_Base_SetConfig)
    TIM_Base_SetConfig                       0x08002789   Thumb Code    82  stm32l0xx_hal_tim.o(i.TIM_Base_SetConfig)
    i.TIM_CCxChannelCmd                      0x080027e8   Section        0  stm32l0xx_hal_tim.o(i.TIM_CCxChannelCmd)
    TIM_CCxChannelCmd                        0x080027e9   Thumb Code    22  stm32l0xx_hal_tim.o(i.TIM_CCxChannelCmd)
    i.TIM_OC1_SetConfig                      0x080027fe   Section        0  stm32l0xx_hal_tim.o(i.TIM_OC1_SetConfig)
    TIM_OC1_SetConfig                        0x080027ff   Thumb Code    48  stm32l0xx_hal_tim.o(i.TIM_OC1_SetConfig)
    i.TIM_OC2_SetConfig                      0x0800282e   Section        0  stm32l0xx_hal_tim.o(i.TIM_OC2_SetConfig)
    TIM_OC2_SetConfig                        0x0800282f   Thumb Code    50  stm32l0xx_hal_tim.o(i.TIM_OC2_SetConfig)
    i.TIM_OC3_SetConfig                      0x08002860   Section        0  stm32l0xx_hal_tim.o(i.TIM_OC3_SetConfig)
    TIM_OC3_SetConfig                        0x08002861   Thumb Code    54  stm32l0xx_hal_tim.o(i.TIM_OC3_SetConfig)
    i.TIM_OC4_SetConfig                      0x08002896   Section        0  stm32l0xx_hal_tim.o(i.TIM_OC4_SetConfig)
    TIM_OC4_SetConfig                        0x08002897   Thumb Code    54  stm32l0xx_hal_tim.o(i.TIM_OC4_SetConfig)
    i.TestFunc                               0x080028cc   Section        0  test_seq.o(i.TestFunc)
    i.TimerProcess_1ms                       0x08002924   Section        0  main.o(i.TimerProcess_1ms)
    i.TimerProcess_1s                        0x08002938   Section        0  main.o(i.TimerProcess_1s)
    i.U1_1_Channel                           0x08002950   Section        0  cat9555.o(i.U1_1_Channel)
    i.U1_2_Channel                           0x08002998   Section        0  cat9555.o(i.U1_2_Channel)
    i.U2_1_Channel                           0x080029e0   Section        0  cat9555.o(i.U2_1_Channel)
    i.U2_2_Channel                           0x08002a34   Section        0  cat9555.o(i.U2_2_Channel)
    i.U3_1_Channel                           0x08002a88   Section        0  elec_sw.o(i.U3_1_Channel)
    i.U3_3_Channel                           0x08002ad4   Section        0  elec_sw.o(i.U3_3_Channel)
    i.U4_1_Channel                           0x08002b20   Section        0  elec_sw.o(i.U4_1_Channel)
    i.U4_2_Channel                           0x08002b60   Section        0  elec_sw.o(i.U4_2_Channel)
    i.U5_1_Channel                           0x08002ba8   Section        0  elec_sw.o(i.U5_1_Channel)
    i.UART_AdvFeatureConfig                  0x08002bf4   Section        0  stm32l0xx_hal_uart.o(i.UART_AdvFeatureConfig)
    i.UART_CheckIdleState                    0x08002cc0   Section        0  stm32l0xx_hal_uart.o(i.UART_CheckIdleState)
    i.UART_SetConfig                         0x08002d18   Section        0  stm32l0xx_hal_uart.o(i.UART_SetConfig)
    i.UART_WaitOnFlagUntilTimeout            0x08002fb8   Section        0  stm32l0xx_hal_uart.o(i.UART_WaitOnFlagUntilTimeout)
    i.USART_Init                             0x0800306c   Section        0  usart.o(i.USART_Init)
    i.USART_printf                           0x0800309c   Section        0  usart.o(i.USART_printf)
    i.VoltageEnable                          0x08003110   Section        0  elec_sw.o(i.VoltageEnable)
    i.__ARM_clz                              0x0800313a   Section        0  depilogue.o(i.__ARM_clz)
    i.__ARM_common_switch8                   0x08003168   Section        0  stm32l0xx_hal_tim.o(i.__ARM_common_switch8)
    i.__scatterload_copy                     0x08003182   Section       14  handlers.o(i.__scatterload_copy)
    i.__scatterload_null                     0x08003190   Section        2  handlers.o(i.__scatterload_null)
    i.__scatterload_zeroinit                 0x08003192   Section       14  handlers.o(i.__scatterload_zeroinit)
    i.delay_1ms                              0x080031a0   Section        0  delay.o(i.delay_1ms)
    i.delay_ms                               0x080031c0   Section        0  delay.o(i.delay_ms)
    i.itoa                                   0x080031d4   Section        0  usart.o(i.itoa)
    i.itoh                                   0x08003224   Section        0  usart.o(i.itoh)
    i.main                                   0x08003260   Section        0  main.o(i.main)
    .constdata                               0x0800333c   Section       25  system_stm32l0xx.o(.constdata)
    .constdata                               0x08003355   Section        8  system_stm32l0xx.o(.constdata)
    .data                                    0x20000000   Section        4  system_stm32l0xx.o(.data)
    .data                                    0x20000004   Section        4  stm32l0xx_hal.o(.data)
    .data                                    0x20000008   Section       10  main.o(.data)
    MsCount1000                              0x2000000c   Data           2  main.o(.data)
    MsCount10                                0x2000000e   Data           2  main.o(.data)
    MsCount1                                 0x20000010   Data           2  main.o(.data)
    .data                                    0x20000014   Section       16  pwm_tim2.o(.data)
    .data                                    0x20000024   Section       16  key.o(.data)
    .data                                    0x20000034   Section       12  gpio_i2c.o(.data)
    .data                                    0x20000040   Section        8  adc.o(.data)
    .data                                    0x20000048   Section        2  cat9555.o(.data)
    ExtRegData                               0x20000048   Data           2  cat9555.o(.data)
    .data                                    0x2000004c   Section       16  cat9555.o(.data)
    .data                                    0x2000005c   Section       20  test_seq.o(.data)
    .bss                                     0x20000070   Section       76  main.o(.bss)
    .bss                                     0x200000bc   Section       96  adc.o(.bss)
    hadc                                     0x200000bc   Data          96  adc.o(.bss)
    .bss                                     0x2000011c   Section      368  usart.o(.bss)
    STACK                                    0x20000290   Section     1024  startup_stm32l071xx.o(STACK)

    Global Symbols

    Symbol Name                              Value     Ov Type        Size  Object(Section)

    BuildAttributes$$THM_ISAv3M$S$PE$A:L22$X:L11$S22$IEEE1$IW$USESV6$~STKCKD$USESV7$~SHL$OSPACE$ROPI$EBA8$MICROLIB$REQ8$PRES8$EABIv2 0x00000000   Number         0  anon$$obj.o ABSOLUTE
    __ARM_use_no_argv                        0x00000000   Number         0  main.o ABSOLUTE
    __cpp_initialize__aeabi_                  - Undefined Weak Reference
    __cxa_finalize                            - Undefined Weak Reference
    __decompress                              - Undefined Weak Reference
    _clock_init                               - Undefined Weak Reference
    _microlib_exit                            - Undefined Weak Reference
    __Vectors_Size                           0x000000c0   Number         0  startup_stm32l071xx.o ABSOLUTE
    __Vectors                                0x08000000   Data           4  startup_stm32l071xx.o(RESET)
    __Vectors_End                            0x080000c0   Data           0  startup_stm32l071xx.o(RESET)
    __main                                   0x080000c1   Thumb Code     0  entry.o(.ARM.Collect$$$$00000000)
    _main_stk                                0x080000c1   Thumb Code     0  entry2.o(.ARM.Collect$$$$00000001)
    _main_scatterload                        0x080000c5   Thumb Code     0  entry5.o(.ARM.Collect$$$$00000004)
    __main_after_scatterload                 0x080000c9   Thumb Code     0  entry5.o(.ARM.Collect$$$$00000004)
    _main_clock                              0x080000c9   Thumb Code     0  entry7b.o(.ARM.Collect$$$$00000008)
    _main_cpp_init                           0x080000c9   Thumb Code     0  entry8b.o(.ARM.Collect$$$$0000000A)
    _main_init                               0x080000c9   Thumb Code     0  entry9a.o(.ARM.Collect$$$$0000000B)
    __rt_final_cpp                           0x080000d1   Thumb Code     0  entry10a.o(.ARM.Collect$$$$0000000D)
    __rt_final_exit                          0x080000d1   Thumb Code     0  entry11a.o(.ARM.Collect$$$$0000000F)
    Reset_Handler                            0x080000d5   Thumb Code     8  startup_stm32l071xx.o(.text)
    ADC1_COMP_IRQHandler                     0x080000e7   Thumb Code     0  startup_stm32l071xx.o(.text)
    DMA1_Channel1_IRQHandler                 0x080000e7   Thumb Code     0  startup_stm32l071xx.o(.text)
    DMA1_Channel2_3_IRQHandler               0x080000e7   Thumb Code     0  startup_stm32l071xx.o(.text)
    DMA1_Channel4_5_6_7_IRQHandler           0x080000e7   Thumb Code     0  startup_stm32l071xx.o(.text)
    EXTI0_1_IRQHandler                       0x080000e7   Thumb Code     0  startup_stm32l071xx.o(.text)
    EXTI2_3_IRQHandler                       0x080000e7   Thumb Code     0  startup_stm32l071xx.o(.text)
    FLASH_IRQHandler                         0x080000e7   Thumb Code     0  startup_stm32l071xx.o(.text)
    I2C1_IRQHandler                          0x080000e7   Thumb Code     0  startup_stm32l071xx.o(.text)
    I2C2_IRQHandler                          0x080000e7   Thumb Code     0  startup_stm32l071xx.o(.text)
    I2C3_IRQHandler                          0x080000e7   Thumb Code     0  startup_stm32l071xx.o(.text)
    LPTIM1_IRQHandler                        0x080000e7   Thumb Code     0  startup_stm32l071xx.o(.text)
    LPUART1_IRQHandler                       0x080000e7   Thumb Code     0  startup_stm32l071xx.o(.text)
    PVD_IRQHandler                           0x080000e7   Thumb Code     0  startup_stm32l071xx.o(.text)
    RCC_IRQHandler                           0x080000e7   Thumb Code     0  startup_stm32l071xx.o(.text)
    RTC_IRQHandler                           0x080000e7   Thumb Code     0  startup_stm32l071xx.o(.text)
    SPI1_IRQHandler                          0x080000e7   Thumb Code     0  startup_stm32l071xx.o(.text)
    SPI2_IRQHandler                          0x080000e7   Thumb Code     0  startup_stm32l071xx.o(.text)
    TIM21_IRQHandler                         0x080000e7   Thumb Code     0  startup_stm32l071xx.o(.text)
    TIM22_IRQHandler                         0x080000e7   Thumb Code     0  startup_stm32l071xx.o(.text)
    TIM2_IRQHandler                          0x080000e7   Thumb Code     0  startup_stm32l071xx.o(.text)
    TIM3_IRQHandler                          0x080000e7   Thumb Code     0  startup_stm32l071xx.o(.text)
    TIM7_IRQHandler                          0x080000e7   Thumb Code     0  startup_stm32l071xx.o(.text)
    USART1_IRQHandler                        0x080000e7   Thumb Code     0  startup_stm32l071xx.o(.text)
    USART2_IRQHandler                        0x080000e7   Thumb Code     0  startup_stm32l071xx.o(.text)
    USART4_5_IRQHandler                      0x080000e7   Thumb Code     0  startup_stm32l071xx.o(.text)
    WWDG_IRQHandler                          0x080000e7   Thumb Code     0  startup_stm32l071xx.o(.text)
    __aeabi_uidiv                            0x080000f1   Thumb Code     0  uidiv.o(.text)
    __aeabi_uidivmod                         0x080000f1   Thumb Code    44  uidiv.o(.text)
    __aeabi_idiv                             0x0800011d   Thumb Code     0  idiv.o(.text)
    __aeabi_idivmod                          0x0800011d   Thumb Code    40  idiv.o(.text)
    __aeabi_dadd                             0x08000145   Thumb Code   328  dadd.o(.text)
    __aeabi_dsub                             0x0800028d   Thumb Code    12  dadd.o(.text)
    __aeabi_drsub                            0x08000299   Thumb Code    12  dadd.o(.text)
    __aeabi_ddiv                             0x080002a9   Thumb Code   234  ddiv.o(.text)
    __ARM_scalbn                             0x08000399   Thumb Code    44  dscalb.o(.text)
    scalbn                                   0x08000399   Thumb Code     0  dscalb.o(.text)
    __aeabi_ui2d                             0x080003c5   Thumb Code    24  dfltui.o(.text)
    __aeabi_ul2d                             0x080003e1   Thumb Code    22  dfltul.o(.text)
    __aeabi_d2uiz                            0x080003fd   Thumb Code    50  dfixui.o(.text)
    __aeabi_llsl                             0x08000439   Thumb Code    32  llshl.o(.text)
    _ll_shift_l                              0x08000439   Thumb Code     0  llshl.o(.text)
    __aeabi_llsr                             0x08000459   Thumb Code    34  llushr.o(.text)
    _ll_ushift_r                             0x08000459   Thumb Code     0  llushr.o(.text)
    __aeabi_lasr                             0x0800047b   Thumb Code    38  llsshr.o(.text)
    _ll_sshift_r                             0x0800047b   Thumb Code     0  llsshr.o(.text)
    __I$use$fp                               0x080004a1   Thumb Code     0  iusefp.o(.text)
    _double_round                            0x080004a1   Thumb Code    26  depilogue.o(.text)
    _double_epilogue                         0x080004bb   Thumb Code   164  depilogue.o(.text)
    __scatterload                            0x08000561   Thumb Code    28  init.o(.text)
    __scatterload_rt2                        0x08000561   Thumb Code     0  init.o(.text)
    ADC_Init                                 0x080006c1   Thumb Code   134  adc.o(i.ADC_Init)
    ADS1115_GetADC                           0x08000755   Thumb Code    70  ads1115.o(i.ADS1115_GetADC)
    AmuxDisableAll                           0x0800079b   Thumb Code    10  elec_sw.o(i.AmuxDisableAll)
    AmuxEnableAll                            0x080007a5   Thumb Code    10  elec_sw.o(i.AmuxEnableAll)
    CAT9555Init                              0x080007b1   Thumb Code    40  cat9555.o(i.CAT9555Init)
    DividerResVal                            0x080007dd   Thumb Code   204  test_seq.o(i.DividerResVal)
    EXTI4_15_IRQHandler                      0x080008c9   Thumb Code     8  stm32l0xx_it.o(i.EXTI4_15_IRQHandler)
    EXTI_Key_IRQHandle                       0x080008d1   Thumb Code    42  key.o(i.EXTI_Key_IRQHandle)
    E_INK_Init                               0x0800090d   Thumb Code   166  e_ink.o(i.E_INK_Init)
    E_INK_WaitBusy                           0x080009b9   Thumb Code    50  e_ink.o(i.E_INK_WaitBusy)
    E_INK_WriteByte                          0x080009f1   Thumb Code    38  e_ink.o(i.E_INK_WriteByte)
    E_INK_WriteCommand                       0x08000a1d   Thumb Code    16  e_ink.o(i.E_INK_WriteCommand)
    E_INK_WriteData                          0x08000a31   Thumb Code    16  e_ink.o(i.E_INK_WriteData)
    ExtAdcChannel1                           0x08000a45   Thumb Code    48  cat9555.o(i.ExtAdcChannel1)
    ExtAdcChannel2                           0x08000a75   Thumb Code    48  cat9555.o(i.ExtAdcChannel2)
    ExtPortOut                               0x08000aa5   Thumb Code    26  cat9555.o(i.ExtPortOut)
    GetADC16BitValue                         0x08000bed   Thumb Code    50  adc.o(i.GetADC16BitValue)
    HAL_ADCEx_Calibration_Start              0x08000c29   Thumb Code   142  stm32l0xx_hal_adc_ex.o(i.HAL_ADCEx_Calibration_Start)
    HAL_ADC_ConfigChannel                    0x08000cb9   Thumb Code   140  stm32l0xx_hal_adc.o(i.HAL_ADC_ConfigChannel)
    HAL_ADC_GetValue                         0x08000d4d   Thumb Code     6  stm32l0xx_hal_adc.o(i.HAL_ADC_GetValue)
    HAL_ADC_Init                             0x08000d55   Thumb Code   440  stm32l0xx_hal_adc.o(i.HAL_ADC_Init)
    HAL_ADC_MspInit                          0x08000f19   Thumb Code    48  stm32l0xx_hal_msp.o(i.HAL_ADC_MspInit)
    HAL_ADC_PollForConversion                0x08000f51   Thumb Code   190  stm32l0xx_hal_adc.o(i.HAL_ADC_PollForConversion)
    HAL_ADC_Start                            0x08001011   Thumb Code    86  stm32l0xx_hal_adc.o(i.HAL_ADC_Start)
    HAL_ADC_Stop                             0x0800106d   Thumb Code    62  stm32l0xx_hal_adc.o(i.HAL_ADC_Stop)
    HAL_GPIO_Init                            0x080010ad   Thumb Code   356  stm32l0xx_hal_gpio.o(i.HAL_GPIO_Init)
    HAL_GPIO_ReadPin                         0x08001231   Thumb Code    10  stm32l0xx_hal_gpio.o(i.HAL_GPIO_ReadPin)
    HAL_GPIO_WritePin                        0x0800123b   Thumb Code    12  stm32l0xx_hal_gpio.o(i.HAL_GPIO_WritePin)
    HAL_GetTick                              0x08001249   Thumb Code     6  stm32l0xx_hal.o(i.HAL_GetTick)
    HAL_IncTick                              0x08001255   Thumb Code    10  stm32l0xx_hal.o(i.HAL_IncTick)
    HAL_Init                                 0x08001265   Thumb Code    26  stm32l0xx_hal.o(i.HAL_Init)
    HAL_InitTick                             0x08001285   Thumb Code    34  stm32l0xx_hal.o(i.HAL_InitTick)
    HAL_MspInit                              0x080012ad   Thumb Code    52  stm32l0xx_hal_msp.o(i.HAL_MspInit)
    HAL_NVIC_EnableIRQ                       0x080012e5   Thumb Code    14  stm32l0xx_hal_cortex.o(i.HAL_NVIC_EnableIRQ)
    HAL_NVIC_SetPriority                     0x080012f9   Thumb Code     8  stm32l0xx_hal_cortex.o(i.HAL_NVIC_SetPriority)
    HAL_RCCEx_PeriphCLKConfig                0x08001301   Thumb Code   338  stm32l0xx_hal_rcc_ex.o(i.HAL_RCCEx_PeriphCLKConfig)
    HAL_RCC_ClockConfig                      0x08001461   Thumb Code   340  stm32l0xx_hal_rcc.o(i.HAL_RCC_ClockConfig)
    HAL_RCC_GetHCLKFreq                      0x080015c9   Thumb Code     6  stm32l0xx_hal_rcc.o(i.HAL_RCC_GetHCLKFreq)
    HAL_RCC_GetPCLK1Freq                     0x080015d5   Thumb Code    20  stm32l0xx_hal_rcc.o(i.HAL_RCC_GetPCLK1Freq)
    HAL_RCC_GetPCLK2Freq                     0x080015f5   Thumb Code    20  stm32l0xx_hal_rcc.o(i.HAL_RCC_GetPCLK2Freq)
    HAL_RCC_GetSysClockFreq                  0x08001615   Thumb Code   102  stm32l0xx_hal_rcc.o(i.HAL_RCC_GetSysClockFreq)
    HAL_RCC_OscConfig                        0x08001691   Thumb Code   950  stm32l0xx_hal_rcc.o(i.HAL_RCC_OscConfig)
    HAL_SYSTICK_CLKSourceConfig              0x08001a65   Thumb Code    20  stm32l0xx_hal_cortex.o(i.HAL_SYSTICK_CLKSourceConfig)
    HAL_SYSTICK_Callback                     0x08001a7d   Thumb Code     2  stm32l0xx_hal_cortex.o(i.HAL_SYSTICK_Callback)
    HAL_SYSTICK_Config                       0x08001a81   Thumb Code    38  stm32l0xx_hal_cortex.o(i.HAL_SYSTICK_Config)
    HAL_SYSTICK_IRQHandler                   0x08001ab1   Thumb Code     8  stm32l0xx_hal_cortex.o(i.HAL_SYSTICK_IRQHandler)
    HAL_TIMEx_MasterConfigSynchronization    0x08001ab9   Thumb Code    72  stm32l0xx_hal_tim_ex.o(i.HAL_TIMEx_MasterConfigSynchronization)
    HAL_TIM_Base_Init                        0x08001b01   Thumb Code    52  stm32l0xx_hal_tim.o(i.HAL_TIM_Base_Init)
    HAL_TIM_Base_MspInit                     0x08001b35   Thumb Code    38  stm32l0xx_hal_msp.o(i.HAL_TIM_Base_MspInit)
    HAL_TIM_Base_Start_IT                    0x08001b65   Thumb Code    22  stm32l0xx_hal_tim.o(i.HAL_TIM_Base_Start_IT)
    HAL_TIM_IC_CaptureCallback               0x08001b7b   Thumb Code     2  stm32l0xx_hal_tim.o(i.HAL_TIM_IC_CaptureCallback)
    HAL_TIM_IRQHandler                       0x08001b7d   Thumb Code   294  stm32l0xx_hal_tim.o(i.HAL_TIM_IRQHandler)
    HAL_TIM_OC_DelayElapsedCallback          0x08001ca3   Thumb Code     2  stm32l0xx_hal_tim.o(i.HAL_TIM_OC_DelayElapsedCallback)
    HAL_TIM_PWM_ConfigChannel                0x08001ca5   Thumb Code   208  stm32l0xx_hal_tim.o(i.HAL_TIM_PWM_ConfigChannel)
    HAL_TIM_PWM_Init                         0x08001d75   Thumb Code    52  stm32l0xx_hal_tim.o(i.HAL_TIM_PWM_Init)
    HAL_TIM_PWM_MspInit                      0x08001da9   Thumb Code    22  stm32l0xx_hal_msp.o(i.HAL_TIM_PWM_MspInit)
    HAL_TIM_PWM_PulseFinishedCallback        0x08001dc5   Thumb Code     2  stm32l0xx_hal_tim.o(i.HAL_TIM_PWM_PulseFinishedCallback)
    HAL_TIM_PWM_Start                        0x08001dc7   Thumb Code    26  stm32l0xx_hal_tim.o(i.HAL_TIM_PWM_Start)
    HAL_TIM_PeriodElapsedCallback            0x08001de1   Thumb Code    60  main.o(i.HAL_TIM_PeriodElapsedCallback)
    HAL_TIM_TriggerCallback                  0x08001e25   Thumb Code     2  stm32l0xx_hal_tim.o(i.HAL_TIM_TriggerCallback)
    HAL_UART_Init                            0x08001e27   Thumb Code   104  stm32l0xx_hal_uart.o(i.HAL_UART_Init)
    HAL_UART_MspInit                         0x08001e91   Thumb Code    70  stm32l0xx_hal_msp.o(i.HAL_UART_MspInit)
    HAL_UART_Transmit                        0x08001ee5   Thumb Code   160  stm32l0xx_hal_uart.o(i.HAL_UART_Transmit)
    HAL_WWDG_Init                            0x08001f85   Thumb Code    86  stm32l0xx_hal_wwdg.o(i.HAL_WWDG_Init)
    HAL_WWDG_MspInit                         0x08001fdd   Thumb Code    20  stm32l0xx_hal_msp.o(i.HAL_WWDG_MspInit)
    HardFault_Handler                        0x08001ff9   Thumb Code     2  stm32l0xx_it.o(i.HardFault_Handler)
    I2C_Delay                                0x08001ffb   Thumb Code    12  gpio_i2c.o(i.I2C_Delay)
    I2C_Init                                 0x08002009   Thumb Code    72  gpio_i2c.o(i.I2C_Init)
    I2C_RcvDat                               0x08002055   Thumb Code    80  gpio_i2c.o(i.I2C_RcvDat)
    I2C_ReadData                             0x080020a9   Thumb Code    74  gpio_i2c.o(i.I2C_ReadData)
    I2C_ReceiveBytes                         0x080020f3   Thumb Code    42  gpio_i2c.o(i.I2C_ReceiveBytes)
    I2C_SendAck                              0x0800211d   Thumb Code    26  gpio_i2c.o(i.I2C_SendAck)
    I2C_SendByte                             0x0800213d   Thumb Code    54  gpio_i2c.o(i.I2C_SendByte)
    I2C_SendNoAck                            0x08002179   Thumb Code    26  gpio_i2c.o(i.I2C_SendNoAck)
    I2C_Start                                0x08002199   Thumb Code    32  gpio_i2c.o(i.I2C_Start)
    I2C_Stop                                 0x080021bd   Thumb Code    32  gpio_i2c.o(i.I2C_Stop)
    I2C_WaitAck                              0x080021e1   Thumb Code    62  gpio_i2c.o(i.I2C_WaitAck)
    I2C_WriteData                            0x08002225   Thumb Code    68  gpio_i2c.o(i.I2C_WriteData)
    KeyInit                                  0x08002269   Thumb Code    46  key.o(i.KeyInit)
    KeyProcess                               0x080022a1   Thumb Code   108  key.o(i.KeyProcess)
    MeasuringSwitch                          0x08002319   Thumb Code     8  elec_sw.o(i.MeasuringSwitch)
    ModeSmooothProcess                       0x08002321   Thumb Code   110  key.o(i.ModeSmooothProcess)
    NMI_Handler                              0x08002395   Thumb Code     2  stm32l0xx_it.o(i.NMI_Handler)
    PWM_TIM2_Init                            0x080023dd   Thumb Code   158  pwm_tim2.o(i.PWM_TIM2_Init)
    PendSV_Handler                           0x08002481   Thumb Code     2  stm32l0xx_it.o(i.PendSV_Handler)
    PowerOff                                 0x08002483   Thumb Code    14  main.o(i.PowerOff)
    PowerOn                                  0x08002491   Thumb Code    14  main.o(i.PowerOn)
    ResCalc                                  0x0800249f   Thumb Code    68  test_seq.o(i.ResCalc)
    ResistanceEnable                         0x080024e3   Thumb Code    42  elec_sw.o(i.ResistanceEnable)
    SDA_DATA                                 0x0800250d   Thumb Code    16  gpio_i2c.o(i.SDA_DATA)
    SRCResVal                                0x08002521   Thumb Code   102  test_seq.o(i.SRCResVal)
    SVC_Handler                              0x0800258d   Thumb Code     2  stm32l0xx_it.o(i.SVC_Handler)
    SetB_Value                               0x08002591   Thumb Code    10  pwm_tim2.o(i.SetB_Value)
    SetG_Value                               0x080025a1   Thumb Code    12  pwm_tim2.o(i.SetG_Value)
    SetRGB                                   0x080025ad   Thumb Code    26  key.o(i.SetRGB)
    SetR_Value                               0x080025cd   Thumb Code    12  pwm_tim2.o(i.SetR_Value)
    ShortEnableSet                           0x080025d9   Thumb Code    18  test_seq.o(i.ShortEnableSet)
    ShortForceSet                            0x080025eb   Thumb Code    62  test_seq.o(i.ShortForceSet)
    ShortInit                                0x08002629   Thumb Code    38  test_seq.o(i.ShortInit)
    ShortSenseSet                            0x08002659   Thumb Code    72  test_seq.o(i.ShortSenseSet)
    SysTick_Handler                          0x080026a9   Thumb Code    12  stm32l0xx_it.o(i.SysTick_Handler)
    SystemClock_Config                       0x080026b5   Thumb Code   106  main.o(i.SystemClock_Config)
    SystemInit                               0x08002725   Thumb Code    66  system_stm32l0xx.o(i.SystemInit)
    TIM6_IRQHandler                          0x08002779   Thumb Code    10  stm32l0xx_it.o(i.TIM6_IRQHandler)
    TestFunc                                 0x080028cd   Thumb Code    54  test_seq.o(i.TestFunc)
    TimerProcess_1ms                         0x08002925   Thumb Code    14  main.o(i.TimerProcess_1ms)
    TimerProcess_1s                          0x08002939   Thumb Code    20  main.o(i.TimerProcess_1s)
    U1_1_Channel                             0x08002951   Thumb Code    68  cat9555.o(i.U1_1_Channel)
    U1_2_Channel                             0x08002999   Thumb Code    68  cat9555.o(i.U1_2_Channel)
    U2_1_Channel                             0x080029e1   Thumb Code    78  cat9555.o(i.U2_1_Channel)
    U2_2_Channel                             0x08002a35   Thumb Code    80  cat9555.o(i.U2_2_Channel)
    U3_1_Channel                             0x08002a89   Thumb Code    70  elec_sw.o(i.U3_1_Channel)
    U3_3_Channel                             0x08002ad5   Thumb Code    70  elec_sw.o(i.U3_3_Channel)
    U4_1_Channel                             0x08002b21   Thumb Code    60  elec_sw.o(i.U4_1_Channel)
    U4_2_Channel                             0x08002b61   Thumb Code    62  elec_sw.o(i.U4_2_Channel)
    U5_1_Channel                             0x08002ba9   Thumb Code    72  elec_sw.o(i.U5_1_Channel)
    UART_AdvFeatureConfig                    0x08002bf5   Thumb Code   202  stm32l0xx_hal_uart.o(i.UART_AdvFeatureConfig)
    UART_CheckIdleState                      0x08002cc1   Thumb Code    82  stm32l0xx_hal_uart.o(i.UART_CheckIdleState)
    UART_SetConfig                           0x08002d19   Thumb Code   624  stm32l0xx_hal_uart.o(i.UART_SetConfig)
    UART_WaitOnFlagUntilTimeout              0x08002fb9   Thumb Code   178  stm32l0xx_hal_uart.o(i.UART_WaitOnFlagUntilTimeout)
    USART_Init                               0x0800306d   Thumb Code    40  usart.o(i.USART_Init)
    USART_printf                             0x0800309d   Thumb Code   110  usart.o(i.USART_printf)
    VoltageEnable                            0x08003111   Thumb Code    42  elec_sw.o(i.VoltageEnable)
    __ARM_clz                                0x0800313b   Thumb Code    46  depilogue.o(i.__ARM_clz)
    __ARM_common_switch8                     0x08003169   Thumb Code    26  stm32l0xx_hal_tim.o(i.__ARM_common_switch8)
    __scatterload_copy                       0x08003183   Thumb Code    14  handlers.o(i.__scatterload_copy)
    __scatterload_null                       0x08003191   Thumb Code     2  handlers.o(i.__scatterload_null)
    __scatterload_zeroinit                   0x08003193   Thumb Code    14  handlers.o(i.__scatterload_zeroinit)
    delay_1ms                                0x080031a1   Thumb Code    24  delay.o(i.delay_1ms)
    delay_ms                                 0x080031c1   Thumb Code    20  delay.o(i.delay_ms)
    itoa                                     0x080031d5   Thumb Code    80  usart.o(i.itoa)
    itoh                                     0x08003225   Thumb Code    60  usart.o(i.itoh)
    main                                     0x08003261   Thumb Code   178  main.o(i.main)
    AHBPrescTable                            0x0800333c   Data          16  system_stm32l0xx.o(.constdata)
    PLLMulTable                              0x0800334c   Data           9  system_stm32l0xx.o(.constdata)
    APBPrescTable                            0x08003355   Data           8  system_stm32l0xx.o(.constdata)
    Region$$Table$$Base                      0x08003360   Number         0  anon$$obj.o(Region$$Table)
    Region$$Table$$Limit                     0x08003380   Number         0  anon$$obj.o(Region$$Table)
    SystemCoreClock                          0x20000000   Data           4  system_stm32l0xx.o(.data)
    uwTick                                   0x20000004   Data           4  stm32l0xx_hal.o(.data)
    TimeFlag_1ms                             0x20000008   Data           1  main.o(.data)
    TimeFlag_10ms                            0x20000009   Data           1  main.o(.data)
    TimeFlag_1s                              0x2000000a   Data           1  main.o(.data)
    UserPWM                                  0x20000014   Data          16  pwm_tim2.o(.data)
    KeyValue                                 0x20000024   Data           1  key.o(.data)
    Key1DownFlag                             0x20000025   Data           1  key.o(.data)
    KeyDemoOnOff                             0x20000026   Data           1  key.o(.data)
    KeyDown2SFlag                            0x20000027   Data           1  key.o(.data)
    SmoothState                              0x20000028   Data           1  key.o(.data)
    SmoothCount                              0x20000029   Data           1  key.o(.data)
    Key1DownCount                            0x2000002a   Data           2  key.o(.data)
    SmoothRgb                                0x2000002c   Data           3  key.o(.data)
    SmoothDelay                              0x20000030   Data           4  key.o(.data)
    UserI2c1                                 0x20000034   Data          12  gpio_i2c.o(.data)
    UserAdc                                  0x20000040   Data           8  adc.o(.data)
    UserExtPort                              0x2000004c   Data          16  cat9555.o(.data)
    Short_TestCycle                          0x2000005c   Data          20  test_seq.o(.data)
    htim6                                    0x20000070   Data          56  main.o(.bss)
    hwwdg                                    0x200000a8   Data          20  main.o(.bss)
    UartHandle                               0x2000011c   Data         112  usart.o(.bss)
    UartTxBuffer                             0x2000018c   Data         256  usart.o(.bss)
    __initial_sp                             0x20000690   Data           0  startup_stm32l071xx.o(STACK)



==============================================================================

Memory Map of the image

  Image Entry point : 0x080000c1

  Load Region LR_IROM1 (Base: 0x08000000, Size: 0x000033f0, Max: 0x00020000, ABSOLUTE)

    Execution Region ER_IROM1 (Base: 0x08000000, Size: 0x00003380, Max: 0x00020000, ABSOLUTE)

    Base Addr    Size         Type   Attr      Idx    E Section Name        Object

    0x08000000   0x000000c0   Data   RO         3379    RESET               startup_stm32l071xx.o
    0x080000c0   0x00000000   Code   RO         4426  * .ARM.Collect$$$$00000000  mc_p.l(entry.o)
    0x080000c0   0x00000004   Code   RO         4445    .ARM.Collect$$$$00000001  mc_p.l(entry2.o)
    0x080000c4   0x00000004   Code   RO         4448    .ARM.Collect$$$$00000004  mc_p.l(entry5.o)
    0x080000c8   0x00000000   Code   RO         4450    .ARM.Collect$$$$00000008  mc_p.l(entry7b.o)
    0x080000c8   0x00000000   Code   RO         4452    .ARM.Collect$$$$0000000A  mc_p.l(entry8b.o)
    0x080000c8   0x00000008   Code   RO         4453    .ARM.Collect$$$$0000000B  mc_p.l(entry9a.o)
    0x080000d0   0x00000000   Code   RO         4455    .ARM.Collect$$$$0000000D  mc_p.l(entry10a.o)
    0x080000d0   0x00000000   Code   RO         4457    .ARM.Collect$$$$0000000F  mc_p.l(entry11a.o)
    0x080000d0   0x00000004   Code   RO         4446    .ARM.Collect$$$$00002712  mc_p.l(entry2.o)
    0x080000d4   0x0000001c   Code   RO         3380    .text               startup_stm32l071xx.o
    0x080000f0   0x0000002c   Code   RO         4429    .text               mc_p.l(uidiv.o)
    0x0800011c   0x00000028   Code   RO         4431    .text               mc_p.l(idiv.o)
    0x08000144   0x00000164   Code   RO         4433    .text               mf_p.l(dadd.o)
    0x080002a8   0x000000f0   Code   RO         4435    .text               mf_p.l(ddiv.o)
    0x08000398   0x0000002c   Code   RO         4437    .text               mf_p.l(dscalb.o)
    0x080003c4   0x0000001c   Code   RO         4439    .text               mf_p.l(dfltui.o)
    0x080003e0   0x0000001c   Code   RO         4441    .text               mf_p.l(dfltul.o)
    0x080003fc   0x0000003c   Code   RO         4443    .text               mf_p.l(dfixui.o)
    0x08000438   0x00000020   Code   RO         4459    .text               mc_p.l(llshl.o)
    0x08000458   0x00000022   Code   RO         4461    .text               mc_p.l(llushr.o)
    0x0800047a   0x00000026   Code   RO         4463    .text               mc_p.l(llsshr.o)
    0x080004a0   0x00000000   Code   RO         4465    .text               mc_p.l(iusefp.o)
    0x080004a0   0x000000be   Code   RO         4466    .text               mf_p.l(depilogue.o)
    0x0800055e   0x00000002   PAD
    0x08000560   0x00000024   Code   RO         4470    .text               mc_p.l(init.o)
    0x08000584   0x00000052   Code   RO         3003    i.ADC_ConversionStop  stm32l0xx_hal_adc.o
    0x080005d6   0x00000002   PAD
    0x080005d8   0x00000024   Code   RO         3007    i.ADC_DelayMicroSecond  stm32l0xx_hal_adc.o
    0x080005fc   0x00000060   Code   RO         3008    i.ADC_Disable       stm32l0xx_hal_adc.o
    0x0800065c   0x00000064   Code   RO         3009    i.ADC_Enable        stm32l0xx_hal_adc.o
    0x080006c0   0x00000094   Code   RO         4017    i.ADC_Init          adc.o
    0x08000754   0x00000046   Code   RO         4093    i.ADS1115_GetADC    ads1115.o
    0x0800079a   0x0000000a   Code   RO         4107    i.AmuxDisableAll    elec_sw.o
    0x080007a4   0x0000000a   Code   RO         4108    i.AmuxEnableAll     elec_sw.o
    0x080007ae   0x00000002   PAD
    0x080007b0   0x0000002c   Code   RO         4182    i.CAT9555Init       cat9555.o
    0x080007dc   0x000000ec   Code   RO         4357    i.DividerResVal     test_seq.o
    0x080008c8   0x00000008   Code   RO         3603    i.EXTI4_15_IRQHandler  stm32l0xx_it.o
    0x080008d0   0x0000003c   Code   RO         3855    i.EXTI_Key_IRQHandle  key.o
    0x0800090c   0x000000ac   Code   RO         4294    i.E_INK_Init        e_ink.o
    0x080009b8   0x00000038   Code   RO         4296    i.E_INK_WaitBusy    e_ink.o
    0x080009f0   0x0000002c   Code   RO         4297    i.E_INK_WriteByte   e_ink.o
    0x08000a1c   0x00000014   Code   RO         4298    i.E_INK_WriteCommand  e_ink.o
    0x08000a30   0x00000014   Code   RO         4299    i.E_INK_WriteData   e_ink.o
    0x08000a44   0x00000030   Code   RO         4183    i.ExtAdcChannel1    cat9555.o
    0x08000a74   0x00000030   Code   RO         4184    i.ExtAdcChannel2    cat9555.o
    0x08000aa4   0x00000020   Code   RO         4185    i.ExtPortOut        cat9555.o
    0x08000ac4   0x00000128   Code   RO         3387    i.GPIO_Init         main.o
    0x08000bec   0x0000003c   Code   RO         4019    i.GetADC16BitValue  adc.o
    0x08000c28   0x0000008e   Code   RO          651    i.HAL_ADCEx_Calibration_Start  stm32l0xx_hal_adc_ex.o
    0x08000cb6   0x00000002   PAD
    0x08000cb8   0x00000094   Code   RO         3011    i.HAL_ADC_ConfigChannel  stm32l0xx_hal_adc.o
    0x08000d4c   0x00000006   Code   RO         3018    i.HAL_ADC_GetValue  stm32l0xx_hal_adc.o
    0x08000d52   0x00000002   PAD
    0x08000d54   0x000001c4   Code   RO         3020    i.HAL_ADC_Init      stm32l0xx_hal_adc.o
    0x08000f18   0x00000038   Code   RO         3500    i.HAL_ADC_MspInit   stm32l0xx_hal_msp.o
    0x08000f50   0x000000be   Code   RO         3024    i.HAL_ADC_PollForConversion  stm32l0xx_hal_adc.o
    0x0800100e   0x00000002   PAD
    0x08001010   0x0000005c   Code   RO         3026    i.HAL_ADC_Start     stm32l0xx_hal_adc.o
    0x0800106c   0x0000003e   Code   RO         3029    i.HAL_ADC_Stop      stm32l0xx_hal_adc.o
    0x080010aa   0x00000002   PAD
    0x080010ac   0x00000184   Code   RO          517    i.HAL_GPIO_Init     stm32l0xx_hal_gpio.o
    0x08001230   0x0000000a   Code   RO          519    i.HAL_GPIO_ReadPin  stm32l0xx_hal_gpio.o
    0x0800123a   0x0000000c   Code   RO          521    i.HAL_GPIO_WritePin  stm32l0xx_hal_gpio.o
    0x08001246   0x00000002   PAD
    0x08001248   0x0000000c   Code   RO         2665    i.HAL_GetTick       stm32l0xx_hal.o
    0x08001254   0x00000010   Code   RO         2666    i.HAL_IncTick       stm32l0xx_hal.o
    0x08001264   0x00000020   Code   RO         2667    i.HAL_Init          stm32l0xx_hal.o
    0x08001284   0x00000028   Code   RO         2668    i.HAL_InitTick      stm32l0xx_hal.o
    0x080012ac   0x00000038   Code   RO         3501    i.HAL_MspInit       stm32l0xx_hal_msp.o
    0x080012e4   0x00000014   Code   RO          708    i.HAL_NVIC_EnableIRQ  stm32l0xx_hal_cortex.o
    0x080012f8   0x00000008   Code   RO          712    i.HAL_NVIC_SetPriority  stm32l0xx_hal_cortex.o
    0x08001300   0x00000160   Code   RO          157    i.HAL_RCCEx_PeriphCLKConfig  stm32l0xx_hal_rcc_ex.o
    0x08001460   0x00000168   Code   RO         3185    i.HAL_RCC_ClockConfig  stm32l0xx_hal_rcc.o
    0x080015c8   0x0000000c   Code   RO         3189    i.HAL_RCC_GetHCLKFreq  stm32l0xx_hal_rcc.o
    0x080015d4   0x00000020   Code   RO         3191    i.HAL_RCC_GetPCLK1Freq  stm32l0xx_hal_rcc.o
    0x080015f4   0x00000020   Code   RO         3192    i.HAL_RCC_GetPCLK2Freq  stm32l0xx_hal_rcc.o
    0x08001614   0x0000007c   Code   RO         3193    i.HAL_RCC_GetSysClockFreq  stm32l0xx_hal_rcc.o
    0x08001690   0x000003d4   Code   RO         3196    i.HAL_RCC_OscConfig  stm32l0xx_hal_rcc.o
    0x08001a64   0x00000018   Code   RO          714    i.HAL_SYSTICK_CLKSourceConfig  stm32l0xx_hal_cortex.o
    0x08001a7c   0x00000002   Code   RO          715    i.HAL_SYSTICK_Callback  stm32l0xx_hal_cortex.o
    0x08001a7e   0x00000002   PAD
    0x08001a80   0x00000030   Code   RO          716    i.HAL_SYSTICK_Config  stm32l0xx_hal_cortex.o
    0x08001ab0   0x00000008   Code   RO          717    i.HAL_SYSTICK_IRQHandler  stm32l0xx_hal_cortex.o
    0x08001ab8   0x00000048   Code   RO         2819    i.HAL_TIMEx_MasterConfigSynchronization  stm32l0xx_hal_tim_ex.o
    0x08001b00   0x00000034   Code   RO         1313    i.HAL_TIM_Base_Init  stm32l0xx_hal_tim.o
    0x08001b34   0x00000030   Code   RO         3507    i.HAL_TIM_Base_MspInit  stm32l0xx_hal_msp.o
    0x08001b64   0x00000016   Code   RO         1318    i.HAL_TIM_Base_Start_IT  stm32l0xx_hal_tim.o
    0x08001b7a   0x00000002   Code   RO         1342    i.HAL_TIM_IC_CaptureCallback  stm32l0xx_hal_tim.o
    0x08001b7c   0x00000126   Code   RO         1355    i.HAL_TIM_IRQHandler  stm32l0xx_hal_tim.o
    0x08001ca2   0x00000002   Code   RO         1358    i.HAL_TIM_OC_DelayElapsedCallback  stm32l0xx_hal_tim.o
    0x08001ca4   0x000000d0   Code   RO         1379    i.HAL_TIM_PWM_ConfigChannel  stm32l0xx_hal_tim.o
    0x08001d74   0x00000034   Code   RO         1382    i.HAL_TIM_PWM_Init  stm32l0xx_hal_tim.o
    0x08001da8   0x0000001c   Code   RO         3509    i.HAL_TIM_PWM_MspInit  stm32l0xx_hal_msp.o
    0x08001dc4   0x00000002   Code   RO         1385    i.HAL_TIM_PWM_PulseFinishedCallback  stm32l0xx_hal_tim.o
    0x08001dc6   0x0000001a   Code   RO         1386    i.HAL_TIM_PWM_Start  stm32l0xx_hal_tim.o
    0x08001de0   0x00000044   Code   RO         3388    i.HAL_TIM_PeriodElapsedCallback  main.o
    0x08001e24   0x00000002   Code   RO         1396    i.HAL_TIM_TriggerCallback  stm32l0xx_hal_tim.o
    0x08001e26   0x00000068   Code   RO         2181    i.HAL_UART_Init     stm32l0xx_hal_uart.o
    0x08001e8e   0x00000002   PAD
    0x08001e90   0x00000054   Code   RO         3511    i.HAL_UART_MspInit  stm32l0xx_hal_msp.o
    0x08001ee4   0x000000a0   Code   RO         2189    i.HAL_UART_Transmit  stm32l0xx_hal_uart.o
    0x08001f84   0x00000056   Code   RO          443    i.HAL_WWDG_Init     stm32l0xx_hal_wwdg.o
    0x08001fda   0x00000002   PAD
    0x08001fdc   0x0000001c   Code   RO         3513    i.HAL_WWDG_MspInit  stm32l0xx_hal_msp.o
    0x08001ff8   0x00000002   Code   RO         3604    i.HardFault_Handler  stm32l0xx_it.o
    0x08001ffa   0x0000000c   Code   RO         3905    i.I2C_Delay         gpio_i2c.o
    0x08002006   0x00000002   PAD
    0x08002008   0x0000004c   Code   RO         3906    i.I2C_Init          gpio_i2c.o
    0x08002054   0x00000054   Code   RO         3907    i.I2C_RcvDat        gpio_i2c.o
    0x080020a8   0x0000004a   Code   RO         3908    i.I2C_ReadData      gpio_i2c.o
    0x080020f2   0x0000002a   Code   RO         3909    i.I2C_ReceiveBytes  gpio_i2c.o
    0x0800211c   0x00000020   Code   RO         3910    i.I2C_SendAck       gpio_i2c.o
    0x0800213c   0x0000003c   Code   RO         3911    i.I2C_SendByte      gpio_i2c.o
    0x08002178   0x00000020   Code   RO         3912    i.I2C_SendNoAck     gpio_i2c.o
    0x08002198   0x00000024   Code   RO         3913    i.I2C_Start         gpio_i2c.o
    0x080021bc   0x00000024   Code   RO         3914    i.I2C_Stop          gpio_i2c.o
    0x080021e0   0x00000044   Code   RO         3915    i.I2C_WaitAck       gpio_i2c.o
    0x08002224   0x00000044   Code   RO         3916    i.I2C_WriteData     gpio_i2c.o
    0x08002268   0x00000038   Code   RO         3856    i.KeyInit           key.o
    0x080022a0   0x00000078   Code   RO         3857    i.KeyProcess        key.o
    0x08002318   0x00000008   Code   RO         4109    i.MeasuringSwitch   elec_sw.o
    0x08002320   0x00000074   Code   RO         3858    i.ModeSmooothProcess  key.o
    0x08002394   0x00000002   Code   RO         3605    i.NMI_Handler       stm32l0xx_it.o
    0x08002396   0x00000002   PAD
    0x08002398   0x00000044   Code   RO          718    i.NVIC_SetPriority  stm32l0xx_hal_cortex.o
    0x080023dc   0x000000a4   Code   RO         3811    i.PWM_TIM2_Init     pwm_tim2.o
    0x08002480   0x00000002   Code   RO         3606    i.PendSV_Handler    stm32l0xx_it.o
    0x08002482   0x0000000e   Code   RO         3389    i.PowerOff          main.o
    0x08002490   0x0000000e   Code   RO         3390    i.PowerOn           main.o
    0x0800249e   0x00000044   Code   RO         4358    i.ResCalc           test_seq.o
    0x080024e2   0x0000002a   Code   RO         4110    i.ResistanceEnable  elec_sw.o
    0x0800250c   0x00000014   Code   RO         3921    i.SDA_DATA          gpio_i2c.o
    0x08002520   0x0000006c   Code   RO         4359    i.SRCResVal         test_seq.o
    0x0800258c   0x00000002   Code   RO         3607    i.SVC_Handler       stm32l0xx_it.o
    0x0800258e   0x00000002   PAD
    0x08002590   0x00000010   Code   RO         3812    i.SetB_Value        pwm_tim2.o
    0x080025a0   0x0000000c   Code   RO         3813    i.SetG_Value        pwm_tim2.o
    0x080025ac   0x00000020   Code   RO         3859    i.SetRGB            key.o
    0x080025cc   0x0000000c   Code   RO         3814    i.SetR_Value        pwm_tim2.o
    0x080025d8   0x00000012   Code   RO         4360    i.ShortEnableSet    test_seq.o
    0x080025ea   0x0000003e   Code   RO         4361    i.ShortForceSet     test_seq.o
    0x08002628   0x00000030   Code   RO         4362    i.ShortInit         test_seq.o
    0x08002658   0x00000050   Code   RO         4363    i.ShortSenseSet     test_seq.o
    0x080026a8   0x0000000c   Code   RO         3608    i.SysTick_Handler   stm32l0xx_it.o
    0x080026b4   0x00000070   Code   RO         3391    i.SystemClock_Config  main.o
    0x08002724   0x00000054   Code   RO            4    i.SystemInit        system_stm32l0xx.o
    0x08002778   0x00000010   Code   RO         3609    i.TIM6_IRQHandler   stm32l0xx_it.o
    0x08002788   0x00000060   Code   RO         1397    i.TIM_Base_SetConfig  stm32l0xx_hal_tim.o
    0x080027e8   0x00000016   Code   RO         1398    i.TIM_CCxChannelCmd  stm32l0xx_hal_tim.o
    0x080027fe   0x00000030   Code   RO         1406    i.TIM_OC1_SetConfig  stm32l0xx_hal_tim.o
    0x0800282e   0x00000032   Code   RO         1407    i.TIM_OC2_SetConfig  stm32l0xx_hal_tim.o
    0x08002860   0x00000036   Code   RO         1408    i.TIM_OC3_SetConfig  stm32l0xx_hal_tim.o
    0x08002896   0x00000036   Code   RO         1409    i.TIM_OC4_SetConfig  stm32l0xx_hal_tim.o
    0x080028cc   0x00000058   Code   RO         4364    i.TestFunc          test_seq.o
    0x08002924   0x00000014   Code   RO         3393    i.TimerProcess_1ms  main.o
    0x08002938   0x00000018   Code   RO         3394    i.TimerProcess_1s   main.o
    0x08002950   0x00000048   Code   RO         4186    i.U1_1_Channel      cat9555.o
    0x08002998   0x00000048   Code   RO         4187    i.U1_2_Channel      cat9555.o
    0x080029e0   0x00000054   Code   RO         4188    i.U2_1_Channel      cat9555.o
    0x08002a34   0x00000054   Code   RO         4189    i.U2_2_Channel      cat9555.o
    0x08002a88   0x0000004c   Code   RO         4111    i.U3_1_Channel      elec_sw.o
    0x08002ad4   0x0000004c   Code   RO         4112    i.U3_3_Channel      elec_sw.o
    0x08002b20   0x00000040   Code   RO         4113    i.U4_1_Channel      elec_sw.o
    0x08002b60   0x00000048   Code   RO         4114    i.U4_2_Channel      elec_sw.o
    0x08002ba8   0x0000004c   Code   RO         4115    i.U5_1_Channel      elec_sw.o
    0x08002bf4   0x000000ca   Code   RO         2194    i.UART_AdvFeatureConfig  stm32l0xx_hal_uart.o
    0x08002cbe   0x00000002   PAD
    0x08002cc0   0x00000058   Code   RO         2195    i.UART_CheckIdleState  stm32l0xx_hal_uart.o
    0x08002d18   0x000002a0   Code   RO         2202    i.UART_SetConfig    stm32l0xx_hal_uart.o
    0x08002fb8   0x000000b2   Code   RO         2204    i.UART_WaitOnFlagUntilTimeout  stm32l0xx_hal_uart.o
    0x0800306a   0x00000002   PAD
    0x0800306c   0x00000030   Code   RO         4245    i.USART_Init        usart.o
    0x0800309c   0x00000074   Code   RO         4246    i.USART_printf      usart.o
    0x08003110   0x0000002a   Code   RO         4116    i.VoltageEnable     elec_sw.o
    0x0800313a   0x0000002e   Code   RO         4468    i.__ARM_clz         mf_p.l(depilogue.o)
    0x08003168   0x0000001a   Code   RO         1929    i.__ARM_common_switch8  stm32l0xx_hal_tim.o
    0x08003182   0x0000000e   Code   RO         4474    i.__scatterload_copy  mc_p.l(handlers.o)
    0x08003190   0x00000002   Code   RO         4475    i.__scatterload_null  mc_p.l(handlers.o)
    0x08003192   0x0000000e   Code   RO         4476    i.__scatterload_zeroinit  mc_p.l(handlers.o)
    0x080031a0   0x00000020   Code   RO         3779    i.delay_1ms         delay.o
    0x080031c0   0x00000014   Code   RO         3780    i.delay_ms          delay.o
    0x080031d4   0x00000050   Code   RO         4247    i.itoa              usart.o
    0x08003224   0x0000003c   Code   RO         4248    i.itoh              usart.o
    0x08003260   0x000000dc   Code   RO         3395    i.main              main.o
    0x0800333c   0x00000019   Data   RO            5    .constdata          system_stm32l0xx.o
    0x08003355   0x00000008   Data   RO            6    .constdata          system_stm32l0xx.o
    0x0800335d   0x00000003   PAD
    0x08003360   0x00000020   Data   RO         4472    Region$$Table       anon$$obj.o


    Execution Region RW_IRAM1 (Base: 0x20000000, Size: 0x00000690, Max: 0x00005000, ABSOLUTE)

    Base Addr    Size         Type   Attr      Idx    E Section Name        Object

    0x20000000   0x00000004   Data   RW            7    .data               system_stm32l0xx.o
    0x20000004   0x00000004   Data   RW         2677    .data               stm32l0xx_hal.o
    0x20000008   0x0000000a   Data   RW         3398    .data               main.o
    0x20000012   0x00000002   PAD
    0x20000014   0x00000010   Data   RW         3815    .data               pwm_tim2.o
    0x20000024   0x00000010   Data   RW         3860    .data               key.o
    0x20000034   0x0000000c   Data   RW         3922    .data               gpio_i2c.o
    0x20000040   0x00000008   Data   RW         4021    .data               adc.o
    0x20000048   0x00000002   Data   RW         4190    .data               cat9555.o
    0x2000004a   0x00000002   PAD
    0x2000004c   0x00000010   Data   RW         4191    .data               cat9555.o
    0x2000005c   0x00000014   Data   RW         4365    .data               test_seq.o
    0x20000070   0x0000004c   Zero   RW         3397    .bss                main.o
    0x200000bc   0x00000060   Zero   RW         4020    .bss                adc.o
    0x2000011c   0x00000170   Zero   RW         4249    .bss                usart.o
    0x2000028c   0x00000004   PAD
    0x20000290   0x00000400   Zero   RW         3377    STACK               startup_stm32l071xx.o


==============================================================================

Image component sizes


      Code (inc. data)   RO Data    RW Data    ZI Data      Debug   Object Name

       208         24          0          8         96       1848   adc.o
        70          0          0          0          0        989   ads1115.o
       484         64          0         18          0       7435   cat9555.o
        52          8          0          0          0       1251   delay.o
       312         26          0          0          0       2809   e_ink.o
       476         76          0          0          0       5021   elec_sw.o
       640         44          0         12          0       8146   gpio_i2c.o
       384         52          0         16          0       3531   key.o
       768         98          0         10         76       5948   main.o
       204         12          0         16          0       2589   pwm_tim2.o
        28          8        192          0       1024        600   startup_stm32l071xx.o
       100         24          0          4          0       3059   stm32l0xx_hal.o
      1264         38          0          0          0       7461   stm32l0xx_hal_adc.o
       142          0          0          0          0       1338   stm32l0xx_hal_adc_ex.o
       178         28          0          0          0      12099   stm32l0xx_hal_cortex.o
       410         32          0          0          0       2707   stm32l0xx_hal_gpio.o
       300         50          0          0          0       3431   stm32l0xx_hal_msp.o
      1540        102          0          0          0       5908   stm32l0xx_hal_rcc.o
       352         14          0          0          0       1412   stm32l0xx_hal_rcc_ex.o
      1012         14          0          0          0      10793   stm32l0xx_hal_tim.o
        72          0          0          0          0       1104   stm32l0xx_hal_tim_ex.o
      1404         78          0          0          0       5369   stm32l0xx_hal_uart.o
        86          0          0          0          0       1040   stm32l0xx_hal_wwdg.o
        44          6          0          0          0       2999   stm32l0xx_it.o
        84         18         33          4          0     353763   system_stm32l0xx.o
       708         90          0         20          0       5512   test_seq.o
       304         14          0          0        368       3588   usart.o

    ----------------------------------------------------------------------
     11656        920        260        112       1568     461750   Object Totals
         0          0         32          0          0          0   (incl. Generated)
        30          0          3          4          4          0   (incl. Padding)

    ----------------------------------------------------------------------

      Code (inc. data)   RO Data    RW Data    ZI Data      Debug   Library Member Name

         0          0          0          0          0          0   entry.o
         0          0          0          0          0          0   entry10a.o
         0          0          0          0          0          0   entry11a.o
         8          4          0          0          0          0   entry2.o
         4          0          0          0          0          0   entry5.o
         0          0          0          0          0          0   entry7b.o
         0          0          0          0          0          0   entry8b.o
         8          4          0          0          0          0   entry9a.o
        30          0          0          0          0          0   handlers.o
        40          0          0          0          0         72   idiv.o
        36          8          0          0          0         68   init.o
         0          0          0          0          0          0   iusefp.o
        32          0          0          0          0         68   llshl.o
        38          0          0          0          0         68   llsshr.o
        34          0          0          0          0         68   llushr.o
        44          0          0          0          0         72   uidiv.o
       356          4          0          0          0        140   dadd.o
       240          6          0          0          0         84   ddiv.o
       236          0          0          0          0        216   depilogue.o
        60         10          0          0          0         68   dfixui.o
        28          4          0          0          0         68   dfltui.o
        28          6          0          0          0         68   dfltul.o
        44          0          0          0          0         72   dscalb.o

    ----------------------------------------------------------------------
      1268         46          0          0          0       1132   Library Totals
         2          0          0          0          0          0   (incl. Padding)

    ----------------------------------------------------------------------

      Code (inc. data)   RO Data    RW Data    ZI Data      Debug   Library Name

       274         16          0          0          0        416   mc_p.l
       992         30          0          0          0        716   mf_p.l

    ----------------------------------------------------------------------
      1268         46          0          0          0       1132   Library Totals

    ----------------------------------------------------------------------

==============================================================================


      Code (inc. data)   RO Data    RW Data    ZI Data      Debug   

     12924        966        260        112       1568     456522   Grand Totals
     12924        966        260        112       1568     456522   ELF Image Totals
     12924        966        260        112          0          0   ROM Totals

==============================================================================

    Total RO  Size (Code + RO Data)                13184 (  12.88kB)
    Total RW  Size (RW Data + ZI Data)              1680 (   1.64kB)
    Total ROM Size (Code + RO Data + RW Data)      13296 (  12.98kB)

==============================================================================

