Component: ARM Compiler 5.06 update 4 (build 422) Tool: armlink [4d35d2]

==============================================================================

Section Cross References

    system_stm32l0xx.o(i.SystemCoreClockUpdate) refers to uidiv.o(.text) for __aeabi_uidivmod
    system_stm32l0xx.o(i.SystemCoreClockUpdate) refers to system_stm32l0xx.o(.data) for SystemCoreClock
    system_stm32l0xx.o(i.SystemCoreClockUpdate) refers to system_stm32l0xx.o(.constdata) for PLLMulTable
    stm32l0xx_hal_rcc_ex.o(i.HAL_RCCEx_GetPeriphCLKFreq) refers to stm32l0xx_hal_rcc.o(i.HAL_RCC_GetPCLK2Freq) for HAL_RCC_GetPCLK2Freq
    stm32l0xx_hal_rcc_ex.o(i.HAL_RCCEx_GetPeriphCLKFreq) refers to stm32l0xx_hal_rcc.o(i.HAL_RCC_GetSysClockFreq) for HAL_RCC_GetSysClockFreq
    stm32l0xx_hal_rcc_ex.o(i.HAL_RCCEx_GetPeriphCLKFreq) refers to stm32l0xx_hal_rcc.o(i.HAL_RCC_GetPCLK1Freq) for HAL_RCC_GetPCLK1Freq
    stm32l0xx_hal_rcc_ex.o(i.HAL_RCCEx_LSECSS_IRQHandler) refers to stm32l0xx_hal_rcc_ex.o(i.HAL_RCCEx_LSECSS_Callback) for HAL_RCCEx_LSECSS_Callback
    stm32l0xx_hal_rcc_ex.o(i.HAL_RCCEx_PeriphCLKConfig) refers to stm32l0xx_hal.o(i.HAL_GetTick) for HAL_GetTick
    stm32l0xx_hal_rtc_ex.o(i.HAL_RTCEx_DeactivateRefClock) refers to stm32l0xx_hal_rtc.o(i.RTC_EnterInitMode) for RTC_EnterInitMode
    stm32l0xx_hal_rtc_ex.o(i.HAL_RTCEx_DeactivateWakeUpTimer) refers to stm32l0xx_hal.o(i.HAL_GetTick) for HAL_GetTick
    stm32l0xx_hal_rtc_ex.o(i.HAL_RTCEx_GetTimeStamp) refers to stm32l0xx_hal_rtc.o(i.RTC_Bcd2ToByte) for RTC_Bcd2ToByte
    stm32l0xx_hal_rtc_ex.o(i.HAL_RTCEx_PollForAlarmBEvent) refers to stm32l0xx_hal.o(i.HAL_GetTick) for HAL_GetTick
    stm32l0xx_hal_rtc_ex.o(i.HAL_RTCEx_PollForTamper1Event) refers to stm32l0xx_hal.o(i.HAL_GetTick) for HAL_GetTick
    stm32l0xx_hal_rtc_ex.o(i.HAL_RTCEx_PollForTamper2Event) refers to stm32l0xx_hal.o(i.HAL_GetTick) for HAL_GetTick
    stm32l0xx_hal_rtc_ex.o(i.HAL_RTCEx_PollForTamper3Event) refers to stm32l0xx_hal.o(i.HAL_GetTick) for HAL_GetTick
    stm32l0xx_hal_rtc_ex.o(i.HAL_RTCEx_PollForTimeStampEvent) refers to stm32l0xx_hal.o(i.HAL_GetTick) for HAL_GetTick
    stm32l0xx_hal_rtc_ex.o(i.HAL_RTCEx_PollForWakeUpTimerEvent) refers to stm32l0xx_hal.o(i.HAL_GetTick) for HAL_GetTick
    stm32l0xx_hal_rtc_ex.o(i.HAL_RTCEx_SetRefClock) refers to stm32l0xx_hal_rtc.o(i.RTC_EnterInitMode) for RTC_EnterInitMode
    stm32l0xx_hal_rtc_ex.o(i.HAL_RTCEx_SetSmoothCalib) refers to stm32l0xx_hal.o(i.HAL_GetTick) for HAL_GetTick
    stm32l0xx_hal_rtc_ex.o(i.HAL_RTCEx_SetSynchroShift) refers to stm32l0xx_hal.o(i.HAL_GetTick) for HAL_GetTick
    stm32l0xx_hal_rtc_ex.o(i.HAL_RTCEx_SetSynchroShift) refers to stm32l0xx_hal_rtc.o(i.HAL_RTC_WaitForSynchro) for HAL_RTC_WaitForSynchro
    stm32l0xx_hal_rtc_ex.o(i.HAL_RTCEx_SetWakeUpTimer) refers to stm32l0xx_hal.o(i.HAL_GetTick) for HAL_GetTick
    stm32l0xx_hal_rtc_ex.o(i.HAL_RTCEx_SetWakeUpTimer_IT) refers to stm32l0xx_hal.o(i.HAL_GetTick) for HAL_GetTick
    stm32l0xx_hal_rtc_ex.o(i.HAL_RTCEx_TamperTimeStampIRQHandler) refers to stm32l0xx_hal_rtc_ex.o(i.HAL_RTCEx_TimeStampEventCallback) for HAL_RTCEx_TimeStampEventCallback
    stm32l0xx_hal_rtc_ex.o(i.HAL_RTCEx_TamperTimeStampIRQHandler) refers to stm32l0xx_hal_rtc_ex.o(i.HAL_RTCEx_Tamper1EventCallback) for HAL_RTCEx_Tamper1EventCallback
    stm32l0xx_hal_rtc_ex.o(i.HAL_RTCEx_TamperTimeStampIRQHandler) refers to stm32l0xx_hal_rtc_ex.o(i.HAL_RTCEx_Tamper2EventCallback) for HAL_RTCEx_Tamper2EventCallback
    stm32l0xx_hal_rtc_ex.o(i.HAL_RTCEx_TamperTimeStampIRQHandler) refers to stm32l0xx_hal_rtc_ex.o(i.HAL_RTCEx_Tamper3EventCallback) for HAL_RTCEx_Tamper3EventCallback
    stm32l0xx_hal_rtc_ex.o(i.HAL_RTCEx_WakeUpTimerIRQHandler) refers to stm32l0xx_hal_rtc_ex.o(i.HAL_RTCEx_WakeUpTimerEventCallback) for HAL_RTCEx_WakeUpTimerEventCallback
    stm32l0xx_hal_wwdg.o(i.HAL_WWDG_DeInit) refers to stm32l0xx_hal_msp.o(i.HAL_WWDG_MspDeInit) for HAL_WWDG_MspDeInit
    stm32l0xx_hal_wwdg.o(i.HAL_WWDG_IRQHandler) refers to stm32l0xx_hal_wwdg.o(i.HAL_WWDG_WakeupCallback) for HAL_WWDG_WakeupCallback
    stm32l0xx_hal_wwdg.o(i.HAL_WWDG_Init) refers to stm32l0xx_hal_msp.o(i.HAL_WWDG_MspInit) for HAL_WWDG_MspInit
    stm32l0xx_hal_gpio.o(i.HAL_GPIO_EXTI_IRQHandler) refers to stm32l0xx_hal_gpio.o(i.HAL_GPIO_EXTI_Callback) for HAL_GPIO_EXTI_Callback
    stm32l0xx_hal_dma.o(i.HAL_DMA_Abort) refers to stm32l0xx_hal.o(i.HAL_GetTick) for HAL_GetTick
    stm32l0xx_hal_dma.o(i.HAL_DMA_PollForTransfer) refers to stm32l0xx_hal.o(i.HAL_GetTick) for HAL_GetTick
    stm32l0xx_hal_dma.o(i.HAL_DMA_Start) refers to stm32l0xx_hal_dma.o(i.DMA_SetConfig) for DMA_SetConfig
    stm32l0xx_hal_dma.o(i.HAL_DMA_Start_IT) refers to stm32l0xx_hal_dma.o(i.DMA_SetConfig) for DMA_SetConfig
    stm32l0xx_hal_adc_ex.o(i.HAL_ADCEx_Calibration_Start) refers to stm32l0xx_hal.o(i.HAL_GetTick) for HAL_GetTick
    stm32l0xx_hal_adc_ex.o(i.HAL_ADCEx_EnableVREFINT) refers to stm32l0xx_hal.o(i.HAL_GetTick) for HAL_GetTick
[...]
    Removing stm32l0xx_hal_tim_ex.o(i.HAL_TIMEx_RemapConfig), (46 bytes).
    Removing stm32l0xx_hal_pwr_ex.o(.rev16_text), (4 bytes).
    Removing stm32l0xx_hal_pwr_ex.o(.revsh_text), (4 bytes).
    Removing stm32l0xx_hal_pwr_ex.o(i.HAL_PWREx_DisableFastWakeUp), (20 bytes).
    Removing stm32l0xx_hal_pwr_ex.o(i.HAL_PWREx_DisableLowPowerRunMode), (96 bytes).
    Removing stm32l0xx_hal_pwr_ex.o(i.HAL_PWREx_DisableUltraLowPower), (20 bytes).
    Removing stm32l0xx_hal_pwr_ex.o(i.HAL_PWREx_EnableFastWakeUp), (20 bytes).
    Removing stm32l0xx_hal_pwr_ex.o(i.HAL_PWREx_EnableLowPowerRunMode), (32 bytes).
    Removing stm32l0xx_hal_pwr_ex.o(i.HAL_PWREx_EnableUltraLowPower), (20 bytes).
    Removing stm32l0xx_hal_flash_ex.o(.rev16_text), (4 bytes).
    Removing stm32l0xx_hal_flash_ex.o(.revsh_text), (4 bytes).
    Removing stm32l0xx_hal_flash_ex.o(i.FLASH_OB_BFB2Config), (88 bytes).
    Removing stm32l0xx_hal_flash_ex.o(i.FLASH_OB_BOOTBit1Config), (84 bytes).
    Removing stm32l0xx_hal_flash_ex.o(i.FLASH_OB_BORConfig), (88 bytes).
    Removing stm32l0xx_hal_flash_ex.o(i.FLASH_OB_GetBOOTBit1), (12 bytes).
    Removing stm32l0xx_hal_flash_ex.o(i.FLASH_OB_GetBOR), (20 bytes).
    Removing stm32l0xx_hal_flash_ex.o(i.FLASH_OB_GetRDP), (12 bytes).
    Removing stm32l0xx_hal_flash_ex.o(i.FLASH_OB_GetUser), (20 bytes).
    Removing stm32l0xx_hal_flash_ex.o(i.FLASH_OB_GetWRP), (12 bytes).
    Removing stm32l0xx_hal_flash_ex.o(i.FLASH_OB_GetWRP2), (12 bytes).
    Removing stm32l0xx_hal_flash_ex.o(i.FLASH_OB_PCROPSelectionConfig), (76 bytes).
    Removing stm32l0xx_hal_flash_ex.o(i.FLASH_OB_ProtectedSectorsConfig), (224 bytes).
    Removing stm32l0xx_hal_flash_ex.o(i.FLASH_OB_RDPConfig), (80 bytes).
    Removing stm32l0xx_hal_flash_ex.o(i.FLASH_OB_UserConfig), (108 bytes).
    Removing stm32l0xx_hal_flash_ex.o(i.HAL_FLASHEx_AdvOBGetConfig), (52 bytes).
    Removing stm32l0xx_hal_flash_ex.o(i.HAL_FLASHEx_AdvOBProgram), (48 bytes).
    Removing stm32l0xx_hal_flash_ex.o(i.HAL_FLASHEx_DATAEEPROM_DisableFixedTimeProgram), (20 bytes).
    Removing stm32l0xx_hal_flash_ex.o(i.HAL_FLASHEx_DATAEEPROM_EnableFixedTimeProgram), (20 bytes).
    Removing stm32l0xx_hal_flash_ex.o(i.HAL_FLASHEx_DATAEEPROM_Erase), (44 bytes).
    Removing stm32l0xx_hal_flash_ex.o(i.HAL_FLASHEx_DATAEEPROM_Lock), (20 bytes).
    Removing stm32l0xx_hal_flash_ex.o(i.HAL_FLASHEx_DATAEEPROM_Program), (104 bytes).
    Removing stm32l0xx_hal_flash_ex.o(i.HAL_FLASHEx_DATAEEPROM_Unlock), (44 bytes).
    Removing stm32l0xx_hal_flash_ex.o(i.HAL_FLASHEx_Erase), (144 bytes).
    Removing stm32l0xx_hal_flash_ex.o(i.HAL_FLASHEx_Erase_IT), (108 bytes).
    Removing stm32l0xx_hal_flash_ex.o(i.HAL_FLASHEx_OBGetConfig), (46 bytes).
    Removing stm32l0xx_hal_flash_ex.o(i.HAL_FLASHEx_OBProgram), (216 bytes).
    Removing stm32l0xx_hal_flash_ex.o(i.HAL_FLASHEx_OB_DeSelectPCROP), (10 bytes).
    Removing stm32l0xx_hal_flash_ex.o(i.HAL_FLASHEx_OB_SelectPCROP), (10 bytes).
    Removing stm32l0xx_hal_adc.o(.rev16_text), (4 bytes).
    Removing stm32l0xx_hal_adc.o(.revsh_text), (4 bytes).
    Removing stm32l0xx_hal_adc.o(i.ADC_DMAConvCplt), (134 bytes).
    Removing stm32l0xx_hal_adc.o(i.ADC_DMAError), (30 bytes).
    Removing stm32l0xx_hal_adc.o(i.ADC_DMAHalfConvCplt), (14 bytes).
    Removing stm32l0xx_hal_adc.o(i.HAL_ADC_AnalogWDGConfig), (212 bytes).
    Removing stm32l0xx_hal_adc.o(i.HAL_ADC_ConvCpltCallback), (2 bytes).
    Removing stm32l0xx_hal_adc.o(i.HAL_ADC_ConvHalfCpltCallback), (2 bytes).
    Removing stm32l0xx_hal_adc.o(i.HAL_ADC_DeInit), (212 bytes).
    Removing stm32l0xx_hal_adc.o(i.HAL_ADC_ErrorCallback), (2 bytes).
    Removing stm32l0xx_hal_adc.o(i.HAL_ADC_GetError), (6 bytes).
    Removing stm32l0xx_hal_adc.o(i.HAL_ADC_GetState), (6 bytes).
    Removing stm32l0xx_hal_adc.o(i.HAL_ADC_IRQHandler), (278 bytes).
    Removing stm32l0xx_hal_adc.o(i.HAL_ADC_LevelOutOfWindowCallback), (2 bytes).
    Removing stm32l0xx_hal_adc.o(i.HAL_ADC_MspDeInit), (2 bytes).
    Removing stm32l0xx_hal_adc.o(i.HAL_ADC_MspInit), (2 bytes).
    Removing stm32l0xx_hal_adc.o(i.HAL_ADC_PollForEvent), (138 bytes).
    Removing stm32l0xx_hal_adc.o(i.HAL_ADC_Start_DMA), (192 bytes).
    Removing stm32l0xx_hal_adc.o(i.HAL_ADC_Start_IT), (168 bytes).
    Removing stm32l0xx_hal_adc.o(i.HAL_ADC_Stop_DMA), (136 bytes).
    Removing stm32l0xx_hal_adc.o(i.HAL_ADC_Stop_IT), (92 bytes).
    Removing stm32l0xx_hal_rcc.o(.rev16_text), (4 bytes).
    Removing stm32l0xx_hal_rcc.o(.revsh_text), (4 bytes).
    Removing stm32l0xx_hal_rcc.o(i.HAL_RCC_CSSCallback), (2 bytes).
    Removing stm32l0xx_hal_rcc.o(i.HAL_RCC_DeInit), (84 bytes).
    Removing stm32l0xx_hal_rcc.o(i.HAL_RCC_EnableCSS), (20 bytes).
    Removing stm32l0xx_hal_rcc.o(i.HAL_RCC_GetClockConfig), (68 bytes).
    Removing stm32l0xx_hal_rcc.o(i.HAL_RCC_GetOscConfig), (272 bytes).
    Removing stm32l0xx_hal_rcc.o(i.HAL_RCC_MCOConfig), (200 bytes).
    Removing stm32l0xx_hal_rcc.o(i.HAL_RCC_NMI_IRQHandler), (36 bytes).
    Removing stm32l0xx_hal_flash.o(.rev16_text), (4 bytes).
    Removing stm32l0xx_hal_flash.o(.revsh_text), (4 bytes).
    Removing stm32l0xx_hal_flash.o(i.FLASH_ErasePage), (48 bytes).
    Removing stm32l0xx_hal_flash.o(i.FLASH_Program_Word), (16 bytes).
    Removing stm32l0xx_hal_flash.o(i.FLASH_SetErrorCode), (204 bytes).
    Removing stm32l0xx_hal_flash.o(i.FLASH_WaitForLastOperation), (188 bytes).
    Removing stm32l0xx_hal_flash.o(i.HAL_FLASH_EndOfOperationCallback), (2 bytes).
    Removing stm32l0xx_hal_flash.o(i.HAL_FLASH_GetError), (12 bytes).
    Removing stm32l0xx_hal_flash.o(i.HAL_FLASH_IRQHandler), (300 bytes).
    Removing stm32l0xx_hal_flash.o(i.HAL_FLASH_Lock), (20 bytes).
    Removing stm32l0xx_hal_flash.o(i.HAL_FLASH_OB_Launch), (44 bytes).
    Removing stm32l0xx_hal_flash.o(i.HAL_FLASH_OB_Lock), (20 bytes).
    Removing stm32l0xx_hal_flash.o(i.HAL_FLASH_OB_Unlock), (76 bytes).
    Removing stm32l0xx_hal_flash.o(i.HAL_FLASH_OperationErrorCallback), (2 bytes).
    Removing stm32l0xx_hal_flash.o(i.HAL_FLASH_Program), (84 bytes).
    Removing stm32l0xx_hal_flash.o(i.HAL_FLASH_Program_IT), (112 bytes).
    Removing stm32l0xx_hal_flash.o(i.HAL_FLASH_Unlock), (76 bytes).
    Removing stm32l0xx_hal_flash.o(.bss), (24 bytes).
    Removing startup_stm32l071xx.o(HEAP), (512 bytes).
    Removing main.o(.rev16_text), (4 bytes).
    Removing main.o(.revsh_text), (4 bytes).
    Removing main.o(i.SPI2_Init), (80 bytes).
    Removing main.o(i.TestSpiFlashID), (10 bytes).
    Removing stm32l0xx_hal_msp.o(.rev16_text), (4 bytes).
    Removing stm32l0xx_hal_msp.o(.revsh_text), (4 bytes).
    Removing stm32l0xx_hal_msp.o(i.HAL_ADC_MspDeInit), (44 bytes).
    Removing stm32l0xx_hal_msp.o(i.HAL_RTC_MspDeInit), (32 bytes).
    Removing stm32l0xx_hal_msp.o(i.HAL_RTC_MspInit), (32 bytes).
    Removing stm32l0xx_hal_msp.o(i.HAL_SPI_MspDeInit), (48 bytes).
    Removing stm32l0xx_hal_msp.o(i.HAL_SPI_MspInit), (72 bytes).
    Removing stm32l0xx_hal_msp.o(i.HAL_TIM_Base_MspDeInit), (32 bytes).
    Removing stm32l0xx_hal_msp.o(i.HAL_TIM_PWM_MspDeInit), (28 bytes).
    Removing stm32l0xx_hal_msp.o(i.HAL_UART_MspDeInit), (88 bytes).
    Removing stm32l0xx_hal_msp.o(i.HAL_WWDG_MspDeInit), (32 bytes).
    Removing stm32l0xx_it.o(.rev16_text), (4 bytes).
    Removing stm32l0xx_it.o(.revsh_text), (4 bytes).
    Removing spiflash.o(.rev16_text), (4 bytes).
    Removing spiflash.o(.revsh_text), (4 bytes).
    Removing spiflash.o(i.FLASH_CS_0), (20 bytes).
    Removing spiflash.o(i.FLASH_CS_1), (20 bytes).
    Removing spiflash.o(i.SPI_Read_Byte), (10 bytes).
    Removing spiflash.o(i.SPI_Write_Byte), (20 bytes).
    Removing spiflash.o(i.SPIx_ReadWriteByte), (66 bytes).
    Removing spiflash.o(i.W25X_Erase_Block), (56 bytes).
    Removing spiflash.o(i.W25X_Erase_Chip), (38 bytes).
    Removing spiflash.o(i.W25X_Erase_Sector), (54 bytes).
    Removing spiflash.o(i.W25X_GetChipID), (44 bytes).
    Removing spiflash.o(i.W25X_Read_Bytes), (68 bytes).
    Removing spiflash.o(i.W25X_Read_Sector), (66 bytes).
    Removing spiflash.o(i.W25X_Read_StatusReg), (28 bytes).
    Removing spiflash.o(i.W25X_Wait_Busy), (18 bytes).
    Removing spiflash.o(i.W25X_Write_Bytes), (86 bytes).
    Removing spiflash.o(i.W25X_Write_Disable), (18 bytes).
    Removing spiflash.o(i.W25X_Write_Enable), (18 bytes).
    Removing spiflash.o(i.W25X_Write_Sector), (76 bytes).
    Removing spiflash.o(i.W25X_Write_StatusReg), (26 bytes).
    Removing delay.o(.rev16_text), (4 bytes).
    Removing delay.o(.revsh_text), (4 bytes).
    Removing delay.o(i.delay_us), (48 bytes).
    Removing pwm_tim2.o(.rev16_text), (4 bytes).
    Removing pwm_tim2.o(.revsh_text), (4 bytes).
    Removing key.o(.rev16_text), (4 bytes).
    Removing key.o(.revsh_text), (4 bytes).
    Removing gpio_i2c.o(.rev16_text), (4 bytes).
    Removing gpio_i2c.o(.revsh_text), (4 bytes).
    Removing adc.o(.rev16_text), (4 bytes).
    Removing adc.o(.revsh_text), (4 bytes).
    Removing adc.o(i.ComputeTemperature), (60 bytes).
    Removing battery.o(.rev16_text), (4 bytes).
    Removing battery.o(.revsh_text), (4 bytes).
    Removing battery.o(i.BatDisplayLevel), (84 bytes).
    Removing battery.o(i.GetBatLevel), (44 bytes).
    Removing battery.o(i.GetBatVoltage), (44 bytes).
    Removing battery.o(i.GetDCVoltage), (44 bytes).
    Removing battery.o(.constdata), (268 bytes).
    Removing elec_sw.o(.rev16_text), (4 bytes).
    Removing elec_sw.o(.revsh_text), (4 bytes).
    Removing usart.o(.rev16_text), (4 bytes).
    Removing usart.o(.revsh_text), (4 bytes).
    Removing test_seq.o(.rev16_text), (4 bytes).
    Removing test_seq.o(.revsh_text), (4 bytes).
    Removing short_test.o(.rev16_text), (4 bytes).
    Removing short_test.o(.revsh_text), (4 bytes).
    Removing open_test.o(.rev16_text), (4 bytes).
    Removing open_test.o(.revsh_text), (4 bytes).
    Removing open_test.o(i.OpenEnableSet), (24 bytes).
    Removing open_test.o(i.OpenForceSet), (50 bytes).
    Removing open_test.o(i.OpenInit), (48 bytes).
    Removing open_test.o(i.OpenSenseSet), (68 bytes).
    Removing open_test.o(i.OpenTestFunc), (148 bytes).
    Removing open_test.o(.data), (22 bytes).
    Removing e_ink.o(.rev16_text), (4 bytes).
    Removing e_ink.o(.revsh_text), (4 bytes).
    Removing e_ink.o(i.E_INK_DeInit), (118 bytes).
    Removing e_ink.o(i.E_INK_Init), (188 bytes).
    Removing e_ink.o(i.E_INK_Partial_Window), (86 bytes).
    Removing e_ink.o(i.E_INK_WaitBusy), (60 bytes).
    Removing e_ink.o(i.E_INK_WriteByte), (60 bytes).
    Removing e_ink.o(i.E_INK_WriteCommand), (24 bytes).
    Removing e_ink.o(i.E_INK_WriteData), (24 bytes).
    Removing e_ink.o(i.E_INK_lut), (144 bytes).
    Removing e_ink.o(.constdata), (212 bytes).

588 unused section(s) (total 53190 bytes) removed from the image.

==============================================================================

Image Symbol Table

    Local Symbols

    Symbol Name                              Value     Ov Type        Size  Object(Section)

    ../Drivers/CMSIS/Device/ST/STM32L0xx/Source/Templates/system_stm32l0xx.c 0x00000000   Number         0  system_stm32l0xx.o ABSOLUTE
    ../Drivers/STM32L0xx_HAL_Driver/Src/stm32l0xx_hal.c 0x00000000   Number         0  stm32l0xx_hal.o ABSOLUTE
    ../Drivers/STM32L0xx_HAL_Driver/Src/stm32l0xx_hal_adc.c 0x00000000   Number         0  stm32l0xx_hal_adc.o ABSOLUTE
    ../Drivers/STM32L0xx_HAL_Driver/Src/stm32l0xx_hal_adc_ex.c 0x00000000   Number         0  stm32l0xx_hal_adc_ex.o ABSOLUTE
    ../Drivers/STM32L0xx_HAL_Driver/Src/stm32l0xx_hal_cortex.c 0x00000000   Number         0  stm32l0xx_hal_cortex.o ABSOLUTE
    ../Drivers/STM32L0xx_HAL_Driver/Src/stm32l0xx_hal_dma.c 0x00000000   Number         0  stm32l0xx_hal_dma.o ABSOLUTE
    ../Drivers/STM32L0xx_HAL_Driver/Src/stm32l0xx_hal_flash.c 0x00000000   Number         0  stm32l0xx_hal_flash.o ABSOLUTE
    ../Drivers/STM32L0xx_HAL_Driver/Src/stm32l0xx_hal_flash_ex.c 0x00000000   Number         0  stm32l0xx_hal_flash_ex.o ABSOLUTE
    ../Drivers/STM32L0xx_HAL_Driver/Src/stm32l0xx_hal_flash_ramfunc.c 0x00000000   Number         0  stm32l0xx_hal_flash_ramfunc.o ABSOLUTE
    ../Drivers/STM32L0xx_HAL_Driver/Src/stm32l0xx_hal_gpio.c 0x00000000   Number         0  stm32l0xx_hal_gpio.o ABSOLUTE
    ../Drivers/STM32L0xx_HAL_Driver/Src/stm32l0xx_hal_i2c.c 0x00000000   Number         0  stm32l0xx_hal_i2c.o ABSOLUTE
    ../Drivers/STM32L0xx_HAL_Driver/Src/stm32l0xx_hal_i2c_ex.c 0x00000000   Number         0  stm32l0xx_hal_i2c_ex.o ABSOLUTE
    ../Drivers/STM32L0xx_HAL_Driver/Src/stm32l0xx_hal_pwr.c 0x00000000   Number         0  stm32l0xx_hal_pwr.o ABSOLUTE
    ../Drivers/STM32L0xx_HAL_Driver/Src/stm32l0xx_hal_pwr_ex.c 0x00000000   Number         0  stm32l0xx_hal_pwr_ex.o ABSOLUTE
    ../Drivers/STM32L0xx_HAL_Driver/Src/stm32l0xx_hal_rcc.c 0x00000000   Number         0  stm32l0xx_hal_rcc.o ABSOLUTE
    ../Drivers/STM32L0xx_HAL_Driver/Src/stm32l0xx_hal_rcc_ex.c 0x00000000   Number         0  stm32l0xx_hal_rcc_ex.o ABSOLUTE
    ../Drivers/STM32L0xx_HAL_Driver/Src/stm32l0xx_hal_rtc.c 0x00000000   Number         0  stm32l0xx_hal_rtc.o ABSOLUTE
    ../Drivers/STM32L0xx_HAL_Driver/Src/stm32l0xx_hal_rtc_ex.c 0x00000000   Number         0  stm32l0xx_hal_rtc_ex.o ABSOLUTE
    ../Drivers/STM32L0xx_HAL_Driver/Src/stm32l0xx_hal_spi.c 0x00000000   Number         0  stm32l0xx_hal_spi.o ABSOLUTE
    ../Drivers/STM32L0xx_HAL_Driver/Src/stm32l0xx_hal_tim.c 0x00000000   Number         0  stm32l0xx_hal_tim.o ABSOLUTE
    ../Drivers/STM32L0xx_HAL_Driver/Src/stm32l0xx_hal_tim_ex.c 0x00000000   Number         0  stm32l0xx_hal_tim_ex.o ABSOLUTE
    ../Drivers/STM32L0xx_HAL_Driver/Src/stm32l0xx_hal_uart.c 0x00000000   Number         0  stm32l0xx_hal_uart.o ABSOLUTE
    ../Drivers/STM32L0xx_HAL_Driver/Src/stm32l0xx_hal_uart_ex.c 0x00000000   Number         0  stm32l0xx_hal_uart_ex.o ABSOLUTE
    ../Drivers/STM32L0xx_HAL_Driver/Src/stm32l0xx_hal_wwdg.c 0x00000000   Number         0  stm32l0xx_hal_wwdg.o ABSOLUTE
    ../Src/main.c                            0x00000000   Number         0  main.o ABSOLUTE
    ../Src/stm32l0xx_hal_msp.c               0x00000000   Number         0  stm32l0xx_hal_msp.o ABSOLUTE
    ../Src/stm32l0xx_it.c                    0x00000000   Number         0  stm32l0xx_it.o ABSOLUTE
    ../clib/microlib/division.c              0x00000000   Number         0  idiv.o ABSOLUTE
    ../clib/microlib/division.c              0x00000000   Number         0  uldiv.o ABSOLUTE
    ../clib/microlib/division.c              0x00000000   Number         0  uidiv.o ABSOLUTE
    ../clib/microlib/init/entry.s            0x00000000   Number         0  entry5.o ABSOLUTE
    ../clib/microlib/init/entry.s            0x00000000   Number         0  entry2.o ABSOLUTE
    ../clib/microlib/init/entry.s            0x00000000   Number         0  entry7a.o ABSOLUTE
    ../clib/microlib/init/entry.s            0x00000000   Number         0  entry8a.o ABSOLUTE
    ../clib/microlib/init/entry.s            0x00000000   Number         0  entry8b.o ABSOLUTE
    ../clib/microlib/init/entry.s            0x00000000   Number         0  entry11b.o ABSOLUTE
    ../clib/microlib/init/entry.s            0x00000000   Number         0  entry11a.o ABSOLUTE
    ../clib/microlib/init/entry.s            0x00000000   Number         0  entry10b.o ABSOLUTE
    ../clib/microlib/init/entry.s            0x00000000   Number         0  entry10a.o ABSOLUTE
    ../clib/microlib/init/entry.s            0x00000000   Number         0  entry9b.o ABSOLUTE
    ../clib/microlib/init/entry.s            0x00000000   Number         0  entry7b.o ABSOLUTE
    ../clib/microlib/init/entry.s            0x00000000   Number         0  entry.o ABSOLUTE
    ../clib/microlib/init/entry.s            0x00000000   Number         0  entry9a.o ABSOLUTE
    ../clib/microlib/longlong.c              0x00000000   Number         0  llsshr.o ABSOLUTE
    ../clib/microlib/longlong.c              0x00000000   Number         0  llshl.o ABSOLUTE
    ../clib/microlib/longlong.c              0x00000000   Number         0  llushr.o ABSOLUTE
    ../clib/microlib/stubs.s                 0x00000000   Number         0  iusefp.o ABSOLUTE
    ../fplib/microlib/fpadd.c                0x00000000   Number         0  dadd.o ABSOLUTE
    ../fplib/microlib/fpdiv.c                0x00000000   Number         0  ddiv.o ABSOLUTE
    ../fplib/microlib/fpepilogue.c           0x00000000   Number         0  depilogue.o ABSOLUTE
    ../fplib/microlib/fpfix.c                0x00000000   Number         0  dfixui.o ABSOLUTE
    ../fplib/microlib/fpflt.c                0x00000000   Number         0  dfltul.o ABSOLUTE
    ../fplib/microlib/fpmul.c                0x00000000   Number         0  dmul.o ABSOLUTE
    ..\Drivers\CMSIS\Device\ST\STM32L0xx\Source\Templates\system_stm32l0xx.c 0x00000000   Number         0  system_stm32l0xx.o ABSOLUTE
    ..\Drivers\STM32L0xx_HAL_Driver\Src\stm32l0xx_hal.c 0x00000000   Number         0  stm32l0xx_hal.o ABSOLUTE
    ..\Drivers\STM32L0xx_HAL_Driver\Src\stm32l0xx_hal_adc.c 0x00000000   Number         0  stm32l0xx_hal_adc.o ABSOLUTE
    ..\Drivers\STM32L0xx_HAL_Driver\Src\stm32l0xx_hal_adc_ex.c 0x00000000   Number         0  stm32l0xx_hal_adc_ex.o ABSOLUTE
    ..\Drivers\STM32L0xx_HAL_Driver\Src\stm32l0xx_hal_cortex.c 0x00000000   Number         0  stm32l0xx_hal_cortex.o ABSOLUTE
    ..\Drivers\STM32L0xx_HAL_Driver\Src\stm32l0xx_hal_dma.c 0x00000000   Number         0  stm32l0xx_hal_dma.o ABSOLUTE
    ..\Drivers\STM32L0xx_HAL_Driver\Src\stm32l0xx_hal_flash.c 0x00000000   Number         0  stm32l0xx_hal_flash.o ABSOLUTE
    ..\Drivers\STM32L0xx_HAL_Driver\Src\stm32l0xx_hal_flash_ex.c 0x00000000   Number         0  stm32l0xx_hal_flash_ex.o ABSOLUTE
    ..\Drivers\STM32L0xx_HAL_Driver\Src\stm32l0xx_hal_flash_ramfunc.c 0x00000000   Number         0  stm32l0xx_hal_flash_ramfunc.o ABSOLUTE
    ..\Drivers\STM32L0xx_HAL_Driver\Src\stm32l0xx_hal_gpio.c 0x00000000   Number         0  stm32l0xx_hal_gpio.o ABSOLUTE
    ..\Drivers\STM32L0xx_HAL_Driver\Src\stm32l0xx_hal_i2c.c 0x00000000   Number         0  stm32l0xx_hal_i2c.o ABSOLUTE
    ..\Drivers\STM32L0xx_HAL_Driver\Src\stm32l0xx_hal_i2c_ex.c 0x00000000   Number         0  stm32l0xx_hal_i2c_ex.o ABSOLUTE
    ..\Drivers\STM32L0xx_HAL_Driver\Src\stm32l0xx_hal_pwr.c 0x00000000   Number         0  stm32l0xx_hal_pwr.o ABSOLUTE
    ..\Drivers\STM32L0xx_HAL_Driver\Src\stm32l0xx_hal_pwr_ex.c 0x00000000   Number         0  stm32l0xx_hal_pwr_ex.o ABSOLUTE
    ..\Drivers\STM32L0xx_HAL_Driver\Src\stm32l0xx_hal_rcc.c 0x00000000   Number         0  stm32l0xx_hal_rcc.o ABSOLUTE
    ..\Drivers\STM32L0xx_HAL_Driver\Src\stm32l0xx_hal_rcc_ex.c 0x00000000   Number         0  stm32l0xx_hal_rcc_ex.o ABSOLUTE
    ..\Drivers\STM32L0xx_HAL_Driver\Src\stm32l0xx_hal_rtc.c 0x00000000   Number         0  stm32l0xx_hal_rtc.o ABSOLUTE
    ..\Drivers\STM32L0xx_HAL_Driver\Src\stm32l0xx_hal_rtc_ex.c 0x00000000   Number         0  stm32l0xx_hal_rtc_ex.o ABSOLUTE
    ..\Drivers\STM32L0xx_HAL_Driver\Src\stm32l0xx_hal_spi.c 0x00000000   Number         0  stm32l0xx_hal_spi.o ABSOLUTE
    ..\Drivers\STM32L0xx_HAL_Driver\Src\stm32l0xx_hal_tim.c 0x00000000   Number         0  stm32l0xx_hal_tim.o ABSOLUTE
    ..\Drivers\STM32L0xx_HAL_Driver\Src\stm32l0xx_hal_tim_ex.c 0x00000000   Number         0  stm32l0xx_hal_tim_ex.o ABSOLUTE
    ..\Drivers\STM32L0xx_HAL_Driver\Src\stm32l0xx_hal_uart.c 0x00000000   Number         0  stm32l0xx_hal_uart.o ABSOLUTE
    ..\Drivers\STM32L0xx_HAL_Driver\Src\stm32l0xx_hal_uart_ex.c 0x00000000   Number         0  stm32l0xx_hal_uart_ex.o ABSOLUTE
    ..\Drivers\STM32L0xx_HAL_Driver\Src\stm32l0xx_hal_wwdg.c 0x00000000   Number         0  stm32l0xx_hal_wwdg.o ABSOLUTE
    ..\Src\adc.c                             0x00000000   Number         0  adc.o ABSOLUTE
    ..\Src\ads1115.c                         0x00000000   Number         0  ads1115.o ABSOLUTE
    ..\Src\battery.c                         0x00000000   Number         0  battery.o ABSOLUTE
    ..\Src\cat9555.c                         0x00000000   Number         0  cat9555.o ABSOLUTE
    ..\Src\delay.c                           0x00000000   Number         0  delay.o ABSOLUTE
    ..\Src\e_ink.c                           0x00000000   Number         0  e_ink.o ABSOLUTE
    ..\Src\elec_sw.c                         0x00000000   Number         0  elec_sw.o ABSOLUTE
    ..\Src\gpio_i2c.c                        0x00000000   Number         0  gpio_i2c.o ABSOLUTE
    ..\Src\key.c                             0x00000000   Number         0  key.o ABSOLUTE
    ..\Src\main.c                            0x00000000   Number         0  main.o ABSOLUTE
    ..\Src\open_test.c                       0x00000000   Number         0  open_test.o ABSOLUTE
    ..\Src\pwm_tim2.c                        0x00000000   Number         0  pwm_tim2.o ABSOLUTE
    ..\Src\short_test.c                      0x00000000   Number         0  short_test.o ABSOLUTE
    ..\Src\spiflash.c                        0x00000000   Number         0  spiflash.o ABSOLUTE
    ..\Src\stm32l0xx_hal_msp.c               0x00000000   Number         0  stm32l0xx_hal_msp.o ABSOLUTE
    ..\Src\stm32l0xx_it.c                    0x00000000   Number         0  stm32l0xx_it.o ABSOLUTE
    ..\Src\test_seq.c                        0x00000000   Number         0  test_seq.o ABSOLUTE
    ..\Src\usart.c                           0x00000000   Number         0  usart.o ABSOLUTE
    ..\\Src\\adc.c                           0x00000000   Number         0  adc.o ABSOLUTE
    ..\\Src\\battery.c                       0x00000000   Number         0  battery.o ABSOLUTE
    ..\\Src\\delay.c                         0x00000000   Number         0  delay.o ABSOLUTE
    ..\\Src\\e_ink.c                         0x00000000   Number         0  e_ink.o ABSOLUTE
    ..\\Src\\elec_sw.c                       0x00000000   Number         0  elec_sw.o ABSOLUTE
    ..\\Src\\gpio_i2c.c                      0x00000000   Number         0  gpio_i2c.o ABSOLUTE
    ..\\Src\\key.c                           0x00000000   Number         0  key.o ABSOLUTE
    ..\\Src\\open_test.c                     0x00000000   Number         0  open_test.o ABSOLUTE
    ..\\Src\\pwm_tim2.c                      0x00000000   Number         0  pwm_tim2.o ABSOLUTE
    ..\\Src\\short_test.c                    0x00000000   Number         0  short_test.o ABSOLUTE
    ..\\Src\\spiflash.c                      0x00000000   Number         0  spiflash.o ABSOLUTE
    ..\\Src\\test_seq.c                      0x00000000   Number         0  test_seq.o ABSOLUTE
    ..\\Src\\usart.c                         0x00000000   Number         0  usart.o ABSOLUTE
    dc.s                                     0x00000000   Number         0  dc.o ABSOLUTE
    handlers.s                               0x00000000   Number         0  handlers.o ABSOLUTE
    init.s                                   0x00000000   Number         0  init.o ABSOLUTE
    startup_stm32l071xx.s                    0x00000000   Number         0  startup_stm32l071xx.o ABSOLUTE
    RESET                                    0x08000000   Section      192  startup_stm32l071xx.o(RESET)
    .ARM.Collect$$$$00000000                 0x080000c0   Section        0  entry.o(.ARM.Collect$$$$00000000)
    .ARM.Collect$$$$00000001                 0x080000c0   Section        4  entry2.o(.ARM.Collect$$$$00000001)
    .ARM.Collect$$$$00000004                 0x080000c4   Section        4  entry5.o(.ARM.Collect$$$$00000004)
    .ARM.Collect$$$$00000008                 0x080000c8   Section        0  entry7b.o(.ARM.Collect$$$$00000008)
    .ARM.Collect$$$$0000000A                 0x080000c8   Section        0  entry8b.o(.ARM.Collect$$$$0000000A)
    .ARM.Collect$$$$0000000B                 0x080000c8   Section        8  entry9a.o(.ARM.Collect$$$$0000000B)
    .ARM.Collect$$$$0000000D                 0x080000d0   Section        0  entry10a.o(.ARM.Collect$$$$0000000D)
    .ARM.Collect$$$$0000000F                 0x080000d0   Section        0  entry11a.o(.ARM.Collect$$$$0000000F)
    .ARM.Collect$$$$00002712                 0x080000d0   Section        4  entry2.o(.ARM.Collect$$$$00002712)
    __lit__00000000                          0x080000d0   Data           4  entry2.o(.ARM.Collect$$$$00002712)
    .text                                    0x080000d4   Section       28  startup_stm32l071xx.o(.text)
    .text                                    0x080000f0   Section        0  uidiv.o(.text)
    .text                                    0x0800011c   Section        0  idiv.o(.text)
    .text                                    0x08000144   Section        0  uldiv.o(.text)
    .text                                    0x080001a4   Section        0  dadd.o(.text)
    .text                                    0x08000308   Section        0  dmul.o(.text)
    .text                                    0x080003d8   Section        0  ddiv.o(.text)
    .text                                    0x080004c8   Section        0  dfltul.o(.text)
    .text                                    0x080004e4   Section        0  dfixui.o(.text)
    .text                                    0x08000520   Section        0  llshl.o(.text)
    .text                                    0x08000540   Section        0  llushr.o(.text)
    .text                                    0x08000562   Section        0  llsshr.o(.text)
    .text                                    0x08000588   Section        0  iusefp.o(.text)
    .text                                    0x08000588   Section        0  depilogue.o(.text)
    .text                                    0x08000648   Section       36  init.o(.text)
    i.ADC_ConversionStop                     0x0800066c   Section        0  stm32l0xx_hal_adc.o(i.ADC_ConversionStop)
    ADC_ConversionStop                       0x0800066d   Thumb Code   108  stm32l0xx_hal_adc.o(i.ADC_ConversionStop)
    i.ADC_DelayMicroSecond                   0x080006d8   Section        0  stm32l0xx_hal_adc.o(i.ADC_DelayMicroSecond)
    ADC_DelayMicroSecond                     0x080006d9   Thumb Code    34  stm32l0xx_hal_adc.o(i.ADC_DelayMicroSecond)
    i.ADC_Disable                            0x08000704   Section        0  stm32l0xx_hal_adc.o(i.ADC_Disable)
    ADC_Disable                              0x08000705   Thumb Code   156  stm32l0xx_hal_adc.o(i.ADC_Disable)
    i.ADC_Enable                             0x080007a0   Section        0  stm32l0xx_hal_adc.o(i.ADC_Enable)
    ADC_Enable                               0x080007a1   Thumb Code   160  stm32l0xx_hal_adc.o(i.ADC_Enable)
    i.ADC_Init                               0x08000844   Section        0  adc.o(i.ADC_Init)
    i.ADS1115_GetADC                         0x08000900   Section        0  ads1115.o(i.ADS1115_GetADC)
    i.AmuxDisableAll                         0x0800095e   Section        0  elec_sw.o(i.AmuxDisableAll)
    i.AmuxEnableAll                          0x08000968   Section        0  elec_sw.o(i.AmuxEnableAll)
    i.CAT9555Init                            0x08000974   Section        0  cat9555.o(i.CAT9555Init)
    i.DividerResVal                          0x080009a4   Section        0  test_seq.o(i.DividerResVal)
    DividerResVal                            0x080009a5   Thumb Code   222  test_seq.o(i.DividerResVal)
    i.EXTI4_15_IRQHandler                    0x08000aa4   Section        0  stm32l0xx_it.o(i.EXTI4_15_IRQHandler)
    i.EXTI_Key_IRQHandle                     0x08000aac   Section        0  key.o(i.EXTI_Key_IRQHandle)
    i.Error_Handler                          0x08000b00   Section        0  main.o(i.Error_Handler)
    i.ExtAdcChannel1                         0x08000b02   Section        0  cat9555.o(i.ExtAdcChannel1)
    i.ExtAdcChannel2                         0x08000b46   Section        0  cat9555.o(i.ExtAdcChannel2)
    i.ExtPortOut                             0x08000b8c   Section        0  cat9555.o(i.ExtPortOut)
    i.GPIO_Init                              0x08000bb4   Section        0  main.o(i.GPIO_Init)
    GPIO_Init                                0x08000bb5   Thumb Code   352  main.o(i.GPIO_Init)
    i.GetADC16BitValue                       0x08000d34   Section        0  adc.o(i.GetADC16BitValue)
    i.HAL_ADCEx_Calibration_Start            0x08000d74   Section        0  stm32l0xx_hal_adc_ex.o(i.HAL_ADCEx_Calibration_Start)
    i.HAL_ADC_ConfigChannel                  0x08000e2c   Section        0  stm32l0xx_hal_adc.o(i.HAL_ADC_ConfigChannel)
    i.HAL_ADC_GetValue                       0x08000f34   Section        0  stm32l0xx_hal_adc.o(i.HAL_ADC_GetValue)
    i.HAL_ADC_Init                           0x08000f3c   Section        0  stm32l0xx_hal_adc.o(i.HAL_ADC_Init)
    i.HAL_ADC_MspInit                        0x08001170   Section        0  stm32l0xx_hal_msp.o(i.HAL_ADC_MspInit)
    i.HAL_ADC_PollForConversion              0x080011ac   Section        0  stm32l0xx_hal_adc.o(i.HAL_ADC_PollForConversion)
    i.HAL_ADC_Start                          0x08001290   Section        0  stm32l0xx_hal_adc.o(i.HAL_ADC_Start)
    i.HAL_ADC_Stop                           0x08001308   Section        0  stm32l0xx_hal_adc.o(i.HAL_ADC_Stop)
    i.HAL_GPIO_Init                          0x08001358   Section        0  stm32l0xx_hal_gpio.o(i.HAL_GPIO_Init)
    i.HAL_GPIO_WritePin                      0x08001550   Section        0  stm32l0xx_hal_gpio.o(i.HAL_GPIO_WritePin)
    i.HAL_GetTick                            0x0800155c   Section        0  stm32l0xx_hal.o(i.HAL_GetTick)
    i.HAL_IncTick                            0x08001568   Section        0  stm32l0xx_hal.o(i.HAL_IncTick)
    i.HAL_Init                               0x08001578   Section        0  stm32l0xx_hal.o(i.HAL_Init)
    i.HAL_InitTick                           0x08001598   Section        0  stm32l0xx_hal.o(i.HAL_InitTick)
    i.HAL_MspInit                            0x080015c0   Section        0  stm32l0xx_hal_msp.o(i.HAL_MspInit)
    i.HAL_NVIC_EnableIRQ                     0x08001600   Section        0  stm32l0xx_hal_cortex.o(i.HAL_NVIC_EnableIRQ)
    i.HAL_NVIC_SetPriority                   0x08001618   Section        0  stm32l0xx_hal_cortex.o(i.HAL_NVIC_SetPriority)
    i.HAL_RCCEx_PeriphCLKConfig              0x0800162c   Section        0  stm32l0xx_hal_rcc_ex.o(i.HAL_RCCEx_PeriphCLKConfig)
    i.HAL_RCC_ClockConfig                    0x08001850   Section        0  stm32l0xx_hal_rcc.o(i.HAL_RCC_ClockConfig)
    i.HAL_RCC_GetHCLKFreq                    0x08001a48   Section        0  stm32l0xx_hal_rcc.o(i.HAL_RCC_GetHCLKFreq)
    i.HAL_RCC_GetPCLK1Freq                   0x08001a54   Section        0  stm32l0xx_hal_rcc.o(i.HAL_RCC_GetPCLK1Freq)
    i.HAL_RCC_GetPCLK2Freq                   0x08001a78   Section        0  stm32l0xx_hal_rcc.o(i.HAL_RCC_GetPCLK2Freq)
    i.HAL_RCC_GetSysClockFreq                0x08001a9c   Section        0  stm32l0xx_hal_rcc.o(i.HAL_RCC_GetSysClockFreq)
    i.HAL_RCC_OscConfig                      0x08001b84   Section        0  stm32l0xx_hal_rcc.o(i.HAL_RCC_OscConfig)
    i.HAL_SYSTICK_CLKSourceConfig            0x08002184   Section        0  stm32l0xx_hal_cortex.o(i.HAL_SYSTICK_CLKSourceConfig)
    i.HAL_SYSTICK_Callback                   0x080021a8   Section        0  stm32l0xx_hal_cortex.o(i.HAL_SYSTICK_Callback)
    i.HAL_SYSTICK_Config                     0x080021ac   Section        0  stm32l0xx_hal_cortex.o(i.HAL_SYSTICK_Config)
    i.HAL_SYSTICK_IRQHandler                 0x080021e4   Section        0  stm32l0xx_hal_cortex.o(i.HAL_SYSTICK_IRQHandler)
    i.HAL_TIMEx_MasterConfigSynchronization  0x080021ec   Section        0  stm32l0xx_hal_tim_ex.o(i.HAL_TIMEx_MasterConfigSynchronization)
    i.HAL_TIM_Base_Init                      0x0800224e   Section        0  stm32l0xx_hal_tim.o(i.HAL_TIM_Base_Init)
    i.HAL_TIM_Base_MspInit                   0x08002288   Section        0  stm32l0xx_hal_msp.o(i.HAL_TIM_Base_MspInit)
    i.HAL_TIM_Base_Start_IT                  0x080022bc   Section        0  stm32l0xx_hal_tim.o(i.HAL_TIM_Base_Start_IT)
    i.HAL_TIM_IC_CaptureCallback             0x080022da   Section        0  stm32l0xx_hal_tim.o(i.HAL_TIM_IC_CaptureCallback)
    i.HAL_TIM_IRQHandler                     0x080022dc   Section        0  stm32l0xx_hal_tim.o(i.HAL_TIM_IRQHandler)
    i.HAL_TIM_OC_DelayElapsedCallback        0x08002458   Section        0  stm32l0xx_hal_tim.o(i.HAL_TIM_OC_DelayElapsedCallback)
    i.HAL_TIM_PWM_ConfigChannel              0x0800245a   Section        0  stm32l0xx_hal_tim.o(i.HAL_TIM_PWM_ConfigChannel)
    i.HAL_TIM_PWM_Init                       0x0800256c   Section        0  stm32l0xx_hal_tim.o(i.HAL_TIM_PWM_Init)
    i.HAL_TIM_PWM_MspInit                    0x080025a4   Section        0  stm32l0xx_hal_msp.o(i.HAL_TIM_PWM_MspInit)
    i.HAL_TIM_PWM_PulseFinishedCallback      0x080025c0   Section        0  stm32l0xx_hal_tim.o(i.HAL_TIM_PWM_PulseFinishedCallback)
    i.HAL_TIM_PWM_Start                      0x080025c2   Section        0  stm32l0xx_hal_tim.o(i.HAL_TIM_PWM_Start)
    i.HAL_TIM_PeriodElapsedCallback          0x080025e4   Section        0  main.o(i.HAL_TIM_PeriodElapsedCallback)
    i.HAL_TIM_TriggerCallback                0x0800265c   Section        0  stm32l0xx_hal_tim.o(i.HAL_TIM_TriggerCallback)
    i.HAL_UART_Init                          0x0800265e   Section        0  stm32l0xx_hal_uart.o(i.HAL_UART_Init)
    i.HAL_UART_MspInit                       0x080026dc   Section        0  stm32l0xx_hal_msp.o(i.HAL_UART_MspInit)
    i.HAL_UART_Transmit                      0x08002760   Section        0  stm32l0xx_hal_uart.o(i.HAL_UART_Transmit)
    i.HAL_WWDG_Init                          0x08002826   Section        0  stm32l0xx_hal_wwdg.o(i.HAL_WWDG_Init)
    i.HAL_WWDG_MspInit                       0x0800288c   Section        0  stm32l0xx_hal_msp.o(i.HAL_WWDG_MspInit)
    i.HardFault_Handler                      0x080028ac   Section        0  stm32l0xx_it.o(i.HardFault_Handler)
    i.I2C_Delay                              0x080028b0   Section        0  gpio_i2c.o(i.I2C_Delay)
    i.I2C_Init                               0x080028c0   Section        0  gpio_i2c.o(i.I2C_Init)
    i.I2C_RcvDat                             0x08002930   Section        0  gpio_i2c.o(i.I2C_RcvDat)
    i.I2C_ReadData                           0x08002990   Section        0  gpio_i2c.o(i.I2C_ReadData)
    i.I2C_ReceiveBytes                       0x080029e6   Section        0  gpio_i2c.o(i.I2C_ReceiveBytes)
    i.I2C_SendAck                            0x08002a10   Section        0  gpio_i2c.o(i.I2C_SendAck)
    i.I2C_SendByte                           0x08002a28   Section        0  gpio_i2c.o(i.I2C_SendByte)
    i.I2C_SendNoAck                          0x08002a64   Section        0  gpio_i2c.o(i.I2C_SendNoAck)
    i.I2C_Start                              0x08002a7c   Section        0  gpio_i2c.o(i.I2C_Start)
    i.I2C_Stop                               0x08002a9c   Section        0  gpio_i2c.o(i.I2C_Stop)
    i.I2C_WaitAck                            0x08002abc   Section        0  gpio_i2c.o(i.I2C_WaitAck)
    i.I2C_WriteData                          0x08002b04   Section        0  gpio_i2c.o(i.I2C_WriteData)
    i.KeyInit                                0x08002b58   Section        0  key.o(i.KeyInit)
    i.KeyProcess                             0x08002b90   Section        0  key.o(i.KeyProcess)
    i.MeasuringSwitch                        0x08002c58   Section        0  elec_sw.o(i.MeasuringSwitch)
    i.ModeSmooothProcess                     0x08002c64   Section        0  key.o(i.ModeSmooothProcess)
    i.NMI_Handler                            0x08002d5c   Section        0  stm32l0xx_it.o(i.NMI_Handler)
    i.NVIC_SetPriority                       0x08002d60   Section        0  stm32l0xx_hal_cortex.o(i.NVIC_SetPriority)
    NVIC_SetPriority                         0x08002d61   Thumb Code   110  stm32l0xx_hal_cortex.o(i.NVIC_SetPriority)
    i.PWM_TIM2_Init                          0x08002dd8   Section        0  pwm_tim2.o(i.PWM_TIM2_Init)
    i.PendSV_Handler                         0x08002e8c   Section        0  stm32l0xx_it.o(i.PendSV_Handler)
    i.PowerOff                               0x08002e8e   Section        0  main.o(i.PowerOff)
    i.PowerOn                                0x08002ea2   Section        0  main.o(i.PowerOn)
    i.ResCalc                                0x08002eb4   Section        0  test_seq.o(i.ResCalc)
    i.ResistanceEnable                       0x08002f1e   Section        0  elec_sw.o(i.ResistanceEnable)
    i.SCL_0                                  0x08002f5c   Section        0  gpio_i2c.o(i.SCL_0)
    i.SCL_1                                  0x08002f6c   Section        0  gpio_i2c.o(i.SCL_1)
    i.SDA_0                                  0x08002f7c   Section        0  gpio_i2c.o(i.SDA_0)
    i.SDA_1                                  0x08002f8c   Section        0  gpio_i2c.o(i.SDA_1)
    i.SDA_DATA                               0x08002f9c   Section        0  gpio_i2c.o(i.SDA_DATA)
    i.SRCResVal                              0x08002fb8   Section        0  test_seq.o(i.SRCResVal)
    SRCResVal                                0x08002fb9   Thumb Code   112  test_seq.o(i.SRCResVal)
    i.SVC_Handler                            0x0800302c   Section        0  stm32l0xx_it.o(i.SVC_Handler)
    i.SetB_Value                             0x08003030   Section        0  pwm_tim2.o(i.SetB_Value)
    i.SetG_Value                             0x08003040   Section        0  pwm_tim2.o(i.SetG_Value)
    i.SetRGB                                 0x0800304c   Section        0  key.o(i.SetRGB)
    i.SetR_Value                             0x08003070   Section        0  pwm_tim2.o(i.SetR_Value)
    i.ShortEnableSet                         0x0800307c   Section        0  short_test.o(i.ShortEnableSet)
    i.ShortForceSet                          0x08003094   Section        0  short_test.o(i.ShortForceSet)
    i.ShortInit                              0x080030d8   Section        0  short_test.o(i.ShortInit)
    i.ShortSenseSet                          0x08003108   Section        0  short_test.o(i.ShortSenseSet)
    i.ShortTestFunc                          0x08003160   Section        0  short_test.o(i.ShortTestFunc)
    i.SysTick_Handler                        0x080031d8   Section        0  stm32l0xx_it.o(i.SysTick_Handler)
    i.SystemClock_Config                     0x080031e4   Section        0  main.o(i.SystemClock_Config)
    i.SystemInit                             0x08003278   Section        0  system_stm32l0xx.o(i.SystemInit)
    i.TIM6_IRQHandler                        0x080032e0   Section        0  stm32l0xx_it.o(i.TIM6_IRQHandler)
    i.TIM6_Init_100us                        0x080032f0   Section        0  main.o(i.TIM6_Init_100us)
    TIM6_Init_100us                          0x080032f1   Thumb Code    84  main.o(i.TIM6_Init_100us)
    i.TIM_Base_SetConfig                     0x08003354   Section        0  stm32l0xx_hal_tim.o(i.TIM_Base_SetConfig)
    TIM_Base_SetConfig                       0x08003355   Thumb Code   120  stm32l0xx_hal_tim.o(i.TIM_Base_SetConfig)
    i.TIM_CCxChannelCmd                      0x080033d8   Section        0  stm32l0xx_hal_tim.o(i.TIM_CCxChannelCmd)
    TIM_CCxChannelCmd                        0x080033d9   Thumb Code    28  stm32l0xx_hal_tim.o(i.TIM_CCxChannelCmd)
    i.TIM_OC1_SetConfig                      0x080033f4   Section        0  stm32l0xx_hal_tim.o(i.TIM_OC1_SetConfig)
    TIM_OC1_SetConfig                        0x080033f5   Thumb Code    62  stm32l0xx_hal_tim.o(i.TIM_OC1_SetConfig)
    i.TIM_OC2_SetConfig                      0x08003432   Section        0  stm32l0xx_hal_tim.o(i.TIM_OC2_SetConfig)
    TIM_OC2_SetConfig                        0x08003433   Thumb Code    74  stm32l0xx_hal_tim.o(i.TIM_OC2_SetConfig)
    i.TIM_OC3_SetConfig                      0x0800347c   Section        0  stm32l0xx_hal_tim.o(i.TIM_OC3_SetConfig)
    TIM_OC3_SetConfig                        0x0800347d   Thumb Code    68  stm32l0xx_hal_tim.o(i.TIM_OC3_SetConfig)
    i.TIM_OC4_SetConfig                      0x080034c0   Section        0  stm32l0xx_hal_tim.o(i.TIM_OC4_SetConfig)
    TIM_OC4_SetConfig                        0x080034c1   Thumb Code    78  stm32l0xx_hal_tim.o(i.TIM_OC4_SetConfig)
    i.TimerProcess_1ms                       0x08003510   Section        0  main.o(i.TimerProcess_1ms)
    i.TimerProcess_1s                        0x08003524   Section        0  main.o(i.TimerProcess_1s)
    i.U1_1_Channel                           0x08003540   Section        0  cat9555.o(i.U1_1_Channel)
    i.U1_2_Channel                           0x0800363c   Section        0  cat9555.o(i.U1_2_Channel)
    i.U2_1_Channel                           0x08003738   Section        0  cat9555.o(i.U2_1_Channel)
    i.U2_2_Channel                           0x08003894   Section        0  cat9555.o(i.U2_2_Channel)
    i.U3_1_Channel                           0x08003a10   Section        0  elec_sw.o(i.U3_1_Channel)
    i.U3_3_Channel                           0x08003aac   Section        0  elec_sw.o(i.U3_3_Channel)
    i.U4_1_Channel                           0x08003b48   Section        0  elec_sw.o(i.U4_1_Channel)
    i.U4_2_Channel                           0x08003bc0   Section        0  elec_sw.o(i.U4_2_Channel)
    i.U5_1_Channel                           0x08003c48   Section        0  elec_sw.o(i.U5_1_Channel)
    i.UART_AdvFeatureConfig                  0x08003cf4   Section        0  stm32l0xx_hal_uart.o(i.UART_AdvFeatureConfig)
    i.UART_CheckIdleState                    0x08003de4   Section        0  stm32l0xx_hal_uart.o(i.UART_CheckIdleState)
    i.UART_SetConfig                         0x08003e48   Section        0  stm32l0xx_hal_uart.o(i.UART_SetConfig)
    i.UART_WaitOnFlagUntilTimeout            0x08004318   Section        0  stm32l0xx_hal_uart.o(i.UART_WaitOnFlagUntilTimeout)
    i.USART_Init                             0x08004420   Section        0  usart.o(i.USART_Init)
    i.USART_printf                           0x0800445c   Section        0  usart.o(i.USART_printf)
    i.VoltageEnable                          0x08004504   Section        0  elec_sw.o(i.VoltageEnable)
    i.WWDG_Init                              0x08004544   Section        0  main.o(i.WWDG_Init)
    WWDG_Init                                0x08004545   Thumb Code    34  main.o(i.WWDG_Init)
    i.__ARM_clz                              0x08004570   Section        0  depilogue.o(i.__ARM_clz)
    i.__ARM_common_switch8                   0x0800459e   Section        0  stm32l0xx_hal_tim.o(i.__ARM_common_switch8)
    i.__scatterload_copy                     0x080045ba   Section       14  handlers.o(i.__scatterload_copy)
    i.__scatterload_null                     0x080045c8   Section        2  handlers.o(i.__scatterload_null)
    i.__scatterload_zeroinit                 0x080045ca   Section       14  handlers.o(i.__scatterload_zeroinit)
    i.delay_1ms                              0x080045d8   Section        0  delay.o(i.delay_1ms)
    i.delay_ms                               0x08004600   Section        0  delay.o(i.delay_ms)
    i.itoa                                   0x08004614   Section        0  usart.o(i.itoa)
    i.itoh                                   0x08004682   Section        0  usart.o(i.itoh)
    i.main                                   0x080046d4   Section        0  main.o(i.main)
    .constdata                               0x08004758   Section       33  system_stm32l0xx.o(.constdata)
    .data                                    0x20000000   Section        4  system_stm32l0xx.o(.data)
    .data                                    0x20000004   Section        4  stm32l0xx_hal.o(.data)
    .data                                    0x20000008   Section       10  main.o(.data)
    MsCount1000                              0x2000000c   Data           2  main.o(.data)
    MsCount10                                0x2000000e   Data           2  main.o(.data)
    MsCount1                                 0x20000010   Data           2  main.o(.data)
    .data                                    0x20000014   Section       16  pwm_tim2.o(.data)
    .data                                    0x20000024   Section       16  key.o(.data)
    .data                                    0x20000034   Section       12  gpio_i2c.o(.data)
    .data                                    0x20000040   Section        8  adc.o(.data)
    .data                                    0x20000048   Section       20  cat9555.o(.data)
    ExtRegData                               0x20000048   Data           2  cat9555.o(.data)
    .data                                    0x2000005c   Section       22  short_test.o(.data)
    Index                                    0x20000070   Data           2  short_test.o(.data)
    .bss                                     0x20000074   Section      164  main.o(.bss)
    .bss                                     0x20000118   Section       96  adc.o(.bss)
    hadc                                     0x20000118   Data          96  adc.o(.bss)
    .bss                                     0x20000178   Section      368  usart.o(.bss)
    STACK                                    0x200002e8   Section     1024  startup_stm32l071xx.o(STACK)

    Global Symbols

    Symbol Name                              Value     Ov Type        Size  Object(Section)

    BuildAttributes$$THM_ISAv3M$S$PE$A:L22$X:L11$S22$IEEE1$IW$USESV6$~STKCKD$USESV7$~SHL$OSPACE$ROPI$EBA8$MICROLIB$REQ8$PRES8$EABIv2 0x00000000   Number         0  anon$$obj.o ABSOLUTE
    __ARM_use_no_argv                        0x00000000   Number         0  main.o ABSOLUTE
    __cpp_initialize__aeabi_                  - Undefined Weak Reference
    __cxa_finalize                            - Undefined Weak Reference
    __decompress                              - Undefined Weak Reference
    _clock_init                               - Undefined Weak Reference
    _microlib_exit                            - Undefined Weak Reference
    __Vectors_Size                           0x000000c0   Number         0  startup_stm32l071xx.o ABSOLUTE
    __Vectors                                0x08000000   Data           4  startup_stm32l071xx.o(RESET)
    __Vectors_End                            0x080000c0   Data           0  startup_stm32l071xx.o(RESET)
    __main                                   0x080000c1   Thumb Code     0  entry.o(.ARM.Collect$$$$00000000)
    _main_stk                                0x080000c1   Thumb Code     0  entry2.o(.ARM.Collect$$$$00000001)
    _main_scatterload                        0x080000c5   Thumb Code     0  entry5.o(.ARM.Collect$$$$00000004)
    __main_after_scatterload                 0x080000c9   Thumb Code     0  entry5.o(.ARM.Collect$$$$00000004)
    _main_clock                              0x080000c9   Thumb Code     0  entry7b.o(.ARM.Collect$$$$00000008)
    _main_cpp_init                           0x080000c9   Thumb Code     0  entry8b.o(.ARM.Collect$$$$0000000A)
    _main_init                               0x080000c9   Thumb Code     0  entry9a.o(.ARM.Collect$$$$0000000B)
    __rt_final_cpp                           0x080000d1   Thumb Code     0  entry10a.o(.ARM.Collect$$$$0000000D)
    __rt_final_exit                          0x080000d1   Thumb Code     0  entry11a.o(.ARM.Collect$$$$0000000F)
    Reset_Handler                            0x080000d5   Thumb Code     8  startup_stm32l071xx.o(.text)
    ADC1_COMP_IRQHandler                     0x080000e7   Thumb Code     0  startup_stm32l071xx.o(.text)
    DMA1_Channel1_IRQHandler                 0x080000e7   Thumb Code     0  startup_stm32l071xx.o(.text)
    DMA1_Channel2_3_IRQHandler               0x080000e7   Thumb Code     0  startup_stm32l071xx.o(.text)
    DMA1_Channel4_5_6_7_IRQHandler           0x080000e7   Thumb Code     0  startup_stm32l071xx.o(.text)
    EXTI0_1_IRQHandler                       0x080000e7   Thumb Code     0  startup_stm32l071xx.o(.text)
    EXTI2_3_IRQHandler                       0x080000e7   Thumb Code     0  startup_stm32l071xx.o(.text)
    FLASH_IRQHandler                         0x080000e7   Thumb Code     0  startup_stm32l071xx.o(.text)
    I2C1_IRQHandler                          0x080000e7   Thumb Code     0  startup_stm32l071xx.o(.text)
    I2C2_IRQHandler                          0x080000e7   Thumb Code     0  startup_stm32l071xx.o(.text)
    I2C3_IRQHandler                          0x080000e7   Thumb Code     0  startup_stm32l071xx.o(.text)
    LPTIM1_IRQHandler                        0x080000e7   Thumb Code     0  startup_stm32l071xx.o(.text)
    LPUART1_IRQHandler                       0x080000e7   Thumb Code     0  startup_stm32l071xx.o(.text)
    PVD_IRQHandler                           0x080000e7   Thumb Code     0  startup_stm32l071xx.o(.text)
    RCC_IRQHandler                           0x080000e7   Thumb Code     0  startup_stm32l071xx.o(.text)
    RTC_IRQHandler                           0x080000e7   Thumb Code     0  startup_stm32l071xx.o(.text)
    SPI1_IRQHandler                          0x080000e7   Thumb Code     0  startup_stm32l071xx.o(.text)
    SPI2_IRQHandler                          0x080000e7   Thumb Code     0  startup_stm32l071xx.o(.text)
    TIM21_IRQHandler                         0x080000e7   Thumb Code     0  startup_stm32l071xx.o(.text)
    TIM22_IRQHandler                         0x080000e7   Thumb Code     0  startup_stm32l071xx.o(.text)
    TIM2_IRQHandler                          0x080000e7   Thumb Code     0  startup_stm32l071xx.o(.text)
    TIM3_IRQHandler                          0x080000e7   Thumb Code     0  startup_stm32l071xx.o(.text)
    TIM7_IRQHandler                          0x080000e7   Thumb Code     0  startup_stm32l071xx.o(.text)
    USART1_IRQHandler                        0x080000e7   Thumb Code     0  startup_stm32l071xx.o(.text)
    USART2_IRQHandler                        0x080000e7   Thumb Code     0  startup_stm32l071xx.o(.text)
    USART4_5_IRQHandler                      0x080000e7   Thumb Code     0  startup_stm32l071xx.o(.text)
    WWDG_IRQHandler                          0x080000e7   Thumb Code     0  startup_stm32l071xx.o(.text)
    __aeabi_uidiv                            0x080000f1   Thumb Code     0  uidiv.o(.text)
    __aeabi_uidivmod                         0x080000f1   Thumb Code    44  uidiv.o(.text)
    __aeabi_idiv                             0x0800011d   Thumb Code     0  idiv.o(.text)
    __aeabi_idivmod                          0x0800011d   Thumb Code    40  idiv.o(.text)
    __aeabi_uldivmod                         0x08000145   Thumb Code    96  uldiv.o(.text)
    __aeabi_dadd                             0x080001a5   Thumb Code   328  dadd.o(.text)
    __aeabi_dsub                             0x080002ed   Thumb Code    12  dadd.o(.text)
    __aeabi_drsub                            0x080002f9   Thumb Code    12  dadd.o(.text)
    __aeabi_dmul                             0x08000309   Thumb Code   202  dmul.o(.text)
    __aeabi_ddiv                             0x080003d9   Thumb Code   234  ddiv.o(.text)
    __aeabi_ul2d                             0x080004c9   Thumb Code    22  dfltul.o(.text)
    __aeabi_d2uiz                            0x080004e5   Thumb Code    50  dfixui.o(.text)
    __aeabi_llsl                             0x08000521   Thumb Code    32  llshl.o(.text)
    _ll_shift_l                              0x08000521   Thumb Code     0  llshl.o(.text)
    __aeabi_llsr                             0x08000541   Thumb Code    34  llushr.o(.text)
    _ll_ushift_r                             0x08000541   Thumb Code     0  llushr.o(.text)
    __aeabi_lasr                             0x08000563   Thumb Code    38  llsshr.o(.text)
    _ll_sshift_r                             0x08000563   Thumb Code     0  llsshr.o(.text)
    __I$use$fp                               0x08000589   Thumb Code     0  iusefp.o(.text)
    _double_round                            0x08000589   Thumb Code    26  depilogue.o(.text)
    _double_epilogue                         0x080005a3   Thumb Code   164  depilogue.o(.text)
    __scatterload                            0x08000649   Thumb Code    28  init.o(.text)
    __scatterload_rt2                        0x08000649   Thumb Code     0  init.o(.text)
    ADC_Init                                 0x08000845   Thumb Code   174  adc.o(i.ADC_Init)
    ADS1115_GetADC                           0x08000901   Thumb Code    94  ads1115.o(i.ADS1115_GetADC)
    AmuxDisableAll                           0x0800095f   Thumb Code    10  elec_sw.o(i.AmuxDisableAll)
    AmuxEnableAll                            0x08000969   Thumb Code    10  elec_sw.o(i.AmuxEnableAll)
    CAT9555Init                              0x08000975   Thumb Code    44  cat9555.o(i.CAT9555Init)
    EXTI4_15_IRQHandler                      0x08000aa5   Thumb Code     8  stm32l0xx_it.o(i.EXTI4_15_IRQHandler)
    EXTI_Key_IRQHandle                       0x08000aad   Thumb Code    68  key.o(i.EXTI_Key_IRQHandle)
    Error_Handler                            0x08000b01   Thumb Code     2  main.o(i.Error_Handler)
    ExtAdcChannel1                           0x08000b03   Thumb Code    68  cat9555.o(i.ExtAdcChannel1)
    ExtAdcChannel2                           0x08000b47   Thumb Code    68  cat9555.o(i.ExtAdcChannel2)
    ExtPortOut                               0x08000b8d   Thumb Code    36  cat9555.o(i.ExtPortOut)
    GetADC16BitValue                         0x08000d35   Thumb Code    56  adc.o(i.GetADC16BitValue)
    HAL_ADCEx_Calibration_Start              0x08000d75   Thumb Code   184  stm32l0xx_hal_adc_ex.o(i.HAL_ADCEx_Calibration_Start)
    HAL_ADC_ConfigChannel                    0x08000e2d   Thumb Code   246  stm32l0xx_hal_adc.o(i.HAL_ADC_ConfigChannel)
    HAL_ADC_GetValue                         0x08000f35   Thumb Code     8  stm32l0xx_hal_adc.o(i.HAL_ADC_GetValue)
    HAL_ADC_Init                             0x08000f3d   Thumb Code   552  stm32l0xx_hal_adc.o(i.HAL_ADC_Init)
    HAL_ADC_MspInit                          0x08001171   Thumb Code    52  stm32l0xx_hal_msp.o(i.HAL_ADC_MspInit)
    HAL_ADC_PollForConversion                0x080011ad   Thumb Code   228  stm32l0xx_hal_adc.o(i.HAL_ADC_PollForConversion)
    HAL_ADC_Start                            0x08001291   Thumb Code   114  stm32l0xx_hal_adc.o(i.HAL_ADC_Start)
    HAL_ADC_Stop                             0x08001309   Thumb Code    80  stm32l0xx_hal_adc.o(i.HAL_ADC_Stop)
    HAL_GPIO_Init                            0x08001359   Thumb Code   472  stm32l0xx_hal_gpio.o(i.HAL_GPIO_Init)
    HAL_GPIO_WritePin                        0x08001551   Thumb Code    12  stm32l0xx_hal_gpio.o(i.HAL_GPIO_WritePin)
    HAL_GetTick                              0x0800155d   Thumb Code     6  stm32l0xx_hal.o(i.HAL_GetTick)
    HAL_IncTick                              0x08001569   Thumb Code    12  stm32l0xx_hal.o(i.HAL_IncTick)
    HAL_Init                                 0x08001579   Thumb Code    28  stm32l0xx_hal.o(i.HAL_Init)
    HAL_InitTick                             0x08001599   Thumb Code    36  stm32l0xx_hal.o(i.HAL_InitTick)
    HAL_MspInit                              0x080015c1   Thumb Code    58  stm32l0xx_hal_msp.o(i.HAL_MspInit)
    HAL_NVIC_EnableIRQ                       0x08001601   Thumb Code    18  stm32l0xx_hal_cortex.o(i.HAL_NVIC_EnableIRQ)
    HAL_NVIC_SetPriority                     0x08001619   Thumb Code    18  stm32l0xx_hal_cortex.o(i.HAL_NVIC_SetPriority)
    HAL_RCCEx_PeriphCLKConfig                0x0800162d   Thumb Code   534  stm32l0xx_hal_rcc_ex.o(i.HAL_RCCEx_PeriphCLKConfig)
    HAL_RCC_ClockConfig                      0x08001851   Thumb Code   482  stm32l0xx_hal_rcc.o(i.HAL_RCC_ClockConfig)
    HAL_RCC_GetHCLKFreq                      0x08001a49   Thumb Code     6  stm32l0xx_hal_rcc.o(i.HAL_RCC_GetHCLKFreq)
    HAL_RCC_GetPCLK1Freq                     0x08001a55   Thumb Code    26  stm32l0xx_hal_rcc.o(i.HAL_RCC_GetPCLK1Freq)
    HAL_RCC_GetPCLK2Freq                     0x08001a79   Thumb Code    26  stm32l0xx_hal_rcc.o(i.HAL_RCC_GetPCLK2Freq)
    HAL_RCC_GetSysClockFreq                  0x08001a9d   Thumb Code   214  stm32l0xx_hal_rcc.o(i.HAL_RCC_GetSysClockFreq)
    HAL_RCC_OscConfig                        0x08001b85   Thumb Code  1522  stm32l0xx_hal_rcc.o(i.HAL_RCC_OscConfig)
    HAL_SYSTICK_CLKSourceConfig              0x08002185   Thumb Code    32  stm32l0xx_hal_cortex.o(i.HAL_SYSTICK_CLKSourceConfig)
    HAL_SYSTICK_Callback                     0x080021a9   Thumb Code     2  stm32l0xx_hal_cortex.o(i.HAL_SYSTICK_Callback)
    HAL_SYSTICK_Config                       0x080021ad   Thumb Code    46  stm32l0xx_hal_cortex.o(i.HAL_SYSTICK_Config)
    HAL_SYSTICK_IRQHandler                   0x080021e5   Thumb Code     8  stm32l0xx_hal_cortex.o(i.HAL_SYSTICK_IRQHandler)
    HAL_TIMEx_MasterConfigSynchronization    0x080021ed   Thumb Code    98  stm32l0xx_hal_tim_ex.o(i.HAL_TIMEx_MasterConfigSynchronization)
    HAL_TIM_Base_Init                        0x0800224f   Thumb Code    56  stm32l0xx_hal_tim.o(i.HAL_TIM_Base_Init)
    HAL_TIM_Base_MspInit                     0x08002289   Thumb Code    42  stm32l0xx_hal_msp.o(i.HAL_TIM_Base_MspInit)
    HAL_TIM_Base_Start_IT                    0x080022bd   Thumb Code    30  stm32l0xx_hal_tim.o(i.HAL_TIM_Base_Start_IT)
    HAL_TIM_IC_CaptureCallback               0x080022db   Thumb Code     2  stm32l0xx_hal_tim.o(i.HAL_TIM_IC_CaptureCallback)
    HAL_TIM_IRQHandler                       0x080022dd   Thumb Code   380  stm32l0xx_hal_tim.o(i.HAL_TIM_IRQHandler)
    HAL_TIM_OC_DelayElapsedCallback          0x08002459   Thumb Code     2  stm32l0xx_hal_tim.o(i.HAL_TIM_OC_DelayElapsedCallback)
    HAL_TIM_PWM_ConfigChannel                0x0800245b   Thumb Code   274  stm32l0xx_hal_tim.o(i.HAL_TIM_PWM_ConfigChannel)
    HAL_TIM_PWM_Init                         0x0800256d   Thumb Code    56  stm32l0xx_hal_tim.o(i.HAL_TIM_PWM_Init)
    HAL_TIM_PWM_MspInit                      0x080025a5   Thumb Code    24  stm32l0xx_hal_msp.o(i.HAL_TIM_PWM_MspInit)
    HAL_TIM_PWM_PulseFinishedCallback        0x080025c1   Thumb Code     2  stm32l0xx_hal_tim.o(i.HAL_TIM_PWM_PulseFinishedCallback)
    HAL_TIM_PWM_Start                        0x080025c3   Thumb Code    32  stm32l0xx_hal_tim.o(i.HAL_TIM_PWM_Start)
    HAL_TIM_PeriodElapsedCallback            0x080025e5   Thumb Code    92  main.o(i.HAL_TIM_PeriodElapsedCallback)
    HAL_TIM_TriggerCallback                  0x0800265d   Thumb Code     2  stm32l0xx_hal_tim.o(i.HAL_TIM_TriggerCallback)
    HAL_UART_Init                            0x0800265f   Thumb Code   124  stm32l0xx_hal_uart.o(i.HAL_UART_Init)
    HAL_UART_MspInit                         0x080026dd   Thumb Code   118  stm32l0xx_hal_msp.o(i.HAL_UART_MspInit)
    HAL_UART_Transmit                        0x08002761   Thumb Code   198  stm32l0xx_hal_uart.o(i.HAL_UART_Transmit)
    HAL_WWDG_Init                            0x08002827   Thumb Code   100  stm32l0xx_hal_wwdg.o(i.HAL_WWDG_Init)
    HAL_WWDG_MspInit                         0x0800288d   Thumb Code    22  stm32l0xx_hal_msp.o(i.HAL_WWDG_MspInit)
    HardFault_Handler                        0x080028ad   Thumb Code     4  stm32l0xx_it.o(i.HardFault_Handler)
    I2C_Delay                                0x080028b1   Thumb Code    14  gpio_i2c.o(i.I2C_Delay)
    I2C_Init                                 0x080028c1   Thumb Code   108  gpio_i2c.o(i.I2C_Init)
    I2C_RcvDat                               0x08002931   Thumb Code    90  gpio_i2c.o(i.I2C_RcvDat)
    I2C_ReadData                             0x08002991   Thumb Code    86  gpio_i2c.o(i.I2C_ReadData)
    I2C_ReceiveBytes                         0x080029e7   Thumb Code    42  gpio_i2c.o(i.I2C_ReceiveBytes)
    I2C_SendAck                              0x08002a11   Thumb Code    24  gpio_i2c.o(i.I2C_SendAck)
    I2C_SendByte                             0x08002a29   Thumb Code    60  gpio_i2c.o(i.I2C_SendByte)
    I2C_SendNoAck                            0x08002a65   Thumb Code    24  gpio_i2c.o(i.I2C_SendNoAck)
    I2C_Start                                0x08002a7d   Thumb Code    32  gpio_i2c.o(i.I2C_Start)
    I2C_Stop                                 0x08002a9d   Thumb Code    32  gpio_i2c.o(i.I2C_Stop)
    I2C_WaitAck                              0x08002abd   Thumb Code    68  gpio_i2c.o(i.I2C_WaitAck)
    I2C_WriteData                            0x08002b05   Thumb Code    82  gpio_i2c.o(i.I2C_WriteData)
    KeyInit                                  0x08002b59   Thumb Code    46  key.o(i.KeyInit)
    KeyProcess                               0x08002b91   Thumb Code   170  key.o(i.KeyProcess)
    MeasuringSwitch                          0x08002c59   Thumb Code    12  elec_sw.o(i.MeasuringSwitch)
    ModeSmooothProcess                       0x08002c65   Thumb Code   232  key.o(i.ModeSmooothProcess)
    NMI_Handler                              0x08002d5d   Thumb Code     2  stm32l0xx_it.o(i.NMI_Handler)
    PWM_TIM2_Init                            0x08002dd9   Thumb Code   174  pwm_tim2.o(i.PWM_TIM2_Init)
    PendSV_Handler                           0x08002e8d   Thumb Code     2  stm32l0xx_it.o(i.PendSV_Handler)
    PowerOff                                 0x08002e8f   Thumb Code    20  main.o(i.PowerOff)
    PowerOn                                  0x08002ea3   Thumb Code    18  main.o(i.PowerOn)
    ResCalc                                  0x08002eb5   Thumb Code   106  test_seq.o(i.ResCalc)
    ResistanceEnable                         0x08002f1f   Thumb Code    62  elec_sw.o(i.ResistanceEnable)
    SCL_0                                    0x08002f5d   Thumb Code    10  gpio_i2c.o(i.SCL_0)
    SCL_1                                    0x08002f6d   Thumb Code    10  gpio_i2c.o(i.SCL_1)
    SDA_0                                    0x08002f7d   Thumb Code    10  gpio_i2c.o(i.SDA_0)
    SDA_1                                    0x08002f8d   Thumb Code    10  gpio_i2c.o(i.SDA_1)
    SDA_DATA                                 0x08002f9d   Thumb Code    22  gpio_i2c.o(i.SDA_DATA)
    SVC_Handler                              0x0800302d   Thumb Code     2  stm32l0xx_it.o(i.SVC_Handler)
    SetB_Value                               0x08003031   Thumb Code    10  pwm_tim2.o(i.SetB_Value)
    SetG_Value                               0x08003041   Thumb Code    12  pwm_tim2.o(i.SetG_Value)
    SetRGB                                   0x0800304d   Thumb Code    30  key.o(i.SetRGB)
    SetR_Value                               0x08003071   Thumb Code    12  pwm_tim2.o(i.SetR_Value)
    ShortEnableSet                           0x0800307d   Thumb Code    24  short_test.o(i.ShortEnableSet)
    ShortForceSet                            0x08003095   Thumb Code    66  short_test.o(i.ShortForceSet)
    ShortInit                                0x080030d9   Thumb Code    40  short_test.o(i.ShortInit)
    ShortSenseSet                            0x08003109   Thumb Code    78  short_test.o(i.ShortSenseSet)
    ShortTestFunc                            0x08003161   Thumb Code    74  short_test.o(i.ShortTestFunc)
    SysTick_Handler                          0x080031d9   Thumb Code    12  stm32l0xx_it.o(i.SysTick_Handler)
    SystemClock_Config                       0x080031e5   Thumb Code   144  main.o(i.SystemClock_Config)
    SystemInit                               0x08003279   Thumb Code    88  system_stm32l0xx.o(i.SystemInit)
    TIM6_IRQHandler                          0x080032e1   Thumb Code    10  stm32l0xx_it.o(i.TIM6_IRQHandler)
    TimerProcess_1ms                         0x08003511   Thumb Code    16  main.o(i.TimerProcess_1ms)
    TimerProcess_1s                          0x08003525   Thumb Code    24  main.o(i.TimerProcess_1s)
    U1_1_Channel                             0x08003541   Thumb Code   248  cat9555.o(i.U1_1_Channel)
    U1_2_Channel                             0x0800363d   Thumb Code   248  cat9555.o(i.U1_2_Channel)
    U2_1_Channel                             0x08003739   Thumb Code   342  cat9555.o(i.U2_1_Channel)
    U2_2_Channel                             0x08003895   Thumb Code   374  cat9555.o(i.U2_2_Channel)
    U3_1_Channel                             0x08003a11   Thumb Code   150  elec_sw.o(i.U3_1_Channel)
    U3_3_Channel                             0x08003aad   Thumb Code   150  elec_sw.o(i.U3_3_Channel)
    U4_1_Channel                             0x08003b49   Thumb Code   116  elec_sw.o(i.U4_1_Channel)
    U4_2_Channel                             0x08003bc1   Thumb Code   128  elec_sw.o(i.U4_2_Channel)
    U5_1_Channel                             0x08003c49   Thumb Code   166  elec_sw.o(i.U5_1_Channel)
    UART_AdvFeatureConfig                    0x08003cf5   Thumb Code   240  stm32l0xx_hal_uart.o(i.UART_AdvFeatureConfig)
    UART_CheckIdleState                      0x08003de5   Thumb Code    96  stm32l0xx_hal_uart.o(i.UART_CheckIdleState)
    UART_SetConfig                           0x08003e49   Thumb Code  1220  stm32l0xx_hal_uart.o(i.UART_SetConfig)
    UART_WaitOnFlagUntilTimeout              0x08004319   Thumb Code   264  stm32l0xx_hal_uart.o(i.UART_WaitOnFlagUntilTimeout)
    USART_Init                               0x08004421   Thumb Code    50  usart.o(i.USART_Init)
    USART_printf                             0x0800445d   Thumb Code   158  usart.o(i.USART_printf)
    VoltageEnable                            0x08004505   Thumb Code    62  elec_sw.o(i.VoltageEnable)
    __ARM_clz                                0x08004571   Thumb Code    46  depilogue.o(i.__ARM_clz)
    __ARM_common_switch8                     0x0800459f   Thumb Code    28  stm32l0xx_hal_tim.o(i.__ARM_common_switch8)
    __scatterload_copy                       0x080045bb   Thumb Code    14  handlers.o(i.__scatterload_copy)
    __scatterload_null                       0x080045c9   Thumb Code     2  handlers.o(i.__scatterload_null)
    __scatterload_zeroinit                   0x080045cb   Thumb Code    14  handlers.o(i.__scatterload_zeroinit)
    delay_1ms                                0x080045d9   Thumb Code    36  delay.o(i.delay_1ms)
    delay_ms                                 0x08004601   Thumb Code    20  delay.o(i.delay_ms)
    itoa                                     0x08004615   Thumb Code   110  usart.o(i.itoa)
    itoh                                     0x08004683   Thumb Code    80  usart.o(i.itoh)
    main                                     0x080046d5   Thumb Code   112  main.o(i.main)
    AHBPrescTable                            0x08004758   Data          16  system_stm32l0xx.o(.constdata)
    APBPrescTable                            0x08004768   Data           8  system_stm32l0xx.o(.constdata)
    PLLMulTable                              0x08004770   Data           9  system_stm32l0xx.o(.constdata)
    Region$$Table$$Base                      0x0800477c   Number         0  anon$$obj.o(Region$$Table)
    Region$$Table$$Limit                     0x0800479c   Number         0  anon$$obj.o(Region$$Table)
    SystemCoreClock                          0x20000000   Data           4  system_stm32l0xx.o(.data)
    uwTick                                   0x20000004   Data           4  stm32l0xx_hal.o(.data)
    TimeFlag_1ms                             0x20000008   Data           1  main.o(.data)
    TimeFlag_10ms                            0x20000009   Data           1  main.o(.data)
    TimeFlag_1s                              0x2000000a   Data           1  main.o(.data)
    UserPWM                                  0x20000014   Data          16  pwm_tim2.o(.data)
    KeyValue                                 0x20000024   Data           1  key.o(.data)
    Key1DownFlag                             0x20000025   Data           1  key.o(.data)
    Key1DownCount                            0x20000026   Data           2  key.o(.data)
    KeyDemoOnOff                             0x20000028   Data           1  key.o(.data)
    KeyDown2SFlag                            0x20000029   Data           1  key.o(.data)
    SmoothState                              0x2000002a   Data           1  key.o(.data)
    SmoothRgb                                0x2000002b   Data           3  key.o(.data)
    SmoothCount                              0x2000002e   Data           1  key.o(.data)
    SmoothDelay                              0x20000030   Data           4  key.o(.data)
    UserI2c1                                 0x20000034   Data          12  gpio_i2c.o(.data)
    UserAdc                                  0x20000040   Data           8  adc.o(.data)
    UserExtPort                              0x2000004c   Data          16  cat9555.o(.data)
    Short_TestCycle                          0x2000005c   Data          20  short_test.o(.data)
    hspi2                                    0x20000074   Data          88  main.o(.bss)
    htim6                                    0x200000cc   Data          56  main.o(.bss)
    hwwdg                                    0x20000104   Data          20  main.o(.bss)
    UartHandle                               0x20000178   Data         112  usart.o(.bss)
    UartTxBuffer                             0x200001e8   Data         256  usart.o(.bss)
    __initial_sp                             0x200006e8   Data           0  startup_stm32l071xx.o(STACK)



==============================================================================

Memory Map of the image

  Image Entry point : 0x080000c1

  Load Region LR_IROM1 (Base: 0x08000000, Size: 0x00004810, Max: 0x00020000, ABSOLUTE)

    Execution Region ER_IROM1 (Base: 0x08000000, Size: 0x0000479c, Max: 0x00020000, ABSOLUTE)

    Base Addr    Size         Type   Attr      Idx    E Section Name        Object

    0x08000000   0x000000c0   Data   RO         3459    RESET               startup_stm32l071xx.o
    0x080000c0   0x00000000   Code   RO         4608  * .ARM.Collect$$$$00000000  mc_p.l(entry.o)
    0x080000c0   0x00000004   Code   RO         4627    .ARM.Collect$$$$00000001  mc_p.l(entry2.o)
    0x080000c4   0x00000004   Code   RO         4630    .ARM.Collect$$$$00000004  mc_p.l(entry5.o)
    0x080000c8   0x00000000   Code   RO         4632    .ARM.Collect$$$$00000008  mc_p.l(entry7b.o)
    0x080000c8   0x00000000   Code   RO         4634    .ARM.Collect$$$$0000000A  mc_p.l(entry8b.o)
    0x080000c8   0x00000008   Code   RO         4635    .ARM.Collect$$$$0000000B  mc_p.l(entry9a.o)
    0x080000d0   0x00000000   Code   RO         4637    .ARM.Collect$$$$0000000D  mc_p.l(entry10a.o)
    0x080000d0   0x00000000   Code   RO         4639    .ARM.Collect$$$$0000000F  mc_p.l(entry11a.o)
    0x080000d0   0x00000004   Code   RO         4628    .ARM.Collect$$$$00002712  mc_p.l(entry2.o)
    0x080000d4   0x0000001c   Code   RO         3460    .text               startup_stm32l071xx.o
    0x080000f0   0x0000002c   Code   RO         4611    .text               mc_p.l(uidiv.o)
    0x0800011c   0x00000028   Code   RO         4613    .text               mc_p.l(idiv.o)
    0x08000144   0x00000060   Code   RO         4615    .text               mc_p.l(uldiv.o)
    0x080001a4   0x00000164   Code   RO         4617    .text               mf_p.l(dadd.o)
    0x08000308   0x000000d0   Code   RO         4619    .text               mf_p.l(dmul.o)
    0x080003d8   0x000000f0   Code   RO         4621    .text               mf_p.l(ddiv.o)
    0x080004c8   0x0000001c   Code   RO         4623    .text               mf_p.l(dfltul.o)
    0x080004e4   0x0000003c   Code   RO         4625    .text               mf_p.l(dfixui.o)
    0x08000520   0x00000020   Code   RO         4641    .text               mc_p.l(llshl.o)
    0x08000540   0x00000022   Code   RO         4643    .text               mc_p.l(llushr.o)
    0x08000562   0x00000026   Code   RO         4645    .text               mc_p.l(llsshr.o)
    0x08000588   0x00000000   Code   RO         4647    .text               mc_p.l(iusefp.o)
    0x08000588   0x000000be   Code   RO         4648    .text               mf_p.l(depilogue.o)
    0x08000646   0x00000002   PAD
    0x08000648   0x00000024   Code   RO         4652    .text               mc_p.l(init.o)
    0x0800066c   0x0000006c   Code   RO         3078    i.ADC_ConversionStop  stm32l0xx_hal_adc.o
    0x080006d8   0x0000002c   Code   RO         3082    i.ADC_DelayMicroSecond  stm32l0xx_hal_adc.o
    0x08000704   0x0000009c   Code   RO         3083    i.ADC_Disable       stm32l0xx_hal_adc.o
    0x080007a0   0x000000a4   Code   RO         3084    i.ADC_Enable        stm32l0xx_hal_adc.o
    0x08000844   0x000000bc   Code   RO         4141    i.ADC_Init          adc.o
    0x08000900   0x0000005e   Code   RO         4219    i.ADS1115_GetADC    ads1115.o
    0x0800095e   0x0000000a   Code   RO         4233    i.AmuxDisableAll    elec_sw.o
    0x08000968   0x0000000a   Code   RO         4234    i.AmuxEnableAll     elec_sw.o
    0x08000972   0x00000002   PAD
    0x08000974   0x00000030   Code   RO         4305    i.CAT9555Init       cat9555.o
    0x080009a4   0x00000100   Code   RO         4415    i.DividerResVal     test_seq.o
    0x08000aa4   0x00000008   Code   RO         3710    i.EXTI4_15_IRQHandler  stm32l0xx_it.o
    0x08000aac   0x00000054   Code   RO         3968    i.EXTI_Key_IRQHandle  key.o
    0x08000b00   0x00000002   Code   RO         3466    i.Error_Handler     main.o
    0x08000b02   0x00000044   Code   RO         4306    i.ExtAdcChannel1    cat9555.o
    0x08000b46   0x00000044   Code   RO         4307    i.ExtAdcChannel2    cat9555.o
    0x08000b8a   0x00000002   PAD
    0x08000b8c   0x00000028   Code   RO         4308    i.ExtPortOut        cat9555.o
    0x08000bb4   0x00000180   Code   RO         3467    i.GPIO_Init         main.o
    0x08000d34   0x00000040   Code   RO         4143    i.GetADC16BitValue  adc.o
    0x08000d74   0x000000b8   Code   RO          650    i.HAL_ADCEx_Calibration_Start  stm32l0xx_hal_adc_ex.o
    0x08000e2c   0x00000108   Code   RO         3086    i.HAL_ADC_ConfigChannel  stm32l0xx_hal_adc.o
    0x08000f34   0x00000008   Code   RO         3093    i.HAL_ADC_GetValue  stm32l0xx_hal_adc.o
    0x08000f3c   0x00000234   Code   RO         3095    i.HAL_ADC_Init      stm32l0xx_hal_adc.o
    0x08001170   0x0000003c   Code   RO         3607    i.HAL_ADC_MspInit   stm32l0xx_hal_msp.o
    0x080011ac   0x000000e4   Code   RO         3099    i.HAL_ADC_PollForConversion  stm32l0xx_hal_adc.o
    0x08001290   0x00000078   Code   RO         3101    i.HAL_ADC_Start     stm32l0xx_hal_adc.o
    0x08001308   0x00000050   Code   RO         3104    i.HAL_ADC_Stop      stm32l0xx_hal_adc.o
    0x08001358   0x000001f8   Code   RO          516    i.HAL_GPIO_Init     stm32l0xx_hal_gpio.o
    0x08001550   0x0000000c   Code   RO          520    i.HAL_GPIO_WritePin  stm32l0xx_hal_gpio.o
    0x0800155c   0x0000000c   Code   RO         2685    i.HAL_GetTick       stm32l0xx_hal.o
    0x08001568   0x00000010   Code   RO         2686    i.HAL_IncTick       stm32l0xx_hal.o
    0x08001578   0x00000020   Code   RO         2687    i.HAL_Init          stm32l0xx_hal.o
    0x08001598   0x00000028   Code   RO         2688    i.HAL_InitTick      stm32l0xx_hal.o
    0x080015c0   0x00000040   Code   RO         3608    i.HAL_MspInit       stm32l0xx_hal_msp.o
    0x08001600   0x00000018   Code   RO          707    i.HAL_NVIC_EnableIRQ  stm32l0xx_hal_cortex.o
    0x08001618   0x00000012   Code   RO          711    i.HAL_NVIC_SetPriority  stm32l0xx_hal_cortex.o
    0x0800162a   0x00000002   PAD
    0x0800162c   0x00000224   Code   RO          156    i.HAL_RCCEx_PeriphCLKConfig  stm32l0xx_hal_rcc_ex.o
    0x08001850   0x000001f8   Code   RO         3260    i.HAL_RCC_ClockConfig  stm32l0xx_hal_rcc.o
    0x08001a48   0x0000000c   Code   RO         3264    i.HAL_RCC_GetHCLKFreq  stm32l0xx_hal_rcc.o
    0x08001a54   0x00000024   Code   RO         3266    i.HAL_RCC_GetPCLK1Freq  stm32l0xx_hal_rcc.o
    0x08001a78   0x00000024   Code   RO         3267    i.HAL_RCC_GetPCLK2Freq  stm32l0xx_hal_rcc.o
    0x08001a9c   0x000000e8   Code   RO         3268    i.HAL_RCC_GetSysClockFreq  stm32l0xx_hal_rcc.o
    0x08001b84   0x00000600   Code   RO         3271    i.HAL_RCC_OscConfig  stm32l0xx_hal_rcc.o
    0x08002184   0x00000024   Code   RO          713    i.HAL_SYSTICK_CLKSourceConfig  stm32l0xx_hal_cortex.o
    0x080021a8   0x00000002   Code   RO          714    i.HAL_SYSTICK_Callback  stm32l0xx_hal_cortex.o
    0x080021aa   0x00000002   PAD
    0x080021ac   0x00000038   Code   RO          715    i.HAL_SYSTICK_Config  stm32l0xx_hal_cortex.o
    0x080021e4   0x00000008   Code   RO          716    i.HAL_SYSTICK_IRQHandler  stm32l0xx_hal_cortex.o
    0x080021ec   0x00000062   Code   RO         2839    i.HAL_TIMEx_MasterConfigSynchronization  stm32l0xx_hal_tim_ex.o
    0x0800224e   0x00000038   Code   RO         1313    i.HAL_TIM_Base_Init  stm32l0xx_hal_tim.o
    0x08002286   0x00000002   PAD
    0x08002288   0x00000034   Code   RO         3614    i.HAL_TIM_Base_MspInit  stm32l0xx_hal_msp.o
    0x080022bc   0x0000001e   Code   RO         1318    i.HAL_TIM_Base_Start_IT  stm32l0xx_hal_tim.o
    0x080022da   0x00000002   Code   RO         1342    i.HAL_TIM_IC_CaptureCallback  stm32l0xx_hal_tim.o
    0x080022dc   0x0000017c   Code   RO         1355    i.HAL_TIM_IRQHandler  stm32l0xx_hal_tim.o
    0x08002458   0x00000002   Code   RO         1358    i.HAL_TIM_OC_DelayElapsedCallback  stm32l0xx_hal_tim.o
    0x0800245a   0x00000112   Code   RO         1379    i.HAL_TIM_PWM_ConfigChannel  stm32l0xx_hal_tim.o
    0x0800256c   0x00000038   Code   RO         1382    i.HAL_TIM_PWM_Init  stm32l0xx_hal_tim.o
    0x080025a4   0x0000001c   Code   RO         3616    i.HAL_TIM_PWM_MspInit  stm32l0xx_hal_msp.o
    0x080025c0   0x00000002   Code   RO         1385    i.HAL_TIM_PWM_PulseFinishedCallback  stm32l0xx_hal_tim.o
    0x080025c2   0x00000020   Code   RO         1386    i.HAL_TIM_PWM_Start  stm32l0xx_hal_tim.o
    0x080025e2   0x00000002   PAD
    0x080025e4   0x00000078   Code   RO         3468    i.HAL_TIM_PeriodElapsedCallback  main.o
    0x0800265c   0x00000002   Code   RO         1396    i.HAL_TIM_TriggerCallback  stm32l0xx_hal_tim.o
    0x0800265e   0x0000007c   Code   RO         2196    i.HAL_UART_Init     stm32l0xx_hal_uart.o
    0x080026da   0x00000002   PAD
    0x080026dc   0x00000084   Code   RO         3618    i.HAL_UART_MspInit  stm32l0xx_hal_msp.o
    0x08002760   0x000000c6   Code   RO         2204    i.HAL_UART_Transmit  stm32l0xx_hal_uart.o
    0x08002826   0x00000064   Code   RO          442    i.HAL_WWDG_Init     stm32l0xx_hal_wwdg.o
    0x0800288a   0x00000002   PAD
    0x0800288c   0x00000020   Code   RO         3620    i.HAL_WWDG_MspInit  stm32l0xx_hal_msp.o
    0x080028ac   0x00000004   Code   RO         3711    i.HardFault_Handler  stm32l0xx_it.o
    0x080028b0   0x0000000e   Code   RO         4019    i.I2C_Delay         gpio_i2c.o
    0x080028be   0x00000002   PAD
    0x080028c0   0x00000070   Code   RO         4020    i.I2C_Init          gpio_i2c.o
    0x08002930   0x00000060   Code   RO         4021    i.I2C_RcvDat        gpio_i2c.o
    0x08002990   0x00000056   Code   RO         4022    i.I2C_ReadData      gpio_i2c.o
    0x080029e6   0x0000002a   Code   RO         4023    i.I2C_ReceiveBytes  gpio_i2c.o
    0x08002a10   0x00000018   Code   RO         4024    i.I2C_SendAck       gpio_i2c.o
    0x08002a28   0x0000003c   Code   RO         4025    i.I2C_SendByte      gpio_i2c.o
    0x08002a64   0x00000018   Code   RO         4026    i.I2C_SendNoAck     gpio_i2c.o
    0x08002a7c   0x00000020   Code   RO         4027    i.I2C_Start         gpio_i2c.o
    0x08002a9c   0x00000020   Code   RO         4028    i.I2C_Stop          gpio_i2c.o
    0x08002abc   0x00000048   Code   RO         4029    i.I2C_WaitAck       gpio_i2c.o
    0x08002b04   0x00000052   Code   RO         4030    i.I2C_WriteData     gpio_i2c.o
    0x08002b56   0x00000002   PAD
    0x08002b58   0x00000038   Code   RO         3969    i.KeyInit           key.o
    0x08002b90   0x000000c8   Code   RO         3970    i.KeyProcess        key.o
    0x08002c58   0x0000000c   Code   RO         4235    i.MeasuringSwitch   elec_sw.o
    0x08002c64   0x000000f8   Code   RO         3971    i.ModeSmooothProcess  key.o
    0x08002d5c   0x00000002   Code   RO         3712    i.NMI_Handler       stm32l0xx_it.o
    0x08002d5e   0x00000002   PAD
    0x08002d60   0x00000078   Code   RO          717    i.NVIC_SetPriority  stm32l0xx_hal_cortex.o
    0x08002dd8   0x000000b4   Code   RO         3924    i.PWM_TIM2_Init     pwm_tim2.o
    0x08002e8c   0x00000002   Code   RO         3713    i.PendSV_Handler    stm32l0xx_it.o
    0x08002e8e   0x00000014   Code   RO         3469    i.PowerOff          main.o
    0x08002ea2   0x00000012   Code   RO         3470    i.PowerOn           main.o
    0x08002eb4   0x0000006a   Code   RO         4416    i.ResCalc           test_seq.o
    0x08002f1e   0x0000003e   Code   RO         4236    i.ResistanceEnable  elec_sw.o
    0x08002f5c   0x00000010   Code   RO         4031    i.SCL_0             gpio_i2c.o
    0x08002f6c   0x00000010   Code   RO         4032    i.SCL_1             gpio_i2c.o
    0x08002f7c   0x00000010   Code   RO         4033    i.SDA_0             gpio_i2c.o
    0x08002f8c   0x00000010   Code   RO         4034    i.SDA_1             gpio_i2c.o
    0x08002f9c   0x0000001c   Code   RO         4035    i.SDA_DATA          gpio_i2c.o
    0x08002fb8   0x00000074   Code   RO         4417    i.SRCResVal         test_seq.o
    0x0800302c   0x00000002   Code   RO         3714    i.SVC_Handler       stm32l0xx_it.o
    0x0800302e   0x00000002   PAD
    0x08003030   0x00000010   Code   RO         3925    i.SetB_Value        pwm_tim2.o
    0x08003040   0x0000000c   Code   RO         3926    i.SetG_Value        pwm_tim2.o
    0x0800304c   0x00000024   Code   RO         3972    i.SetRGB            key.o
    0x08003070   0x0000000c   Code   RO         3927    i.SetR_Value        pwm_tim2.o
    0x0800307c   0x00000018   Code   RO         4445    i.ShortEnableSet    short_test.o
    0x08003094   0x00000042   Code   RO         4446    i.ShortForceSet     short_test.o
    0x080030d6   0x00000002   PAD
    0x080030d8   0x00000030   Code   RO         4447    i.ShortInit         short_test.o
    0x08003108   0x00000058   Code   RO         4448    i.ShortSenseSet     short_test.o
    0x08003160   0x00000078   Code   RO         4449    i.ShortTestFunc     short_test.o
    0x080031d8   0x0000000c   Code   RO         3715    i.SysTick_Handler   stm32l0xx_it.o
    0x080031e4   0x00000094   Code   RO         3472    i.SystemClock_Config  main.o
    0x08003278   0x00000068   Code   RO            4    i.SystemInit        system_stm32l0xx.o
    0x080032e0   0x00000010   Code   RO         3716    i.TIM6_IRQHandler   stm32l0xx_it.o
    0x080032f0   0x00000064   Code   RO         3473    i.TIM6_Init_100us   main.o
    0x08003354   0x00000084   Code   RO         1397    i.TIM_Base_SetConfig  stm32l0xx_hal_tim.o
    0x080033d8   0x0000001c   Code   RO         1398    i.TIM_CCxChannelCmd  stm32l0xx_hal_tim.o
    0x080033f4   0x0000003e   Code   RO         1406    i.TIM_OC1_SetConfig  stm32l0xx_hal_tim.o
    0x08003432   0x0000004a   Code   RO         1407    i.TIM_OC2_SetConfig  stm32l0xx_hal_tim.o
    0x0800347c   0x00000044   Code   RO         1408    i.TIM_OC3_SetConfig  stm32l0xx_hal_tim.o
    0x080034c0   0x0000004e   Code   RO         1409    i.TIM_OC4_SetConfig  stm32l0xx_hal_tim.o
    0x0800350e   0x00000002   PAD
    0x08003510   0x00000014   Code   RO         3475    i.TimerProcess_1ms  main.o
    0x08003524   0x0000001c   Code   RO         3476    i.TimerProcess_1s   main.o
    0x08003540   0x000000fc   Code   RO         4309    i.U1_1_Channel      cat9555.o
    0x0800363c   0x000000fc   Code   RO         4310    i.U1_2_Channel      cat9555.o
    0x08003738   0x0000015c   Code   RO         4311    i.U2_1_Channel      cat9555.o
    0x08003894   0x0000017c   Code   RO         4312    i.U2_2_Channel      cat9555.o
    0x08003a10   0x0000009c   Code   RO         4237    i.U3_1_Channel      elec_sw.o
    0x08003aac   0x0000009c   Code   RO         4238    i.U3_3_Channel      elec_sw.o
    0x08003b48   0x00000078   Code   RO         4239    i.U4_1_Channel      elec_sw.o
    0x08003bc0   0x00000088   Code   RO         4240    i.U4_2_Channel      elec_sw.o
    0x08003c48   0x000000ac   Code   RO         4241    i.U5_1_Channel      elec_sw.o
    0x08003cf4   0x000000f0   Code   RO         2209    i.UART_AdvFeatureConfig  stm32l0xx_hal_uart.o
    0x08003de4   0x00000064   Code   RO         2210    i.UART_CheckIdleState  stm32l0xx_hal_uart.o
    0x08003e48   0x000004d0   Code   RO         2218    i.UART_SetConfig    stm32l0xx_hal_uart.o
    0x08004318   0x00000108   Code   RO         2220    i.UART_WaitOnFlagUntilTimeout  stm32l0xx_hal_uart.o
    0x08004420   0x0000003c   Code   RO         4367    i.USART_Init        usart.o
    0x0800445c   0x000000a8   Code   RO         4368    i.USART_printf      usart.o
    0x08004504   0x0000003e   Code   RO         4242    i.VoltageEnable     elec_sw.o
    0x08004542   0x00000002   PAD
    0x08004544   0x0000002c   Code   RO         3477    i.WWDG_Init         main.o
    0x08004570   0x0000002e   Code   RO         4650    i.__ARM_clz         mf_p.l(depilogue.o)
    0x0800459e   0x0000001c   Code   RO         1939    i.__ARM_common_switch8  stm32l0xx_hal_tim.o
    0x080045ba   0x0000000e   Code   RO         4656    i.__scatterload_copy  mc_p.l(handlers.o)
    0x080045c8   0x00000002   Code   RO         4657    i.__scatterload_null  mc_p.l(handlers.o)
    0x080045ca   0x0000000e   Code   RO         4658    i.__scatterload_zeroinit  mc_p.l(handlers.o)
    0x080045d8   0x00000028   Code   RO         3892    i.delay_1ms         delay.o
    0x08004600   0x00000014   Code   RO         3893    i.delay_ms          delay.o
    0x08004614   0x0000006e   Code   RO         4369    i.itoa              usart.o
    0x08004682   0x00000050   Code   RO         4370    i.itoh              usart.o
    0x080046d2   0x00000002   PAD
    0x080046d4   0x00000084   Code   RO         3478    i.main              main.o
    0x08004758   0x00000021   Data   RO            5    .constdata          system_stm32l0xx.o
    0x08004779   0x00000003   PAD
    0x0800477c   0x00000020   Data   RO         4654    Region$$Table       anon$$obj.o


    Execution Region RW_IRAM1 (Base: 0x20000000, Size: 0x000006e8, Max: 0x00005000, ABSOLUTE)

    Base Addr    Size         Type   Attr      Idx    E Section Name        Object

    0x20000000   0x00000004   Data   RW            6    .data               system_stm32l0xx.o
    0x20000004   0x00000004   Data   RW         2697    .data               stm32l0xx_hal.o
    0x20000008   0x0000000a   Data   RW         3480    .data               main.o
    0x20000012   0x00000002   PAD
    0x20000014   0x00000010   Data   RW         3928    .data               pwm_tim2.o
    0x20000024   0x00000010   Data   RW         3973    .data               key.o
    0x20000034   0x0000000c   Data   RW         4036    .data               gpio_i2c.o
    0x20000040   0x00000008   Data   RW         4145    .data               adc.o
    0x20000048   0x00000014   Data   RW         4313    .data               cat9555.o
    0x2000005c   0x00000016   Data   RW         4450    .data               short_test.o
    0x20000072   0x00000002   PAD
    0x20000074   0x000000a4   Zero   RW         3479    .bss                main.o
    0x20000118   0x00000060   Zero   RW         4144    .bss                adc.o
    0x20000178   0x00000170   Zero   RW         4371    .bss                usart.o
    0x200002e8   0x00000400   Zero   RW         3457    STACK               startup_stm32l071xx.o


==============================================================================

Image component sizes


      Code (inc. data)   RO Data    RW Data    ZI Data      Debug   Object Name

       252         22          0          8         96       1808   adc.o
        94          0          0          0          0       1109   ads1115.o
      1456         64          0         20          0       7431   cat9555.o
        60          4          0          0          0        903   delay.o
       896         76          0          0          0       5073   elec_sw.o
       768         44          0         12          0       8694   gpio_i2c.o
       624         78          0         16          0       3313   key.o
      1016        118          0         10        164       7260   main.o
       220         12          0         16          0       2497   pwm_tim2.o
       346         64          0         22          0       3143   short_test.o
        28          8        192          0       1024        572   startup_stm32l071xx.o
       100         18          0          4          0       2915   stm32l0xx_hal.o
      1736         50          0          0          0       7405   stm32l0xx_hal_adc.o
       184          0          0          0          0       1354   stm32l0xx_hal_adc_ex.o
       264         30          0          0          0      12083   stm32l0xx_hal_cortex.o
       516         32          0          0          0       2188   stm32l0xx_hal_gpio.o
       368         52          0          0          0       3355   stm32l0xx_hal_msp.o
      2356         96          0          0          0       5836   stm32l0xx_hal_rcc.o
       548         14          0          0          0       1388   stm32l0xx_hal_rcc_ex.o
      1306         12          0          0          0      10245   stm32l0xx_hal_tim.o
        98          0          0          0          0       1060   stm32l0xx_hal_tim_ex.o
      2158         88          0          0          0       5405   stm32l0xx_hal_uart.o
       100          0          0          0          0        996   stm32l0xx_hal_wwdg.o
        46          6          0          0          0       2787   stm32l0xx_it.o
       104         16         33          4          0     353251   system_stm32l0xx.o
       478         38          0          0          0       2090   test_seq.o
       418         20          0          0        368       3596   usart.o

    ----------------------------------------------------------------------
     16572        962        260        116       1652     457757   Object Totals
         0          0         32          0          0          0   (incl. Generated)
        32          0          3          4          0          0   (incl. Padding)

    ----------------------------------------------------------------------

      Code (inc. data)   RO Data    RW Data    ZI Data      Debug   Library Member Name

         0          0          0          0          0          0   entry.o
         0          0          0          0          0          0   entry10a.o
         0          0          0          0          0          0   entry11a.o
         8          4          0          0          0          0   entry2.o
         4          0          0          0          0          0   entry5.o
         0          0          0          0          0          0   entry7b.o
         0          0          0          0          0          0   entry8b.o
         8          4          0          0          0          0   entry9a.o
        30          0          0          0          0          0   handlers.o
        40          0          0          0          0         72   idiv.o
        36          8          0          0          0         68   init.o
         0          0          0          0          0          0   iusefp.o
        32          0          0          0          0         68   llshl.o
        38          0          0          0          0         68   llsshr.o
        34          0          0          0          0         68   llushr.o
        44          0          0          0          0         72   uidiv.o
        96          0          0          0          0         84   uldiv.o
       356          4          0          0          0        140   dadd.o
       240          6          0          0          0         84   ddiv.o
       236          0          0          0          0        216   depilogue.o
        60         10          0          0          0         68   dfixui.o
        28          6          0          0          0         68   dfltul.o
       208          6          0          0          0         88   dmul.o

    ----------------------------------------------------------------------
      1500         48          0          0          0       1164   Library Totals
         2          0          0          0          0          0   (incl. Padding)

    ----------------------------------------------------------------------

      Code (inc. data)   RO Data    RW Data    ZI Data      Debug   Library Name

       370         16          0          0          0        500   mc_p.l
      1128         32          0          0          0        664   mf_p.l

    ----------------------------------------------------------------------
      1500         48          0          0          0       1164   Library Totals

    ----------------------------------------------------------------------

==============================================================================


      Code (inc. data)   RO Data    RW Data    ZI Data      Debug   

     18072       1010        260        116       1652     452473   Grand Totals
     18072       1010        260        116       1652     452473   ELF Image Totals
     18072       1010        260        116          0          0   ROM Totals

==============================================================================

    Total RO  Size (Code + RO Data)                18332 (  17.90kB)
    Total RW  Size (RW Data + ZI Data)              1768 (   1.73kB)
    Total ROM Size (Code + RO Data + RW Data)      18448 (  18.02kB)

==============================================================================

